ASxxxx Linker V03.00 + NoICE + sdld,  page 1.
Hexadecimal  [32-Bits]

Area                                    Addr        Size        Decimal Bytes (Attributes)
--------------------------------        ----        ----        ------- ----- ------------
CABS                                00000000    00000000 =           0. bytes (ABS,CON,CODE)

      Value  Global                              Global Defined In Module
      -----  --------------------------------   ------------------------
C:   00000000  l_BSEG                          
C:   00000000  l_BSEG_BYTES                    
C:   00000000  l_CABS                          
C:   00000000  l_GSINIT                        
C:   00000000  l_GSINIT1                       
C:   00000000  l_GSINIT5                       
C:   00000000  l_IABS                          
C:   00000000  l_ISEG                          
C:   00000000  l_PSEG                          
C:   00000000  l_REG_BANK_1                    
C:   00000000  l_REG_BANK_2                    
C:   00000000  l_REG_BANK_3                    
C:   00000000  l_RSEG                          
C:   00000000  l_RSEG0                         
C:   00000000  l_RSEG1                         
C:   00000000  l_XABS                          
C:   00000000  l_XINIT                         
C:   00000000  l_XISEG                         
C:   00000000  l__CODE                         
C:   00000000  s_BSEG                          
C:   00000000  s_CABS                          
C:   00000000  s_DSEG                          
C:   00000000  s_IABS                          
C:   00000000  s_ISEG                          
C:   00000000  s_REG_BANK_0                    
C:   00000000  s_RSEG                          
C:   00000000  s_RSEG0                         
C:   00000000  s_RSEG1                         
C:   00000000  s_XABS                          
C:   00000001  l_BIT_BANK                      
C:   00000001  l_OSEG                          
C:   00000003  l_GSFINAL                       
C:   00000003  l_GSINIT0                       
C:   00000008  l_REG_BANK_0                    
C:   00000008  s_REG_BANK_1                    
C:   0000000A  l_GSINIT2                       
C:   00000010  s_REG_BANK_2                    
C:   00000013  s_OSEG                          
C:   00000018  s_REG_BANK_3                    
C:   00000020  s_BIT_BANK                      
C:   00000020  s_BSEG_BYTES                    
C:   00000020  s__CODE                         
C:   00000021  s_SSEG                          
C:   00000022  l_CONST                         
C:   00000022  l_GSINIT3                       
C:   0000002A  l_GSINIT4                       
C:   00000039  l_HOME                          
C:   0000003B  l_XSEG                          
C:   00000074  l_DSEG                          
C:   000000DF  l_SSEG                          
ASxxxx Linker V03.00 + NoICE + sdld,  page 2.
Hexadecimal  [32-Bits]

Area                                    Addr        Size        Decimal Bytes (Attributes)
--------------------------------        ----        ----        ------- ----- ------------
CABS                                00000000    00000000 =           0. bytes (ABS,CON,CODE)

      Value  Global                              Global Defined In Module
      -----  --------------------------------   ------------------------
C:   00000100  l_IRAM                          
C:   00000400  s_PSEG                          
C:   00000400  s_XSEG                          
C:   0000043B  s_XISEG                         
C:   00000B9C  l_CSEG                          
C:   00005000  s_HOME                          
C:   00005039  s_GSINIT0                       
C:   0000503C  s_GSINIT1                       
C:   0000503C  s_GSINIT2                       
C:   00005046  s_GSINIT3                       
C:   00005068  s_GSINIT4                       
C:   00005092  s_GSFINAL                       
C:   00005092  s_GSINIT                        
C:   00005092  s_GSINIT5                       
C:   00005095  s_CSEG                          
C:   00005C31  s_CONST                         
C:   00005C53  s_XINIT                         

ASxxxx Linker V03.00 + NoICE + sdld,  page 3.
Hexadecimal  [32-Bits]

Area                                    Addr        Size        Decimal Bytes (Attributes)
--------------------------------        ----        ----        ------- ----- ------------
.  .ABS.                            00000000    00000000 =           0. bytes (ABS,CON)

      Value  Global                              Global Defined In Module
      -----  --------------------------------   ------------------------
     00000000  .__.ABS.                           _bp
     00000080  _P0                                watchdog
     00000080  _P0_0                              watchdog
     00000081  _P0_1                              watchdog
     00000081  _SP                                watchdog
     00000082  _DP0L                              watchdog
     00000082  _DPL                               watchdog
     00000082  _P0_2                              watchdog
     00000083  _DP0H                              watchdog
     00000083  _DPH                               watchdog
     00000083  _P0_3                              watchdog
     00000084  _P0_4                              watchdog
     00000085  _P0_5                              watchdog
     00000086  _P0_6                              watchdog
     00000087  _P0_7                              watchdog
     00000087  _PCON                              watchdog
     00000088  _IT0                               watchdog
     00000088  _TCON                              watchdog
     00000089  _IE0                               watchdog
     00000089  _TMOD                              watchdog
     0000008A  _IT1                               watchdog
     0000008A  _TL0                               watchdog
     0000008B  _IE1                               watchdog
     0000008B  _TL1                               watchdog
     0000008C  _TH0                               watchdog
     0000008C  _TR0                               watchdog
     0000008D  _TF0                               watchdog
     0000008D  _TH1                               watchdog
     0000008E  _AUXR                              watchdog
     0000008E  _TR1                               watchdog
     0000008F  _CKCON0                            watchdog
     0000008F  _TF1                               watchdog
     00000090  _P1                                watchdog
     00000090  _P1_0                              watchdog
     00000091  _P1_1                              watchdog
     00000092  _P1_2                              watchdog
     00000093  _P1_3                              watchdog
     00000094  _P1_4                              watchdog
     00000095  _P1_5                              watchdog
     00000096  _P1_6                              watchdog
     00000097  _CKRL                              watchdog
     00000097  _P1_7                              watchdog
     00000098  _RI                                watchdog
     00000098  _SCON                              watchdog
     00000099  _SBUF                              watchdog
     00000099  _SBUF0                             watchdog
     00000099  _TI                                watchdog
     0000009A  _BRL                               watchdog
     0000009A  _RB8                               watchdog
     0000009B  _BDRCON                            watchdog
ASxxxx Linker V03.00 + NoICE + sdld,  page 4.
Hexadecimal  [32-Bits]

Area                                    Addr        Size        Decimal Bytes (Attributes)
--------------------------------        ----        ----        ------- ----- ------------
.  .ABS.                            00000000    00000000 =           0. bytes (ABS,CON)

      Value  Global                              Global Defined In Module
      -----  --------------------------------   ------------------------
     0000009B  _TB8                               watchdog
     0000009C  _KBLS                              watchdog
     0000009C  _REN                               watchdog
     0000009D  _KBE                               watchdog
     0000009D  _SM2                               watchdog
     0000009E  _KBF                               watchdog
     0000009E  _SM1                               watchdog
     0000009F  _SM0                               watchdog
     000000A0  _P2                                watchdog
     000000A0  _P2_0                              watchdog
     000000A0  __XPAGE                            
     000000A1  _P2_1                              watchdog
     000000A2  _AUXR1                             watchdog
     000000A2  _P2_2                              watchdog
     000000A3  _P2_3                              watchdog
     000000A4  _P2_4                              watchdog
     000000A5  _P2_5                              watchdog
     000000A6  _P2_6                              watchdog
     000000A6  _WDTRST                            watchdog
     000000A7  _P2_7                              watchdog
     000000A7  _WDTPRG                            watchdog
     000000A8  _EX0                               watchdog
     000000A8  _IE                                watchdog
     000000A8  _IEN0                              watchdog
     000000A9  _ET0                               watchdog
     000000A9  _SADDR                             watchdog
     000000AA  _EX1                               watchdog
     000000AB  _ET1                               watchdog
     000000AC  _ES                                watchdog
     000000AD  _ET2                               watchdog
     000000AE  _EC                                watchdog
     000000AF  _CKCON1                            watchdog
     000000AF  _EA                                watchdog
     000000B0  _P3                                watchdog
     000000B0  _P3_0                              watchdog
     000000B0  _RXD                               watchdog
     000000B0  _RXD0                              watchdog
     000000B1  _IEN1                              watchdog
     000000B1  _P3_1                              watchdog
     000000B1  _TXD                               watchdog
     000000B1  _TXD0                              watchdog
     000000B2  _INT0                              watchdog
     000000B2  _IPL1                              watchdog
     000000B2  _P3_2                              watchdog
     000000B3  _INT1                              watchdog
     000000B3  _IPH1                              watchdog
     000000B3  _P3_3                              watchdog
     000000B4  _P3_4                              watchdog
     000000B4  _T0                                watchdog
     000000B5  _P3_5                              watchdog
     000000B5  _T1                                watchdog
ASxxxx Linker V03.00 + NoICE + sdld,  page 5.
Hexadecimal  [32-Bits]

Area                                    Addr        Size        Decimal Bytes (Attributes)
--------------------------------        ----        ----        ------- ----- ------------
.  .ABS.                            00000000    00000000 =           0. bytes (ABS,CON)

      Value  Global                              Global Defined In Module
      -----  --------------------------------   ------------------------
     000000B6  _P3_6                              watchdog
     000000B6  _WR                                watchdog
     000000B7  _IPH0                              watchdog
     000000B7  _P3_7                              watchdog
     000000B7  _RD                                watchdog
     000000B8  _IP                                watchdog
     000000B8  _IPL0                              watchdog
     000000B8  _PX0                               watchdog
     000000B8  _PX0L                              watchdog
     000000B9  _PT0                               watchdog
     000000B9  _PT0L                              watchdog
     000000B9  _SADEN                             watchdog
     000000BA  _PX1                               watchdog
     000000BA  _PX1L                              watchdog
     000000BB  _PT1                               watchdog
     000000BB  _PT1L                              watchdog
     000000BC  _PS                                watchdog
     000000BC  _PSL                               watchdog
     000000BD  _PT2                               watchdog
     000000BD  _PT2L                              watchdog
     000000BE  _PPCL                              watchdog
     000000C0  _P4                                watchdog
     000000C0  _P4_0                              watchdog
     000000C1  _P4_1                              watchdog
     000000C2  _P4_2                              watchdog
     000000C3  _P4_3                              watchdog
     000000C3  _SPCON                             watchdog
     000000C4  _P4_4                              watchdog
     000000C4  _SPSTA                             watchdog
     000000C5  _P4_5                              watchdog
     000000C5  _SPDAT                             watchdog
     000000C6  _P4_6                              watchdog
     000000C7  _P4_7                              watchdog
     000000C8  _CP_RL2                            watchdog
     000000C8  _T2CON                             watchdog
     000000C8  _T2CON_0                           watchdog
     000000C9  _C_T2                              watchdog
     000000C9  _T2CON_1                           watchdog
     000000C9  _T2MOD                             watchdog
     000000CA  _RCAP2L                            watchdog
     000000CA  _T2CON_2                           watchdog
     000000CA  _TR2                               watchdog
     000000CB  _EXEN2                             watchdog
     000000CB  _RCAP2H                            watchdog
     000000CB  _T2CON_3                           watchdog
     000000CC  _T2CON_4                           watchdog
     000000CC  _TCLK                              watchdog
     000000CC  _TL2                               watchdog
     000000CD  _RCLK                              watchdog
     000000CD  _T2CON_5                           watchdog
     000000CD  _TH2                               watchdog
ASxxxx Linker V03.00 + NoICE + sdld,  page 6.
Hexadecimal  [32-Bits]

Area                                    Addr        Size        Decimal Bytes (Attributes)
--------------------------------        ----        ----        ------- ----- ------------
.  .ABS.                            00000000    00000000 =           0. bytes (ABS,CON)

      Value  Global                              Global Defined In Module
      -----  --------------------------------   ------------------------
     000000CE  _EXF2                              watchdog
     000000CE  _T2CON_6                           watchdog
     000000CF  _T2CON_7                           watchdog
     000000CF  _TF2                               watchdog
     000000D0  _P                                 watchdog
     000000D0  _PSW                               watchdog
     000000D1  _F1                                watchdog
     000000D2  _EECON                             watchdog
     000000D2  _OV                                watchdog
     000000D3  _RS0                               watchdog
     000000D4  _RS1                               watchdog
     000000D5  _F0                                watchdog
     000000D6  _AC                                watchdog
     000000D7  _CY                                watchdog
     000000D8  _CCF0                              watchdog
     000000D8  _CCON                              watchdog
     000000D9  _CCF1                              watchdog
     000000D9  _CMOD                              watchdog
     000000DA  _CCAPM0                            watchdog
     000000DA  _CCF2                              watchdog
     000000DB  _CCAPM1                            watchdog
     000000DB  _CCF3                              watchdog
     000000DC  _CCAPM2                            watchdog
     000000DC  _CCF4                              watchdog
     000000DD  _CCAPM3                            watchdog
     000000DE  _CCAPM4                            watchdog
     000000DE  _CR                                watchdog
     000000DF  _CF                                watchdog
     000000E0  _ACC                               watchdog
     000000E8  _P5                                watchdog
     000000E8  _P5_0                              watchdog
     000000E9  _CL                                watchdog
     000000E9  _P5_1                              watchdog
     000000EA  _CCAP0L                            watchdog
     000000EA  _P5_2                              watchdog
     000000EB  _CCAP1L                            watchdog
     000000EB  _P5_3                              watchdog
     000000EC  _CCAP2L                            watchdog
     000000EC  _P5_4                              watchdog
     000000ED  _CCAP3L                            watchdog
     000000ED  _P5_5                              watchdog
     000000EE  _CCAP4L                            watchdog
     000000EE  _P5_6                              watchdog
     000000EF  _P5_7                              watchdog
     000000F0  _B                                 watchdog
     000000F0  _BREG_F0                           watchdog
     000000F1  _BREG_F1                           watchdog
     000000F2  _BREG_F2                           watchdog
     000000F3  _BREG_F3                           watchdog
     000000F4  _BREG_F4                           watchdog
     000000F5  _BREG_F5                           watchdog
ASxxxx Linker V03.00 + NoICE + sdld,  page 7.
Hexadecimal  [32-Bits]

Area                                    Addr        Size        Decimal Bytes (Attributes)
--------------------------------        ----        ----        ------- ----- ------------
.  .ABS.                            00000000    00000000 =           0. bytes (ABS,CON)

      Value  Global                              Global Defined In Module
      -----  --------------------------------   ------------------------
     000000F5  _B_5                               _gptrget
     000000F6  _BREG_F6                           watchdog
     000000F6  _B_6                               _gptrget
     000000F7  _BREG_F7                           watchdog
     000000F7  _B_7                               _gptrget
     000000F9  _CH                                watchdog
     000000FA  _CCAP0H                            watchdog
     000000FB  _CCAP1H                            watchdog
     000000FC  _CCAP2H                            watchdog
     000000FD  _CCAP3H                            watchdog
     000000FE  _CCAP4H                            watchdog

ASxxxx Linker V03.00 + NoICE + sdld,  page 8.
Hexadecimal  [32-Bits]

Area                                    Addr        Size        Decimal Bytes (Attributes)
--------------------------------        ----        ----        ------- ----- ------------
REG_BANK_0                          00000000    00000008 =           8. bytes (REL,OVR)

      Value  Global                              Global Defined In Module
      -----  --------------------------------   ------------------------
ASxxxx Linker V03.00 + NoICE + sdld,  page 9.
Hexadecimal  [32-Bits]

Area                                    Addr        Size        Decimal Bytes (Attributes)
--------------------------------        ----        ----        ------- ----- ------------
BIT_BANK                            00000020    00000001 =           1. bytes (REL,OVR)

      Value  Global                              Global Defined In Module
      -----  --------------------------------   ------------------------
ASxxxx Linker V03.00 + NoICE + sdld,  page 10.
Hexadecimal  [32-Bits]

Area                                    Addr        Size        Decimal Bytes (Attributes)
--------------------------------        ----        ----        ------- ----- ------------
DSEG                                00000000    00000074 =         116. bytes (REL,CON)

      Value  Global                              Global Defined In Module
      -----  --------------------------------   ------------------------
     00000012  _bp                                _bp

ASxxxx Linker V03.00 + NoICE + sdld,  page 11.
Hexadecimal  [32-Bits]

Area                                    Addr        Size        Decimal Bytes (Attributes)
--------------------------------        ----        ----        ------- ----- ------------
OSEG                                00000013    00000001 =           1. bytes (REL,OVR)

      Value  Global                              Global Defined In Module
      -----  --------------------------------   ------------------------
ASxxxx Linker V03.00 + NoICE + sdld,  page 12.
Hexadecimal  [32-Bits]

Area                                    Addr        Size        Decimal Bytes (Attributes)
--------------------------------        ----        ----        ------- ----- ------------
SSEG                                00000021    000000DF =         223. bytes (REL,OVR)

      Value  Global                              Global Defined In Module
      -----  --------------------------------   ------------------------
     00000021  __start__stack                     watchdog

ASxxxx Linker V03.00 + NoICE + sdld,  page 13.
Hexadecimal  [32-Bits]

Area                                    Addr        Size        Decimal Bytes (Attributes)
--------------------------------        ----        ----        ------- ----- ------------
XSEG                                00000400    0000003B =          59. bytes (REL,CON,XDATA)

      Value  Global                              Global Defined In Module
      -----  --------------------------------   ------------------------
D:   00000402  _vprintf_PARM_2                    vprintf
D:   00000417  __print_format_PARM_2              printf_large
D:   0000041A  __print_format_PARM_3              printf_large
D:   0000041D  __print_format_PARM_4              printf_large
D:   00000439  __mulint_PARM_2                    _mulint

ASxxxx Linker V03.00 + NoICE + sdld,  page 14.
Hexadecimal  [32-Bits]

Area                                    Addr        Size        Decimal Bytes (Attributes)
--------------------------------        ----        ----        ------- ----- ------------
HOME                                00005000    00000039 =          57. bytes (REL,CON,CODE)

      Value  Global                              Global Defined In Module
      -----  --------------------------------   ------------------------
C:   00005036  __sdcc_program_startup             watchdog

ASxxxx Linker V03.00 + NoICE + sdld,  page 15.
Hexadecimal  [32-Bits]

Area                                    Addr        Size        Decimal Bytes (Attributes)
--------------------------------        ----        ----        ------- ----- ------------
GSINIT0                             00005039    00000003 =           3. bytes (REL,CON,CODE)

      Value  Global                              Global Defined In Module
      -----  --------------------------------   ------------------------
C:   00005039  __sdcc_gsinit_startup              

ASxxxx Linker V03.00 + NoICE + sdld,  page 16.
Hexadecimal  [32-Bits]

Area                                    Addr        Size        Decimal Bytes (Attributes)
--------------------------------        ----        ----        ------- ----- ------------
GSINIT2                             0000503C    0000000A =          10. bytes (REL,CON,CODE)

      Value  Global                              Global Defined In Module
      -----  --------------------------------   ------------------------
ASxxxx Linker V03.00 + NoICE + sdld,  page 17.
Hexadecimal  [32-Bits]

Area                                    Addr        Size        Decimal Bytes (Attributes)
--------------------------------        ----        ----        ------- ----- ------------
GSINIT3                             00005046    00000022 =          34. bytes (REL,CON,CODE)

      Value  Global                              Global Defined In Module
      -----  --------------------------------   ------------------------
C:   00005046  __mcs51_genXINIT                   

ASxxxx Linker V03.00 + NoICE + sdld,  page 18.
Hexadecimal  [32-Bits]

Area                                    Addr        Size        Decimal Bytes (Attributes)
--------------------------------        ----        ----        ------- ----- ------------
GSINIT4                             00005068    0000002A =          42. bytes (REL,CON,CODE)

      Value  Global                              Global Defined In Module
      -----  --------------------------------   ------------------------
C:   00005068  __mcs51_genRAMCLEAR                
C:   0000506E  __mcs51_genXRAMCLEAR               

ASxxxx Linker V03.00 + NoICE + sdld,  page 19.
Hexadecimal  [32-Bits]

Area                                    Addr        Size        Decimal Bytes (Attributes)
--------------------------------        ----        ----        ------- ----- ------------
GSFINAL                             00005092    00000003 =           3. bytes (REL,CON,CODE)

      Value  Global                              Global Defined In Module
      -----  --------------------------------   ------------------------
ASxxxx Linker V03.00 + NoICE + sdld,  page 20.
Hexadecimal  [32-Bits]

Area                                    Addr        Size        Decimal Bytes (Attributes)
--------------------------------        ----        ----        ------- ----- ------------
CSEG                                00005095    00000B9C =        2972. bytes (REL,CON,CODE)

      Value  Global                              Global Defined In Module
      -----  --------------------------------   ------------------------
C:   00005095  _putchar                           watchdog
C:   000050B4  _getchar                           watchdog
C:   000050C2  _wdt_init                          watchdog
C:   000050D9  _wdt_feed                          watchdog
C:   000050DC  _wdt_disable                       watchdog
C:   000050E0  _pca_isr                           watchdog
C:   00005150  _main                              watchdog
C:   00005190  _vprintf                           vprintf
C:   000051CF  _printf                            vprintf
C:   000052D8  __print_format                     printf_large
C:   00005BD9  _strlen                            _strlen
C:   00005BF1  __mulint                           _mulint
C:   00005C11  __gptrget                          _gptrget
C:   00005C2D  __sdcc_external_startup            _startup

ASxxxx Linker V03.00 + NoICE + sdld,  page 21.
Hexadecimal  [32-Bits]

Area                                    Addr        Size        Decimal Bytes (Attributes)
--------------------------------        ----        ----        ------- ----- ------------
CONST                               00005C31    00000022 =          34. bytes (REL,CON,CODE)

      Value  Global                              Global Defined In Module
      -----  --------------------------------   ------------------------
ASxxxx Linker V03.00 + NoICE + sdld,  page 22.

Files Linked                              [ module(s) ]

watchdog.rel                              [  ]


Libraries Linked                          [ object file ]

/usr/bin/../share/sdcc/lib/large/mcs51.lib
                                          [ crtclear.rel ]
/usr/bin/../share/sdcc/lib/large/mcs51.lib
                                          [ crtxinit.rel ]
/usr/bin/../share/sdcc/lib/large/mcs51.lib
                                          [ crtxclear.rel ]
/usr/bin/../share/sdcc/lib/large/libsdcc.lib
                                          [ vprintf.rel ]
/usr/bin/../share/sdcc/lib/large/libsdcc.lib
                                          [ printf_large.rel ]
/usr/bin/../share/sdcc/lib/large/mcs51.lib
                                          [ crtpagesfr.rel ]
/usr/bin/../share/sdcc/lib/large/libsdcc.lib
                                          [ _strlen.rel ]
/usr/bin/../share/sdcc/lib/large/libint.lib
                                          [ _mulint.rel ]
/usr/bin/../share/sdcc/lib/large/mcs51.lib
                                          [ crtstart.rel ]
/usr/bin/../share/sdcc/lib/large/libsdcc.lib
                                          [ _gptrget.rel ]
/usr/bin/../share/sdcc/lib/large/libsdcc.lib
                                          [ _startup.rel ]
/usr/bin/../share/sdcc/lib/large/libsdcc.lib
                                          [ _bp.rel ]

ASxxxx Linker V03.00 + NoICE + sdld,  page 23.

User Base Address Definitions

HOME = 0x5000
XSEG = 0x0400
PSEG = 0x0400
ISEG = 0x0000
BSEG = 0x0000

