../Drivers/CMSIS/Include/core_cm4.h:1684:22:__NVIC_EnableIRQ	16	static,ignoring_inline_asm
../Drivers/CMSIS/Include/core_cm4.h:1775:22:__NVIC_ClearPendingIRQ	16	static
../Drivers/CMSIS/Include/core_cm4.h:1814:22:__NVIC_SetPriority	16	static
../Core/Src/uart.c:43:5:putchar	16	static
../Core/Src/uart.c:53:5:getchar	8	static
../Core/Src/uart.c:62:6:_uart_tx_init	8	static
../Core/Src/uart.c:110:13:uart_write	16	static
../Core/Src/uart.c:120:5:uart_read	4	static
../Core/Src/uart.c:132:17:_compute_uart_bd	16	static
../Core/Src/uart.c:142:13:uart_set_baudrate	16	static
