                                      1 ;--------------------------------------------------------
                                      2 ; File Created by SDCC : free open source ANSI-C Compiler
                                      3 ; Version 4.0.0 #11528 (Linux)
                                      4 ;--------------------------------------------------------
                                      5 	.module spi_dac
                                      6 	.optsdcc -mmcs51 --model-large
                                      7 	
                                      8 ;--------------------------------------------------------
                                      9 ; Public variables in this module
                                     10 ;--------------------------------------------------------
                                     11 	.globl _dac_values
                                     12 	.globl _spi_isr
                                     13 	.globl _timer0_isr
                                     14 	.globl _main
                                     15 	.globl _delay_ms
                                     16 	.globl _getchar
                                     17 	.globl _putchar
                                     18 	.globl _printf
                                     19 	.globl _P5_7
                                     20 	.globl _P5_6
                                     21 	.globl _P5_5
                                     22 	.globl _P5_4
                                     23 	.globl _P5_3
                                     24 	.globl _P5_2
                                     25 	.globl _P5_1
                                     26 	.globl _P5_0
                                     27 	.globl _P4_7
                                     28 	.globl _P4_6
                                     29 	.globl _P4_5
                                     30 	.globl _P4_4
                                     31 	.globl _P4_3
                                     32 	.globl _P4_2
                                     33 	.globl _P4_1
                                     34 	.globl _P4_0
                                     35 	.globl _PX0L
                                     36 	.globl _PT0L
                                     37 	.globl _PX1L
                                     38 	.globl _PT1L
                                     39 	.globl _PSL
                                     40 	.globl _PT2L
                                     41 	.globl _PPCL
                                     42 	.globl _EC
                                     43 	.globl _CCF0
                                     44 	.globl _CCF1
                                     45 	.globl _CCF2
                                     46 	.globl _CCF3
                                     47 	.globl _CCF4
                                     48 	.globl _CR
                                     49 	.globl _CF
                                     50 	.globl _TF2
                                     51 	.globl _EXF2
                                     52 	.globl _RCLK
                                     53 	.globl _TCLK
                                     54 	.globl _EXEN2
                                     55 	.globl _TR2
                                     56 	.globl _C_T2
                                     57 	.globl _CP_RL2
                                     58 	.globl _T2CON_7
                                     59 	.globl _T2CON_6
                                     60 	.globl _T2CON_5
                                     61 	.globl _T2CON_4
                                     62 	.globl _T2CON_3
                                     63 	.globl _T2CON_2
                                     64 	.globl _T2CON_1
                                     65 	.globl _T2CON_0
                                     66 	.globl _PT2
                                     67 	.globl _ET2
                                     68 	.globl _CY
                                     69 	.globl _AC
                                     70 	.globl _F0
                                     71 	.globl _RS1
                                     72 	.globl _RS0
                                     73 	.globl _OV
                                     74 	.globl _F1
                                     75 	.globl _P
                                     76 	.globl _PS
                                     77 	.globl _PT1
                                     78 	.globl _PX1
                                     79 	.globl _PT0
                                     80 	.globl _PX0
                                     81 	.globl _RD
                                     82 	.globl _WR
                                     83 	.globl _T1
                                     84 	.globl _T0
                                     85 	.globl _INT1
                                     86 	.globl _INT0
                                     87 	.globl _TXD
                                     88 	.globl _RXD
                                     89 	.globl _P3_7
                                     90 	.globl _P3_6
                                     91 	.globl _P3_5
                                     92 	.globl _P3_4
                                     93 	.globl _P3_3
                                     94 	.globl _P3_2
                                     95 	.globl _P3_1
                                     96 	.globl _P3_0
                                     97 	.globl _EA
                                     98 	.globl _ES
                                     99 	.globl _ET1
                                    100 	.globl _EX1
                                    101 	.globl _ET0
                                    102 	.globl _EX0
                                    103 	.globl _P2_7
                                    104 	.globl _P2_6
                                    105 	.globl _P2_5
                                    106 	.globl _P2_4
                                    107 	.globl _P2_3
                                    108 	.globl _P2_2
                                    109 	.globl _P2_1
                                    110 	.globl _P2_0
                                    111 	.globl _SM0
                                    112 	.globl _SM1
                                    113 	.globl _SM2
                                    114 	.globl _REN
                                    115 	.globl _TB8
                                    116 	.globl _RB8
                                    117 	.globl _TI
                                    118 	.globl _RI
                                    119 	.globl _P1_7
                                    120 	.globl _P1_6
                                    121 	.globl _P1_5
                                    122 	.globl _P1_4
                                    123 	.globl _P1_3
                                    124 	.globl _P1_2
                                    125 	.globl _P1_1
                                    126 	.globl _P1_0
                                    127 	.globl _TF1
                                    128 	.globl _TR1
                                    129 	.globl _TF0
                                    130 	.globl _TR0
                                    131 	.globl _IE1
                                    132 	.globl _IT1
                                    133 	.globl _IE0
                                    134 	.globl _IT0
                                    135 	.globl _P0_7
                                    136 	.globl _P0_6
                                    137 	.globl _P0_5
                                    138 	.globl _P0_4
                                    139 	.globl _P0_3
                                    140 	.globl _P0_2
                                    141 	.globl _P0_1
                                    142 	.globl _P0_0
                                    143 	.globl _EECON
                                    144 	.globl _KBF
                                    145 	.globl _KBE
                                    146 	.globl _KBLS
                                    147 	.globl _BRL
                                    148 	.globl _BDRCON
                                    149 	.globl _T2MOD
                                    150 	.globl _SPDAT
                                    151 	.globl _SPSTA
                                    152 	.globl _SPCON
                                    153 	.globl _SADEN
                                    154 	.globl _SADDR
                                    155 	.globl _WDTPRG
                                    156 	.globl _WDTRST
                                    157 	.globl _P5
                                    158 	.globl _P4
                                    159 	.globl _IPH1
                                    160 	.globl _IPL1
                                    161 	.globl _IPH0
                                    162 	.globl _IPL0
                                    163 	.globl _IEN1
                                    164 	.globl _IEN0
                                    165 	.globl _CMOD
                                    166 	.globl _CL
                                    167 	.globl _CH
                                    168 	.globl _CCON
                                    169 	.globl _CCAPM4
                                    170 	.globl _CCAPM3
                                    171 	.globl _CCAPM2
                                    172 	.globl _CCAPM1
                                    173 	.globl _CCAPM0
                                    174 	.globl _CCAP4L
                                    175 	.globl _CCAP3L
                                    176 	.globl _CCAP2L
                                    177 	.globl _CCAP1L
                                    178 	.globl _CCAP0L
                                    179 	.globl _CCAP4H
                                    180 	.globl _CCAP3H
                                    181 	.globl _CCAP2H
                                    182 	.globl _CCAP1H
                                    183 	.globl _CCAP0H
                                    184 	.globl _CKCON1
                                    185 	.globl _CKCON0
                                    186 	.globl _CKRL
                                    187 	.globl _AUXR1
                                    188 	.globl _AUXR
                                    189 	.globl _TH2
                                    190 	.globl _TL2
                                    191 	.globl _RCAP2H
                                    192 	.globl _RCAP2L
                                    193 	.globl _T2CON
                                    194 	.globl _B
                                    195 	.globl _ACC
                                    196 	.globl _PSW
                                    197 	.globl _IP
                                    198 	.globl _P3
                                    199 	.globl _IE
                                    200 	.globl _P2
                                    201 	.globl _SBUF
                                    202 	.globl _SCON
                                    203 	.globl _P1
                                    204 	.globl _TH1
                                    205 	.globl _TH0
                                    206 	.globl _TL1
                                    207 	.globl _TL0
                                    208 	.globl _TMOD
                                    209 	.globl _TCON
                                    210 	.globl _PCON
                                    211 	.globl _DPH
                                    212 	.globl _DPL
                                    213 	.globl _SP
                                    214 	.globl _P0
                                    215 	.globl _transmission_complete
                                    216 	.globl _ms_flag
                                    217 	.globl _timer0_init
                                    218 	.globl _spi_init
                                    219 	.globl _spi_transmission_start
                                    220 	.globl _spi_transmission_stop
                                    221 ;--------------------------------------------------------
                                    222 ; special function registers
                                    223 ;--------------------------------------------------------
                                    224 	.area RSEG    (ABS,DATA)
      000000                        225 	.org 0x0000
                           000080   226 _P0	=	0x0080
                           000081   227 _SP	=	0x0081
                           000082   228 _DPL	=	0x0082
                           000083   229 _DPH	=	0x0083
                           000087   230 _PCON	=	0x0087
                           000088   231 _TCON	=	0x0088
                           000089   232 _TMOD	=	0x0089
                           00008A   233 _TL0	=	0x008a
                           00008B   234 _TL1	=	0x008b
                           00008C   235 _TH0	=	0x008c
                           00008D   236 _TH1	=	0x008d
                           000090   237 _P1	=	0x0090
                           000098   238 _SCON	=	0x0098
                           000099   239 _SBUF	=	0x0099
                           0000A0   240 _P2	=	0x00a0
                           0000A8   241 _IE	=	0x00a8
                           0000B0   242 _P3	=	0x00b0
                           0000B8   243 _IP	=	0x00b8
                           0000D0   244 _PSW	=	0x00d0
                           0000E0   245 _ACC	=	0x00e0
                           0000F0   246 _B	=	0x00f0
                           0000C8   247 _T2CON	=	0x00c8
                           0000CA   248 _RCAP2L	=	0x00ca
                           0000CB   249 _RCAP2H	=	0x00cb
                           0000CC   250 _TL2	=	0x00cc
                           0000CD   251 _TH2	=	0x00cd
                           00008E   252 _AUXR	=	0x008e
                           0000A2   253 _AUXR1	=	0x00a2
                           000097   254 _CKRL	=	0x0097
                           00008F   255 _CKCON0	=	0x008f
                           0000AF   256 _CKCON1	=	0x00af
                           0000FA   257 _CCAP0H	=	0x00fa
                           0000FB   258 _CCAP1H	=	0x00fb
                           0000FC   259 _CCAP2H	=	0x00fc
                           0000FD   260 _CCAP3H	=	0x00fd
                           0000FE   261 _CCAP4H	=	0x00fe
                           0000EA   262 _CCAP0L	=	0x00ea
                           0000EB   263 _CCAP1L	=	0x00eb
                           0000EC   264 _CCAP2L	=	0x00ec
                           0000ED   265 _CCAP3L	=	0x00ed
                           0000EE   266 _CCAP4L	=	0x00ee
                           0000DA   267 _CCAPM0	=	0x00da
                           0000DB   268 _CCAPM1	=	0x00db
                           0000DC   269 _CCAPM2	=	0x00dc
                           0000DD   270 _CCAPM3	=	0x00dd
                           0000DE   271 _CCAPM4	=	0x00de
                           0000D8   272 _CCON	=	0x00d8
                           0000F9   273 _CH	=	0x00f9
                           0000E9   274 _CL	=	0x00e9
                           0000D9   275 _CMOD	=	0x00d9
                           0000A8   276 _IEN0	=	0x00a8
                           0000B1   277 _IEN1	=	0x00b1
                           0000B8   278 _IPL0	=	0x00b8
                           0000B7   279 _IPH0	=	0x00b7
                           0000B2   280 _IPL1	=	0x00b2
                           0000B3   281 _IPH1	=	0x00b3
                           0000C0   282 _P4	=	0x00c0
                           0000E8   283 _P5	=	0x00e8
                           0000A6   284 _WDTRST	=	0x00a6
                           0000A7   285 _WDTPRG	=	0x00a7
                           0000A9   286 _SADDR	=	0x00a9
                           0000B9   287 _SADEN	=	0x00b9
                           0000C3   288 _SPCON	=	0x00c3
                           0000C4   289 _SPSTA	=	0x00c4
                           0000C5   290 _SPDAT	=	0x00c5
                           0000C9   291 _T2MOD	=	0x00c9
                           00009B   292 _BDRCON	=	0x009b
                           00009A   293 _BRL	=	0x009a
                           00009C   294 _KBLS	=	0x009c
                           00009D   295 _KBE	=	0x009d
                           00009E   296 _KBF	=	0x009e
                           0000D2   297 _EECON	=	0x00d2
                                    298 ;--------------------------------------------------------
                                    299 ; special function bits
                                    300 ;--------------------------------------------------------
                                    301 	.area RSEG    (ABS,DATA)
      000000                        302 	.org 0x0000
                           000080   303 _P0_0	=	0x0080
                           000081   304 _P0_1	=	0x0081
                           000082   305 _P0_2	=	0x0082
                           000083   306 _P0_3	=	0x0083
                           000084   307 _P0_4	=	0x0084
                           000085   308 _P0_5	=	0x0085
                           000086   309 _P0_6	=	0x0086
                           000087   310 _P0_7	=	0x0087
                           000088   311 _IT0	=	0x0088
                           000089   312 _IE0	=	0x0089
                           00008A   313 _IT1	=	0x008a
                           00008B   314 _IE1	=	0x008b
                           00008C   315 _TR0	=	0x008c
                           00008D   316 _TF0	=	0x008d
                           00008E   317 _TR1	=	0x008e
                           00008F   318 _TF1	=	0x008f
                           000090   319 _P1_0	=	0x0090
                           000091   320 _P1_1	=	0x0091
                           000092   321 _P1_2	=	0x0092
                           000093   322 _P1_3	=	0x0093
                           000094   323 _P1_4	=	0x0094
                           000095   324 _P1_5	=	0x0095
                           000096   325 _P1_6	=	0x0096
                           000097   326 _P1_7	=	0x0097
                           000098   327 _RI	=	0x0098
                           000099   328 _TI	=	0x0099
                           00009A   329 _RB8	=	0x009a
                           00009B   330 _TB8	=	0x009b
                           00009C   331 _REN	=	0x009c
                           00009D   332 _SM2	=	0x009d
                           00009E   333 _SM1	=	0x009e
                           00009F   334 _SM0	=	0x009f
                           0000A0   335 _P2_0	=	0x00a0
                           0000A1   336 _P2_1	=	0x00a1
                           0000A2   337 _P2_2	=	0x00a2
                           0000A3   338 _P2_3	=	0x00a3
                           0000A4   339 _P2_4	=	0x00a4
                           0000A5   340 _P2_5	=	0x00a5
                           0000A6   341 _P2_6	=	0x00a6
                           0000A7   342 _P2_7	=	0x00a7
                           0000A8   343 _EX0	=	0x00a8
                           0000A9   344 _ET0	=	0x00a9
                           0000AA   345 _EX1	=	0x00aa
                           0000AB   346 _ET1	=	0x00ab
                           0000AC   347 _ES	=	0x00ac
                           0000AF   348 _EA	=	0x00af
                           0000B0   349 _P3_0	=	0x00b0
                           0000B1   350 _P3_1	=	0x00b1
                           0000B2   351 _P3_2	=	0x00b2
                           0000B3   352 _P3_3	=	0x00b3
                           0000B4   353 _P3_4	=	0x00b4
                           0000B5   354 _P3_5	=	0x00b5
                           0000B6   355 _P3_6	=	0x00b6
                           0000B7   356 _P3_7	=	0x00b7
                           0000B0   357 _RXD	=	0x00b0
                           0000B1   358 _TXD	=	0x00b1
                           0000B2   359 _INT0	=	0x00b2
                           0000B3   360 _INT1	=	0x00b3
                           0000B4   361 _T0	=	0x00b4
                           0000B5   362 _T1	=	0x00b5
                           0000B6   363 _WR	=	0x00b6
                           0000B7   364 _RD	=	0x00b7
                           0000B8   365 _PX0	=	0x00b8
                           0000B9   366 _PT0	=	0x00b9
                           0000BA   367 _PX1	=	0x00ba
                           0000BB   368 _PT1	=	0x00bb
                           0000BC   369 _PS	=	0x00bc
                           0000D0   370 _P	=	0x00d0
                           0000D1   371 _F1	=	0x00d1
                           0000D2   372 _OV	=	0x00d2
                           0000D3   373 _RS0	=	0x00d3
                           0000D4   374 _RS1	=	0x00d4
                           0000D5   375 _F0	=	0x00d5
                           0000D6   376 _AC	=	0x00d6
                           0000D7   377 _CY	=	0x00d7
                           0000AD   378 _ET2	=	0x00ad
                           0000BD   379 _PT2	=	0x00bd
                           0000C8   380 _T2CON_0	=	0x00c8
                           0000C9   381 _T2CON_1	=	0x00c9
                           0000CA   382 _T2CON_2	=	0x00ca
                           0000CB   383 _T2CON_3	=	0x00cb
                           0000CC   384 _T2CON_4	=	0x00cc
                           0000CD   385 _T2CON_5	=	0x00cd
                           0000CE   386 _T2CON_6	=	0x00ce
                           0000CF   387 _T2CON_7	=	0x00cf
                           0000C8   388 _CP_RL2	=	0x00c8
                           0000C9   389 _C_T2	=	0x00c9
                           0000CA   390 _TR2	=	0x00ca
                           0000CB   391 _EXEN2	=	0x00cb
                           0000CC   392 _TCLK	=	0x00cc
                           0000CD   393 _RCLK	=	0x00cd
                           0000CE   394 _EXF2	=	0x00ce
                           0000CF   395 _TF2	=	0x00cf
                           0000DF   396 _CF	=	0x00df
                           0000DE   397 _CR	=	0x00de
                           0000DC   398 _CCF4	=	0x00dc
                           0000DB   399 _CCF3	=	0x00db
                           0000DA   400 _CCF2	=	0x00da
                           0000D9   401 _CCF1	=	0x00d9
                           0000D8   402 _CCF0	=	0x00d8
                           0000AE   403 _EC	=	0x00ae
                           0000BE   404 _PPCL	=	0x00be
                           0000BD   405 _PT2L	=	0x00bd
                           0000BC   406 _PSL	=	0x00bc
                           0000BB   407 _PT1L	=	0x00bb
                           0000BA   408 _PX1L	=	0x00ba
                           0000B9   409 _PT0L	=	0x00b9
                           0000B8   410 _PX0L	=	0x00b8
                           0000C0   411 _P4_0	=	0x00c0
                           0000C1   412 _P4_1	=	0x00c1
                           0000C2   413 _P4_2	=	0x00c2
                           0000C3   414 _P4_3	=	0x00c3
                           0000C4   415 _P4_4	=	0x00c4
                           0000C5   416 _P4_5	=	0x00c5
                           0000C6   417 _P4_6	=	0x00c6
                           0000C7   418 _P4_7	=	0x00c7
                           0000E8   419 _P5_0	=	0x00e8
                           0000E9   420 _P5_1	=	0x00e9
                           0000EA   421 _P5_2	=	0x00ea
                           0000EB   422 _P5_3	=	0x00eb
                           0000EC   423 _P5_4	=	0x00ec
                           0000ED   424 _P5_5	=	0x00ed
                           0000EE   425 _P5_6	=	0x00ee
                           0000EF   426 _P5_7	=	0x00ef
                                    427 ;--------------------------------------------------------
                                    428 ; overlayable register banks
                                    429 ;--------------------------------------------------------
                                    430 	.area REG_BANK_0	(REL,OVR,DATA)
      000000                        431 	.ds 8
                                    432 ;--------------------------------------------------------
                                    433 ; overlayable bit register bank
                                    434 ;--------------------------------------------------------
                                    435 	.area BIT_BANK	(REL,OVR,DATA)
      000000                        436 bits:
      000000                        437 	.ds 1
                           008000   438 	b0 = bits[0]
                           008100   439 	b1 = bits[1]
                           008200   440 	b2 = bits[2]
                           008300   441 	b3 = bits[3]
                           008400   442 	b4 = bits[4]
                           008500   443 	b5 = bits[5]
                           008600   444 	b6 = bits[6]
                           008700   445 	b7 = bits[7]
                                    446 ;--------------------------------------------------------
                                    447 ; internal ram data
                                    448 ;--------------------------------------------------------
                                    449 	.area DSEG    (DATA)
                                    450 ;--------------------------------------------------------
                                    451 ; overlayable items in internal ram 
                                    452 ;--------------------------------------------------------
                                    453 ;--------------------------------------------------------
                                    454 ; Stack segment in internal ram 
                                    455 ;--------------------------------------------------------
                                    456 	.area	SSEG
      000000                        457 __start__stack:
      000000                        458 	.ds	1
                                    459 
                                    460 ;--------------------------------------------------------
                                    461 ; indirectly addressable internal ram data
                                    462 ;--------------------------------------------------------
                                    463 	.area ISEG    (DATA)
                                    464 ;--------------------------------------------------------
                                    465 ; absolute internal ram data
                                    466 ;--------------------------------------------------------
                                    467 	.area IABS    (ABS,DATA)
                                    468 	.area IABS    (ABS,DATA)
                                    469 ;--------------------------------------------------------
                                    470 ; bit data
                                    471 ;--------------------------------------------------------
                                    472 	.area BSEG    (BIT)
                                    473 ;--------------------------------------------------------
                                    474 ; paged external ram data
                                    475 ;--------------------------------------------------------
                                    476 	.area PSEG    (PAG,XDATA)
                                    477 ;--------------------------------------------------------
                                    478 ; external ram data
                                    479 ;--------------------------------------------------------
                                    480 	.area XSEG    (XDATA)
      000000                        481 _putchar_charToSend_65536_17:
      000000                        482 	.ds 2
      000002                        483 _delay_ms_ms_65536_21:
      000002                        484 	.ds 2
                                    485 ;--------------------------------------------------------
                                    486 ; absolute external ram data
                                    487 ;--------------------------------------------------------
                                    488 	.area XABS    (ABS,XDATA)
                                    489 ;--------------------------------------------------------
                                    490 ; external initialized ram data
                                    491 ;--------------------------------------------------------
                                    492 	.area XISEG   (XDATA)
      000000                        493 _ms_flag::
      000000                        494 	.ds 1
      000001                        495 _transmission_complete::
      000001                        496 	.ds 2
                                    497 	.area HOME    (CODE)
                                    498 	.area GSINIT0 (CODE)
                                    499 	.area GSINIT1 (CODE)
                                    500 	.area GSINIT2 (CODE)
                                    501 	.area GSINIT3 (CODE)
                                    502 	.area GSINIT4 (CODE)
                                    503 	.area GSINIT5 (CODE)
                                    504 	.area GSINIT  (CODE)
                                    505 	.area GSFINAL (CODE)
                                    506 	.area CSEG    (CODE)
                                    507 ;--------------------------------------------------------
                                    508 ; interrupt vector 
                                    509 ;--------------------------------------------------------
                                    510 	.area HOME    (CODE)
      000000                        511 __interrupt_vect:
      000000 02r00r00         [24]  512 	ljmp	__sdcc_gsinit_startup
      000003 32               [24]  513 	reti
      000004                        514 	.ds	7
      00000B 02r01rAC         [24]  515 	ljmp	_timer0_isr
      00000E                        516 	.ds	5
      000013 32               [24]  517 	reti
      000014                        518 	.ds	7
      00001B 32               [24]  519 	reti
      00001C                        520 	.ds	7
      000023 32               [24]  521 	reti
      000024                        522 	.ds	7
      00002B 32               [24]  523 	reti
      00002C                        524 	.ds	7
      000033 32               [24]  525 	reti
      000034                        526 	.ds	7
      00003B 32               [24]  527 	reti
      00003C                        528 	.ds	7
      000043 32               [24]  529 	reti
      000044                        530 	.ds	7
      00004B 02r02r09         [24]  531 	ljmp	_spi_isr
                                    532 ;--------------------------------------------------------
                                    533 ; global & static initialisations
                                    534 ;--------------------------------------------------------
                                    535 	.area HOME    (CODE)
                                    536 	.area GSINIT  (CODE)
                                    537 	.area GSFINAL (CODE)
                                    538 	.area GSINIT  (CODE)
                                    539 	.globl __sdcc_gsinit_startup
                                    540 	.globl __sdcc_program_startup
                                    541 	.globl __start__stack
                                    542 	.globl __mcs51_genXINIT
                                    543 	.globl __mcs51_genXRAMCLEAR
                                    544 	.globl __mcs51_genRAMCLEAR
                                    545 	.area GSFINAL (CODE)
      000000 02r00r4E         [24]  546 	ljmp	__sdcc_program_startup
                                    547 ;--------------------------------------------------------
                                    548 ; Home
                                    549 ;--------------------------------------------------------
                                    550 	.area HOME    (CODE)
                                    551 	.area HOME    (CODE)
      00004E                        552 __sdcc_program_startup:
      00004E 02r00r60         [24]  553 	ljmp	_main
                                    554 ;	return from main will return to caller
                                    555 ;--------------------------------------------------------
                                    556 ; code
                                    557 ;--------------------------------------------------------
                                    558 	.area CSEG    (CODE)
                                    559 ;------------------------------------------------------------
                                    560 ;Allocation info for local variables in function 'putchar'
                                    561 ;------------------------------------------------------------
                                    562 ;charToSend                Allocated with name '_putchar_charToSend_65536_17'
                                    563 ;------------------------------------------------------------
                                    564 ;	spi_dac.c:90: int putchar(int charToSend) {
                                    565 ;	-----------------------------------------
                                    566 ;	 function putchar
                                    567 ;	-----------------------------------------
      000000                        568 _putchar:
                           000007   569 	ar7 = 0x07
                           000006   570 	ar6 = 0x06
                           000005   571 	ar5 = 0x05
                           000004   572 	ar4 = 0x04
                           000003   573 	ar3 = 0x03
                           000002   574 	ar2 = 0x02
                           000001   575 	ar1 = 0x01
                           000000   576 	ar0 = 0x00
      000000 AF 83            [24]  577 	mov	r7,dph
      000002 E5 82            [12]  578 	mov	a,dpl
      000004 90r00r00         [24]  579 	mov	dptr,#_putchar_charToSend_65536_17
      000007 F0               [24]  580 	movx	@dptr,a
      000008 EF               [12]  581 	mov	a,r7
      000009 A3               [24]  582 	inc	dptr
      00000A F0               [24]  583 	movx	@dptr,a
                                    584 ;	spi_dac.c:91: SBUF = charToSend;       /* Load character into serial buffer */
      00000B 90r00r00         [24]  585 	mov	dptr,#_putchar_charToSend_65536_17
      00000E E0               [24]  586 	movx	a,@dptr
      00000F FE               [12]  587 	mov	r6,a
      000010 A3               [24]  588 	inc	dptr
      000011 E0               [24]  589 	movx	a,@dptr
      000012 FF               [12]  590 	mov	r7,a
      000013 8E 99            [24]  591 	mov	_SBUF,r6
                                    592 ;	spi_dac.c:92: while (!TI);             /* Wait for transmission completion */
      000015                        593 00101$:
                                    594 ;	spi_dac.c:93: TI = 0;                  /* Clear transmission flag */
                                    595 ;	assignBit
      000015 10 99 02         [24]  596 	jbc	_TI,00114$
      000018 80 FB            [24]  597 	sjmp	00101$
      00001A                        598 00114$:
                                    599 ;	spi_dac.c:94: return charToSend;
      00001A 8E 82            [24]  600 	mov	dpl,r6
      00001C 8F 83            [24]  601 	mov	dph,r7
                                    602 ;	spi_dac.c:95: }
      00001E 22               [24]  603 	ret
                                    604 ;------------------------------------------------------------
                                    605 ;Allocation info for local variables in function 'getchar'
                                    606 ;------------------------------------------------------------
                                    607 ;	spi_dac.c:101: int getchar(void) {
                                    608 ;	-----------------------------------------
                                    609 ;	 function getchar
                                    610 ;	-----------------------------------------
      00001F                        611 _getchar:
                                    612 ;	spi_dac.c:102: while (!RI);             /* Wait for reception completion */
      00001F                        613 00101$:
                                    614 ;	spi_dac.c:103: RI = 0;                  /* Clear reception flag */
                                    615 ;	assignBit
      00001F 10 98 02         [24]  616 	jbc	_RI,00114$
      000022 80 FB            [24]  617 	sjmp	00101$
      000024                        618 00114$:
                                    619 ;	spi_dac.c:104: return SBUF;             /* Return received character */
      000024 AE 99            [24]  620 	mov	r6,_SBUF
      000026 7F 00            [12]  621 	mov	r7,#0x00
      000028 8E 82            [24]  622 	mov	dpl,r6
      00002A 8F 83            [24]  623 	mov	dph,r7
                                    624 ;	spi_dac.c:105: }
      00002C 22               [24]  625 	ret
                                    626 ;------------------------------------------------------------
                                    627 ;Allocation info for local variables in function 'delay_ms'
                                    628 ;------------------------------------------------------------
                                    629 ;ms                        Allocated with name '_delay_ms_ms_65536_21'
                                    630 ;i                         Allocated with name '_delay_ms_i_65536_22'
                                    631 ;j                         Allocated with name '_delay_ms_j_65536_22'
                                    632 ;------------------------------------------------------------
                                    633 ;	spi_dac.c:107: void delay_ms(unsigned int ms) {
                                    634 ;	-----------------------------------------
                                    635 ;	 function delay_ms
                                    636 ;	-----------------------------------------
      00002D                        637 _delay_ms:
      00002D AF 83            [24]  638 	mov	r7,dph
      00002F E5 82            [12]  639 	mov	a,dpl
      000031 90r00r02         [24]  640 	mov	dptr,#_delay_ms_ms_65536_21
      000034 F0               [24]  641 	movx	@dptr,a
      000035 EF               [12]  642 	mov	a,r7
      000036 A3               [24]  643 	inc	dptr
      000037 F0               [24]  644 	movx	@dptr,a
                                    645 ;	spi_dac.c:109: for (i = 0; i < ms; i++)
      000038 90r00r02         [24]  646 	mov	dptr,#_delay_ms_ms_65536_21
      00003B E0               [24]  647 	movx	a,@dptr
      00003C FE               [12]  648 	mov	r6,a
      00003D A3               [24]  649 	inc	dptr
      00003E E0               [24]  650 	movx	a,@dptr
      00003F FF               [12]  651 	mov	r7,a
      000040 7C 00            [12]  652 	mov	r4,#0x00
      000042 7D 00            [12]  653 	mov	r5,#0x00
      000044                        654 00107$:
      000044 C3               [12]  655 	clr	c
      000045 EC               [12]  656 	mov	a,r4
      000046 9E               [12]  657 	subb	a,r6
      000047 ED               [12]  658 	mov	a,r5
      000048 9F               [12]  659 	subb	a,r7
      000049 50 14            [24]  660 	jnc	00109$
                                    661 ;	spi_dac.c:110: for (j = 0; j < 123; j++);  // Delay tuned for 12MHz crystal
      00004B 7A 7B            [12]  662 	mov	r2,#0x7b
      00004D 7B 00            [12]  663 	mov	r3,#0x00
      00004F                        664 00105$:
      00004F 1A               [12]  665 	dec	r2
      000050 BA FF 01         [24]  666 	cjne	r2,#0xff,00130$
      000053 1B               [12]  667 	dec	r3
      000054                        668 00130$:
      000054 EA               [12]  669 	mov	a,r2
      000055 4B               [12]  670 	orl	a,r3
      000056 70 F7            [24]  671 	jnz	00105$
                                    672 ;	spi_dac.c:109: for (i = 0; i < ms; i++)
      000058 0C               [12]  673 	inc	r4
      000059 BC 00 E8         [24]  674 	cjne	r4,#0x00,00107$
      00005C 0D               [12]  675 	inc	r5
      00005D 80 E5            [24]  676 	sjmp	00107$
      00005F                        677 00109$:
                                    678 ;	spi_dac.c:111: }
      00005F 22               [24]  679 	ret
                                    680 ;------------------------------------------------------------
                                    681 ;Allocation info for local variables in function 'main'
                                    682 ;------------------------------------------------------------
                                    683 ;dac_value_index           Allocated with name '_main_dac_value_index_65537_27'
                                    684 ;dac_data                  Allocated with name '_main_dac_data_65537_27'
                                    685 ;high_byte                 Allocated with name '_main_high_byte_65538_28'
                                    686 ;low_byte                  Allocated with name '_main_low_byte_65538_28'
                                    687 ;------------------------------------------------------------
                                    688 ;	spi_dac.c:112: int main(void)
                                    689 ;	-----------------------------------------
                                    690 ;	 function main
                                    691 ;	-----------------------------------------
      000060                        692 _main:
                                    693 ;	spi_dac.c:114: printf(" SPI DAC PROGRAM\n\r");
      000060 74r64            [12]  694 	mov	a,#___str_0
      000062 C0 E0            [24]  695 	push	acc
      000064 74s00            [12]  696 	mov	a,#(___str_0 >> 8)
      000066 C0 E0            [24]  697 	push	acc
      000068 74 80            [12]  698 	mov	a,#0x80
      00006A C0 E0            [24]  699 	push	acc
      00006C 12r00r00         [24]  700 	lcall	_printf
      00006F 15 81            [12]  701 	dec	sp
      000071 15 81            [12]  702 	dec	sp
      000073 15 81            [12]  703 	dec	sp
                                    704 ;	spi_dac.c:123: spi_init();
      000075 12r02r68         [24]  705 	lcall	_spi_init
                                    706 ;	spi_dac.c:126: printf("SPI TRANSMISSION STARTED\n\r");
      000078 74r77            [12]  707 	mov	a,#___str_1
      00007A C0 E0            [24]  708 	push	acc
      00007C 74s00            [12]  709 	mov	a,#(___str_1 >> 8)
      00007E C0 E0            [24]  710 	push	acc
      000080 74 80            [12]  711 	mov	a,#0x80
      000082 C0 E0            [24]  712 	push	acc
      000084 12r00r00         [24]  713 	lcall	_printf
      000087 15 81            [12]  714 	dec	sp
      000089 15 81            [12]  715 	dec	sp
      00008B 15 81            [12]  716 	dec	sp
                                    717 ;	spi_dac.c:132: while(1)
      00008D                        718 00114$:
                                    719 ;	spi_dac.c:134: printf("while start\n\r");
      00008D 74r92            [12]  720 	mov	a,#___str_2
      00008F C0 E0            [24]  721 	push	acc
      000091 74s00            [12]  722 	mov	a,#(___str_2 >> 8)
      000093 C0 E0            [24]  723 	push	acc
      000095 74 80            [12]  724 	mov	a,#0x80
      000097 C0 E0            [24]  725 	push	acc
      000099 12r00r00         [24]  726 	lcall	_printf
      00009C 15 81            [12]  727 	dec	sp
      00009E 15 81            [12]  728 	dec	sp
      0000A0 15 81            [12]  729 	dec	sp
                                    730 ;	spi_dac.c:160: delay_ms(10);
      0000A2 90 00 0A         [24]  731 	mov	dptr,#0x000a
      0000A5 12r00r2D         [24]  732 	lcall	_delay_ms
                                    733 ;	spi_dac.c:163: P1_1 = 0;  // Select DAC
                                    734 ;	assignBit
      0000A8 C2 91            [12]  735 	clr	_P1_1
                                    736 ;	spi_dac.c:165: printf("Low byte %d\n\r", low_byte);
      0000AA E4               [12]  737 	clr	a
      0000AB C0 E0            [24]  738 	push	acc
      0000AD C0 E0            [24]  739 	push	acc
      0000AF 74rA0            [12]  740 	mov	a,#___str_3
      0000B1 C0 E0            [24]  741 	push	acc
      0000B3 74s00            [12]  742 	mov	a,#(___str_3 >> 8)
      0000B5 C0 E0            [24]  743 	push	acc
      0000B7 74 80            [12]  744 	mov	a,#0x80
      0000B9 C0 E0            [24]  745 	push	acc
      0000BB 12r00r00         [24]  746 	lcall	_printf
      0000BE E5 81            [12]  747 	mov	a,sp
      0000C0 24 FB            [12]  748 	add	a,#0xfb
      0000C2 F5 81            [12]  749 	mov	sp,a
                                    750 ;	spi_dac.c:166: printf("High byte %d\n\r", high_byte);
      0000C4 74 30            [12]  751 	mov	a,#0x30
      0000C6 C0 E0            [24]  752 	push	acc
      0000C8 E4               [12]  753 	clr	a
      0000C9 C0 E0            [24]  754 	push	acc
      0000CB 74rAE            [12]  755 	mov	a,#___str_4
      0000CD C0 E0            [24]  756 	push	acc
      0000CF 74s00            [12]  757 	mov	a,#(___str_4 >> 8)
      0000D1 C0 E0            [24]  758 	push	acc
      0000D3 74 80            [12]  759 	mov	a,#0x80
      0000D5 C0 E0            [24]  760 	push	acc
      0000D7 12r00r00         [24]  761 	lcall	_printf
      0000DA E5 81            [12]  762 	mov	a,sp
      0000DC 24 FB            [12]  763 	add	a,#0xfb
      0000DE F5 81            [12]  764 	mov	sp,a
                                    765 ;	spi_dac.c:169: SPDAT = high_byte;
      0000E0 75 C5 30         [24]  766 	mov	_SPDAT,#0x30
                                    767 ;	spi_dac.c:170: while (!(SPSTA & (1<<7))); 
      0000E3                        768 00101$:
      0000E3 E5 C4            [12]  769 	mov	a,_SPSTA
      0000E5 30 E7 FB         [24]  770 	jnb	acc.7,00101$
                                    771 ;	spi_dac.c:175: SPDAT = low_byte;
      0000E8 75 C5 00         [24]  772 	mov	_SPDAT,#0x00
                                    773 ;	spi_dac.c:176: while (!(SPSTA & (1<<7))); 
      0000EB                        774 00104$:
      0000EB E5 C4            [12]  775 	mov	a,_SPSTA
      0000ED 30 E7 FB         [24]  776 	jnb	acc.7,00104$
                                    777 ;	spi_dac.c:180: P1_1 = 1;  // Deselect DAC
                                    778 ;	assignBit
      0000F0 D2 91            [12]  779 	setb	_P1_1
                                    780 ;	spi_dac.c:184: printf("Transition to 1\n\r");
      0000F2 74rBD            [12]  781 	mov	a,#___str_5
      0000F4 C0 E0            [24]  782 	push	acc
      0000F6 74s00            [12]  783 	mov	a,#(___str_5 >> 8)
      0000F8 C0 E0            [24]  784 	push	acc
      0000FA 74 80            [12]  785 	mov	a,#0x80
      0000FC C0 E0            [24]  786 	push	acc
      0000FE 12r00r00         [24]  787 	lcall	_printf
      000101 15 81            [12]  788 	dec	sp
      000103 15 81            [12]  789 	dec	sp
      000105 15 81            [12]  790 	dec	sp
                                    791 ;	spi_dac.c:185: printf("\n\r");
      000107 74rCF            [12]  792 	mov	a,#___str_6
      000109 C0 E0            [24]  793 	push	acc
      00010B 74s00            [12]  794 	mov	a,#(___str_6 >> 8)
      00010D C0 E0            [24]  795 	push	acc
      00010F 74 80            [12]  796 	mov	a,#0x80
      000111 C0 E0            [24]  797 	push	acc
      000113 12r00r00         [24]  798 	lcall	_printf
      000116 15 81            [12]  799 	dec	sp
      000118 15 81            [12]  800 	dec	sp
      00011A 15 81            [12]  801 	dec	sp
                                    802 ;	spi_dac.c:195: delay_ms(10);
      00011C 90 00 0A         [24]  803 	mov	dptr,#0x000a
      00011F 12r00r2D         [24]  804 	lcall	_delay_ms
                                    805 ;	spi_dac.c:198: P1_1 = 0;  // Select DAC
                                    806 ;	assignBit
      000122 C2 91            [12]  807 	clr	_P1_1
                                    808 ;	spi_dac.c:200: printf("Low byte %d\n\r", low_byte);
      000124 74 F0            [12]  809 	mov	a,#0xf0
      000126 C0 E0            [24]  810 	push	acc
      000128 E4               [12]  811 	clr	a
      000129 C0 E0            [24]  812 	push	acc
      00012B 74rA0            [12]  813 	mov	a,#___str_3
      00012D C0 E0            [24]  814 	push	acc
      00012F 74s00            [12]  815 	mov	a,#(___str_3 >> 8)
      000131 C0 E0            [24]  816 	push	acc
      000133 74 80            [12]  817 	mov	a,#0x80
      000135 C0 E0            [24]  818 	push	acc
      000137 12r00r00         [24]  819 	lcall	_printf
      00013A E5 81            [12]  820 	mov	a,sp
      00013C 24 FB            [12]  821 	add	a,#0xfb
      00013E F5 81            [12]  822 	mov	sp,a
                                    823 ;	spi_dac.c:201: printf("High byte %d\n\r", high_byte);
      000140 74 3F            [12]  824 	mov	a,#0x3f
      000142 C0 E0            [24]  825 	push	acc
      000144 E4               [12]  826 	clr	a
      000145 C0 E0            [24]  827 	push	acc
      000147 74rAE            [12]  828 	mov	a,#___str_4
      000149 C0 E0            [24]  829 	push	acc
      00014B 74s00            [12]  830 	mov	a,#(___str_4 >> 8)
      00014D C0 E0            [24]  831 	push	acc
      00014F 74 80            [12]  832 	mov	a,#0x80
      000151 C0 E0            [24]  833 	push	acc
      000153 12r00r00         [24]  834 	lcall	_printf
      000156 E5 81            [12]  835 	mov	a,sp
      000158 24 FB            [12]  836 	add	a,#0xfb
      00015A F5 81            [12]  837 	mov	sp,a
                                    838 ;	spi_dac.c:204: SPDAT = high_byte;
      00015C 75 C5 3F         [24]  839 	mov	_SPDAT,#0x3f
                                    840 ;	spi_dac.c:205: while (!(SPSTA & (1<<7))); 
      00015F                        841 00107$:
      00015F E5 C4            [12]  842 	mov	a,_SPSTA
      000161 30 E7 FB         [24]  843 	jnb	acc.7,00107$
                                    844 ;	spi_dac.c:210: SPDAT = low_byte;
      000164 75 C5 F0         [24]  845 	mov	_SPDAT,#0xf0
                                    846 ;	spi_dac.c:211: while (!(SPSTA & (1<<7))); 
      000167                        847 00110$:
      000167 E5 C4            [12]  848 	mov	a,_SPSTA
      000169 30 E7 FB         [24]  849 	jnb	acc.7,00110$
                                    850 ;	spi_dac.c:215: P1_1 = 1;  // Deselect DAC
                                    851 ;	assignBit
      00016C D2 91            [12]  852 	setb	_P1_1
                                    853 ;	spi_dac.c:219: printf("E\n\r");
      00016E 74rD2            [12]  854 	mov	a,#___str_7
      000170 C0 E0            [24]  855 	push	acc
      000172 74s00            [12]  856 	mov	a,#(___str_7 >> 8)
      000174 C0 E0            [24]  857 	push	acc
      000176 74 80            [12]  858 	mov	a,#0x80
      000178 C0 E0            [24]  859 	push	acc
      00017A 12r00r00         [24]  860 	lcall	_printf
      00017D 15 81            [12]  861 	dec	sp
      00017F 15 81            [12]  862 	dec	sp
      000181 15 81            [12]  863 	dec	sp
                                    864 ;	spi_dac.c:220: printf("\n\r");
      000183 74rCF            [12]  865 	mov	a,#___str_6
      000185 C0 E0            [24]  866 	push	acc
      000187 74s00            [12]  867 	mov	a,#(___str_6 >> 8)
      000189 C0 E0            [24]  868 	push	acc
      00018B 74 80            [12]  869 	mov	a,#0x80
      00018D C0 E0            [24]  870 	push	acc
      00018F 12r00r00         [24]  871 	lcall	_printf
      000192 15 81            [12]  872 	dec	sp
      000194 15 81            [12]  873 	dec	sp
      000196 15 81            [12]  874 	dec	sp
                                    875 ;	spi_dac.c:223: dac_value_index++;
                                    876 ;	spi_dac.c:225: }
      000198 02r00r8D         [24]  877 	ljmp	00114$
                                    878 ;------------------------------------------------------------
                                    879 ;Allocation info for local variables in function 'timer0_init'
                                    880 ;------------------------------------------------------------
                                    881 ;	spi_dac.c:227: void timer0_init(void)
                                    882 ;	-----------------------------------------
                                    883 ;	 function timer0_init
                                    884 ;	-----------------------------------------
      00019B                        885 _timer0_init:
                                    886 ;	spi_dac.c:229: TMOD &= 0xF0;    // Clear Timer0 mode bits
      00019B 53 89 F0         [24]  887 	anl	_TMOD,#0xf0
                                    888 ;	spi_dac.c:230: TMOD |= TIMER0_MODE1;  // Set Timer0 mode 1 (16-bit)
      00019E 43 89 01         [24]  889 	orl	_TMOD,#0x01
                                    890 ;	spi_dac.c:233: TH0 = TH0_RELOAD;
      0001A1 75 8C FC         [24]  891 	mov	_TH0,#0xfc
                                    892 ;	spi_dac.c:234: TL0 = TL0_RELOAD;
      0001A4 75 8A 66         [24]  893 	mov	_TL0,#0x66
                                    894 ;	spi_dac.c:236: ET0 = 1;         // Enable Timer0 interrupt
                                    895 ;	assignBit
      0001A7 D2 A9            [12]  896 	setb	_ET0
                                    897 ;	spi_dac.c:237: TR0 = 1;         // Start Timer0
                                    898 ;	assignBit
      0001A9 D2 8C            [12]  899 	setb	_TR0
                                    900 ;	spi_dac.c:238: }
      0001AB 22               [24]  901 	ret
                                    902 ;------------------------------------------------------------
                                    903 ;Allocation info for local variables in function 'timer0_isr'
                                    904 ;------------------------------------------------------------
                                    905 ;	spi_dac.c:241: void timer0_isr(void) __interrupt 1
                                    906 ;	-----------------------------------------
                                    907 ;	 function timer0_isr
                                    908 ;	-----------------------------------------
      0001AC                        909 _timer0_isr:
      0001AC C0*00            [24]  910 	push	bits
      0001AE C0 E0            [24]  911 	push	acc
      0001B0 C0 F0            [24]  912 	push	b
      0001B2 C0 82            [24]  913 	push	dpl
      0001B4 C0 83            [24]  914 	push	dph
      0001B6 C0 07            [24]  915 	push	(0+7)
      0001B8 C0 06            [24]  916 	push	(0+6)
      0001BA C0 05            [24]  917 	push	(0+5)
      0001BC C0 04            [24]  918 	push	(0+4)
      0001BE C0 03            [24]  919 	push	(0+3)
      0001C0 C0 02            [24]  920 	push	(0+2)
      0001C2 C0 01            [24]  921 	push	(0+1)
      0001C4 C0 00            [24]  922 	push	(0+0)
      0001C6 C0 D0            [24]  923 	push	psw
      0001C8 75 D0 00         [24]  924 	mov	psw,#0x00
                                    925 ;	spi_dac.c:244: TH0 = 0x4B;
      0001CB 75 8C 4B         [24]  926 	mov	_TH0,#0x4b
                                    927 ;	spi_dac.c:245: TL0 = 0x1C;
      0001CE 75 8A 1C         [24]  928 	mov	_TL0,#0x1c
                                    929 ;	spi_dac.c:247: ms_flag = 1;     // Set 1ms flag
      0001D1 90r00r00         [24]  930 	mov	dptr,#_ms_flag
      0001D4 74 01            [12]  931 	mov	a,#0x01
      0001D6 F0               [24]  932 	movx	@dptr,a
                                    933 ;	spi_dac.c:249: printf("T \n\r");
      0001D7 74rD6            [12]  934 	mov	a,#___str_8
      0001D9 C0 E0            [24]  935 	push	acc
      0001DB 74s00            [12]  936 	mov	a,#(___str_8 >> 8)
      0001DD C0 E0            [24]  937 	push	acc
      0001DF 74 80            [12]  938 	mov	a,#0x80
      0001E1 C0 E0            [24]  939 	push	acc
      0001E3 12r00r00         [24]  940 	lcall	_printf
      0001E6 15 81            [12]  941 	dec	sp
      0001E8 15 81            [12]  942 	dec	sp
      0001EA 15 81            [12]  943 	dec	sp
                                    944 ;	spi_dac.c:252: }
      0001EC D0 D0            [24]  945 	pop	psw
      0001EE D0 00            [24]  946 	pop	(0+0)
      0001F0 D0 01            [24]  947 	pop	(0+1)
      0001F2 D0 02            [24]  948 	pop	(0+2)
      0001F4 D0 03            [24]  949 	pop	(0+3)
      0001F6 D0 04            [24]  950 	pop	(0+4)
      0001F8 D0 05            [24]  951 	pop	(0+5)
      0001FA D0 06            [24]  952 	pop	(0+6)
      0001FC D0 07            [24]  953 	pop	(0+7)
      0001FE D0 83            [24]  954 	pop	dph
      000200 D0 82            [24]  955 	pop	dpl
      000202 D0 F0            [24]  956 	pop	b
      000204 D0 E0            [24]  957 	pop	acc
      000206 D0*00            [24]  958 	pop	bits
      000208 32               [24]  959 	reti
                                    960 ;------------------------------------------------------------
                                    961 ;Allocation info for local variables in function 'spi_isr'
                                    962 ;------------------------------------------------------------
                                    963 ;	spi_dac.c:260: void spi_isr(void) __interrupt 9
                                    964 ;	-----------------------------------------
                                    965 ;	 function spi_isr
                                    966 ;	-----------------------------------------
      000209                        967 _spi_isr:
      000209 C0*00            [24]  968 	push	bits
      00020B C0 E0            [24]  969 	push	acc
      00020D C0 F0            [24]  970 	push	b
      00020F C0 82            [24]  971 	push	dpl
      000211 C0 83            [24]  972 	push	dph
      000213 C0 07            [24]  973 	push	(0+7)
      000215 C0 06            [24]  974 	push	(0+6)
      000217 C0 05            [24]  975 	push	(0+5)
      000219 C0 04            [24]  976 	push	(0+4)
      00021B C0 03            [24]  977 	push	(0+3)
      00021D C0 02            [24]  978 	push	(0+2)
      00021F C0 01            [24]  979 	push	(0+1)
      000221 C0 00            [24]  980 	push	(0+0)
      000223 C0 D0            [24]  981 	push	psw
      000225 75 D0 00         [24]  982 	mov	psw,#0x00
                                    983 ;	spi_dac.c:262: if(SPSTA == 0x80)  // Check for successful transmission
      000228 74 80            [12]  984 	mov	a,#0x80
      00022A B5 C4 1E         [24]  985 	cjne	a,_SPSTA,00103$
                                    986 ;	spi_dac.c:264: transmission_complete = 1;
      00022D 90r00r01         [24]  987 	mov	dptr,#_transmission_complete
      000230 74 01            [12]  988 	mov	a,#0x01
      000232 F0               [24]  989 	movx	@dptr,a
      000233 E4               [12]  990 	clr	a
      000234 A3               [24]  991 	inc	dptr
      000235 F0               [24]  992 	movx	@dptr,a
                                    993 ;	spi_dac.c:265: printf("spi isr \n\r");
      000236 74rDB            [12]  994 	mov	a,#___str_9
      000238 C0 E0            [24]  995 	push	acc
      00023A 74s00            [12]  996 	mov	a,#(___str_9 >> 8)
      00023C C0 E0            [24]  997 	push	acc
      00023E 74 80            [12]  998 	mov	a,#0x80
      000240 C0 E0            [24]  999 	push	acc
      000242 12r00r00         [24] 1000 	lcall	_printf
      000245 15 81            [12] 1001 	dec	sp
      000247 15 81            [12] 1002 	dec	sp
      000249 15 81            [12] 1003 	dec	sp
      00024B                       1004 00103$:
                                   1005 ;	spi_dac.c:268: }
      00024B D0 D0            [24] 1006 	pop	psw
      00024D D0 00            [24] 1007 	pop	(0+0)
      00024F D0 01            [24] 1008 	pop	(0+1)
      000251 D0 02            [24] 1009 	pop	(0+2)
      000253 D0 03            [24] 1010 	pop	(0+3)
      000255 D0 04            [24] 1011 	pop	(0+4)
      000257 D0 05            [24] 1012 	pop	(0+5)
      000259 D0 06            [24] 1013 	pop	(0+6)
      00025B D0 07            [24] 1014 	pop	(0+7)
      00025D D0 83            [24] 1015 	pop	dph
      00025F D0 82            [24] 1016 	pop	dpl
      000261 D0 F0            [24] 1017 	pop	b
      000263 D0 E0            [24] 1018 	pop	acc
      000265 D0*00            [24] 1019 	pop	bits
      000267 32               [24] 1020 	reti
                                   1021 ;------------------------------------------------------------
                                   1022 ;Allocation info for local variables in function 'spi_init'
                                   1023 ;------------------------------------------------------------
                                   1024 ;	spi_dac.c:280: void spi_init(void) 
                                   1025 ;	-----------------------------------------
                                   1026 ;	 function spi_init
                                   1027 ;	-----------------------------------------
      000268                       1028 _spi_init:
                                   1029 ;	spi_dac.c:301: SPCON |= 0x10;
      000268 43 C3 10         [24] 1030 	orl	_SPCON,#0x10
                                   1031 ;	spi_dac.c:302: SPCON |= 0x20;
      00026B 43 C3 20         [24] 1032 	orl	_SPCON,#0x20
                                   1033 ;	spi_dac.c:303: SPCON |= 0x40;
      00026E 43 C3 40         [24] 1034 	orl	_SPCON,#0x40
                                   1035 ;	spi_dac.c:310: }
      000271 22               [24] 1036 	ret
                                   1037 ;------------------------------------------------------------
                                   1038 ;Allocation info for local variables in function 'spi_transmission_start'
                                   1039 ;------------------------------------------------------------
                                   1040 ;	spi_dac.c:317: void spi_transmission_start(void)
                                   1041 ;	-----------------------------------------
                                   1042 ;	 function spi_transmission_start
                                   1043 ;	-----------------------------------------
      000272                       1044 _spi_transmission_start:
                                   1045 ;	spi_dac.c:319: SPCON |= SPI_ENABLE;           // Enable SPI
      000272 43 C3 40         [24] 1046 	orl	_SPCON,#0x40
                                   1047 ;	spi_dac.c:320: P1_1 = 0;
                                   1048 ;	assignBit
      000275 C2 91            [12] 1049 	clr	_P1_1
                                   1050 ;	spi_dac.c:321: }
      000277 22               [24] 1051 	ret
                                   1052 ;------------------------------------------------------------
                                   1053 ;Allocation info for local variables in function 'spi_transmission_stop'
                                   1054 ;------------------------------------------------------------
                                   1055 ;	spi_dac.c:328: void spi_transmission_stop(void) 
                                   1056 ;	-----------------------------------------
                                   1057 ;	 function spi_transmission_stop
                                   1058 ;	-----------------------------------------
      000278                       1059 _spi_transmission_stop:
                                   1060 ;	spi_dac.c:330: SPCON &= ~SPI_ENABLE;          // Disable SPI
      000278 53 C3 BF         [24] 1061 	anl	_SPCON,#0xbf
                                   1062 ;	spi_dac.c:331: }
      00027B 22               [24] 1063 	ret
                                   1064 	.area CSEG    (CODE)
                                   1065 	.area CONST   (CODE)
      000000                       1066 _dac_values:
      000000 80 00                 1067 	.byte #0x80, #0x00	;  128
      000002 8F 00                 1068 	.byte #0x8f, #0x00	;  143
      000004 9F 00                 1069 	.byte #0x9f, #0x00	;  159
      000006 AE 00                 1070 	.byte #0xae, #0x00	;  174
      000008 BD 00                 1071 	.byte #0xbd, #0x00	;  189
      00000A CA 00                 1072 	.byte #0xca, #0x00	;  202
      00000C D7 00                 1073 	.byte #0xd7, #0x00	;  215
      00000E E2 00                 1074 	.byte #0xe2, #0x00	;  226
      000010 EB 00                 1075 	.byte #0xeb, #0x00	;  235
      000012 F3 00                 1076 	.byte #0xf3, #0x00	;  243
      000014 F9 00                 1077 	.byte #0xf9, #0x00	;  249
      000016 FD 00                 1078 	.byte #0xfd, #0x00	;  253
      000018 FF 00                 1079 	.byte #0xff, #0x00	;  255
      00001A FF 00                 1080 	.byte #0xff, #0x00	;  255
      00001C FD 00                 1081 	.byte #0xfd, #0x00	;  253
      00001E F9 00                 1082 	.byte #0xf9, #0x00	;  249
      000020 F3 00                 1083 	.byte #0xf3, #0x00	;  243
      000022 EB 00                 1084 	.byte #0xeb, #0x00	;  235
      000024 E2 00                 1085 	.byte #0xe2, #0x00	;  226
      000026 D7 00                 1086 	.byte #0xd7, #0x00	;  215
      000028 CA 00                 1087 	.byte #0xca, #0x00	;  202
      00002A BD 00                 1088 	.byte #0xbd, #0x00	;  189
      00002C AE 00                 1089 	.byte #0xae, #0x00	;  174
      00002E 9F 00                 1090 	.byte #0x9f, #0x00	;  159
      000030 8F 00                 1091 	.byte #0x8f, #0x00	;  143
      000032 80 00                 1092 	.byte #0x80, #0x00	;  128
      000034 70 00                 1093 	.byte #0x70, #0x00	;  112
      000036 60 00                 1094 	.byte #0x60, #0x00	;  96
      000038 51 00                 1095 	.byte #0x51, #0x00	;  81
      00003A 42 00                 1096 	.byte #0x42, #0x00	;  66
      00003C 35 00                 1097 	.byte #0x35, #0x00	;  53
      00003E 28 00                 1098 	.byte #0x28, #0x00	;  40
      000040 1D 00                 1099 	.byte #0x1d, #0x00	;  29
      000042 14 00                 1100 	.byte #0x14, #0x00	;  20
      000044 0C 00                 1101 	.byte #0x0c, #0x00	;  12
      000046 06 00                 1102 	.byte #0x06, #0x00	;  6
      000048 02 00                 1103 	.byte #0x02, #0x00	;  2
      00004A 00 00                 1104 	.byte #0x00, #0x00	;  0
      00004C 00 00                 1105 	.byte #0x00, #0x00	;  0
      00004E 02 00                 1106 	.byte #0x02, #0x00	;  2
      000050 06 00                 1107 	.byte #0x06, #0x00	;  6
      000052 0C 00                 1108 	.byte #0x0c, #0x00	;  12
      000054 14 00                 1109 	.byte #0x14, #0x00	;  20
      000056 1D 00                 1110 	.byte #0x1d, #0x00	;  29
      000058 28 00                 1111 	.byte #0x28, #0x00	;  40
      00005A 35 00                 1112 	.byte #0x35, #0x00	;  53
      00005C 42 00                 1113 	.byte #0x42, #0x00	;  66
      00005E 51 00                 1114 	.byte #0x51, #0x00	;  81
      000060 60 00                 1115 	.byte #0x60, #0x00	;  96
      000062 70 00                 1116 	.byte #0x70, #0x00	;  112
                                   1117 	.area CONST   (CODE)
      000064                       1118 ___str_0:
      000064 20 53 50 49 20 44 41  1119 	.ascii " SPI DAC PROGRAM"
             43 20 50 52 4F 47 52
             41 4D
      000074 0A                    1120 	.db 0x0a
      000075 0D                    1121 	.db 0x0d
      000076 00                    1122 	.db 0x00
                                   1123 	.area CSEG    (CODE)
                                   1124 	.area CONST   (CODE)
      000077                       1125 ___str_1:
      000077 53 50 49 20 54 52 41  1126 	.ascii "SPI TRANSMISSION STARTED"
             4E 53 4D 49 53 53 49
             4F 4E 20 53 54 41 52
             54 45 44
      00008F 0A                    1127 	.db 0x0a
      000090 0D                    1128 	.db 0x0d
      000091 00                    1129 	.db 0x00
                                   1130 	.area CSEG    (CODE)
                                   1131 	.area CONST   (CODE)
      000092                       1132 ___str_2:
      000092 77 68 69 6C 65 20 73  1133 	.ascii "while start"
             74 61 72 74
      00009D 0A                    1134 	.db 0x0a
      00009E 0D                    1135 	.db 0x0d
      00009F 00                    1136 	.db 0x00
                                   1137 	.area CSEG    (CODE)
                                   1138 	.area CONST   (CODE)
      0000A0                       1139 ___str_3:
      0000A0 4C 6F 77 20 62 79 74  1140 	.ascii "Low byte %d"
             65 20 25 64
      0000AB 0A                    1141 	.db 0x0a
      0000AC 0D                    1142 	.db 0x0d
      0000AD 00                    1143 	.db 0x00
                                   1144 	.area CSEG    (CODE)
                                   1145 	.area CONST   (CODE)
      0000AE                       1146 ___str_4:
      0000AE 48 69 67 68 20 62 79  1147 	.ascii "High byte %d"
             74 65 20 25 64
      0000BA 0A                    1148 	.db 0x0a
      0000BB 0D                    1149 	.db 0x0d
      0000BC 00                    1150 	.db 0x00
                                   1151 	.area CSEG    (CODE)
                                   1152 	.area CONST   (CODE)
      0000BD                       1153 ___str_5:
      0000BD 54 72 61 6E 73 69 74  1154 	.ascii "Transition to 1"
             69 6F 6E 20 74 6F 20
             31
      0000CC 0A                    1155 	.db 0x0a
      0000CD 0D                    1156 	.db 0x0d
      0000CE 00                    1157 	.db 0x00
                                   1158 	.area CSEG    (CODE)
                                   1159 	.area CONST   (CODE)
      0000CF                       1160 ___str_6:
      0000CF 0A                    1161 	.db 0x0a
      0000D0 0D                    1162 	.db 0x0d
      0000D1 00                    1163 	.db 0x00
                                   1164 	.area CSEG    (CODE)
                                   1165 	.area CONST   (CODE)
      0000D2                       1166 ___str_7:
      0000D2 45                    1167 	.ascii "E"
      0000D3 0A                    1168 	.db 0x0a
      0000D4 0D                    1169 	.db 0x0d
      0000D5 00                    1170 	.db 0x00
                                   1171 	.area CSEG    (CODE)
                                   1172 	.area CONST   (CODE)
      0000D6                       1173 ___str_8:
      0000D6 54 20                 1174 	.ascii "T "
      0000D8 0A                    1175 	.db 0x0a
      0000D9 0D                    1176 	.db 0x0d
      0000DA 00                    1177 	.db 0x00
                                   1178 	.area CSEG    (CODE)
                                   1179 	.area CONST   (CODE)
      0000DB                       1180 ___str_9:
      0000DB 73 70 69 20 69 73 72  1181 	.ascii "spi isr "
             20
      0000E3 0A                    1182 	.db 0x0a
      0000E4 0D                    1183 	.db 0x0d
      0000E5 00                    1184 	.db 0x00
                                   1185 	.area CSEG    (CODE)
                                   1186 	.area XINIT   (CODE)
      000000                       1187 __xinit__ms_flag:
      000000 00                    1188 	.db #0x00	; 0
      000001                       1189 __xinit__transmission_complete:
      000001 00 00                 1190 	.byte #0x00, #0x00	;  0
                                   1191 	.area CABS    (ABS,CODE)
