ASxxxx Linker V03.00 + NoICE + sdld,  page 1.
Hexadecimal  [32-Bits]

Area                                    Addr        Size        Decimal Bytes (Attributes)
--------------------------------        ----        ----        ------- ----- ------------
CABS                                00000000    00000000 =           0. bytes (ABS,CON,CODE)

      Value  Global                              Global Defined In Module
      -----  --------------------------------   ------------------------
C:   00000000  l_BIT_BANK                      
C:   00000000  l_BSEG                          
C:   00000000  l_BSEG_BYTES                    
C:   00000000  l_CABS                          
C:   00000000  l_GSINIT                        
C:   00000000  l_GSINIT1                       
C:   00000000  l_GSINIT5                       
C:   00000000  l_IABS                          
C:   00000000  l_ISEG                          
C:   00000000  l_PSEG                          
C:   00000000  l_REG_BANK_1                    
C:   00000000  l_REG_BANK_2                    
C:   00000000  l_REG_BANK_3                    
C:   00000000  l_RSEG                          
C:   00000000  l_RSEG0                         
C:   00000000  l_RSEG1                         
C:   00000000  l_XABS                          
C:   00000000  l_XINIT                         
C:   00000000  l_XISEG                         
C:   00000000  l__CODE                         
C:   00000000  s_BSEG                          
C:   00000000  s_CABS                          
C:   00000000  s_DSEG                          
C:   00000000  s_IABS                          
C:   00000000  s_ISEG                          
C:   00000000  s_REG_BANK_0                    
C:   00000000  s_RSEG                          
C:   00000000  s_RSEG0                         
C:   00000000  s_RSEG1                         
C:   00000000  s_XABS                          
C:   00000001  l_OSEG                          
C:   00000003  l_GSFINAL                       
C:   00000003  l_GSINIT0                       
C:   00000006  l_HOME                          
C:   00000008  l_REG_BANK_0                    
C:   00000008  s_REG_BANK_1                    
C:   0000000A  l_GSINIT2                       
C:   00000010  s_REG_BANK_2                    
C:   00000013  s_OSEG                          
C:   00000014  s_SSEG                          
C:   00000018  s_BIT_BANK                      
C:   00000018  s_REG_BANK_3                    
C:   00000020  s_BSEG_BYTES                    
C:   00000020  s__CODE                         
C:   00000022  l_GSINIT3                       
C:   0000002A  l_GSINIT4                       
C:   00000044  l_XSEG                          
C:   00000060  l_CONST                         
C:   00000080  l_DSEG                          
C:   000000EC  l_SSEG                          
ASxxxx Linker V03.00 + NoICE + sdld,  page 2.
Hexadecimal  [32-Bits]

Area                                    Addr        Size        Decimal Bytes (Attributes)
--------------------------------        ----        ----        ------- ----- ------------
CABS                                00000000    00000000 =           0. bytes (ABS,CON,CODE)

      Value  Global                              Global Defined In Module
      -----  --------------------------------   ------------------------
C:   00000100  l_IRAM                          
C:   00000400  s_PSEG                          
C:   00000400  s_XSEG                          
C:   00000444  s_XISEG                         
C:   00000D10  l_CSEG                          
C:   00003000  s_HOME                          
C:   00003006  s_GSINIT0                       
C:   00003009  s_GSINIT1                       
C:   00003009  s_GSINIT2                       
C:   00003013  s_GSINIT3                       
C:   00003035  s_GSINIT4                       
C:   0000305F  s_GSFINAL                       
C:   0000305F  s_GSINIT                        
C:   0000305F  s_GSINIT5                       
C:   00003062  s_CSEG                          
C:   00003D72  s_CONST                         
C:   00003DD2  s_XINIT                         

ASxxxx Linker V03.00 + NoICE + sdld,  page 3.
Hexadecimal  [32-Bits]

Area                                    Addr        Size        Decimal Bytes (Attributes)
--------------------------------        ----        ----        ------- ----- ------------
.  .ABS.                            00000000    00000000 =           0. bytes (ABS,CON)

      Value  Global                              Global Defined In Module
      -----  --------------------------------   ------------------------
     00000000  .__.ABS.                           _bp
     00000080  _P0                                io_expander
     00000080  _P0_0                              io_expander
     00000081  _P0_1                              io_expander
     00000081  _SP                                io_expander
     00000082  _DPL                               io_expander
     00000082  _P0_2                              io_expander
     00000083  _DPH                               io_expander
     00000083  _P0_3                              io_expander
     00000084  _P0_4                              io_expander
     00000085  _P0_5                              io_expander
     00000086  _P0_6                              io_expander
     00000087  _P0_7                              io_expander
     00000087  _PCON                              io_expander
     00000088  _IT0                               io_expander
     00000088  _TCON                              io_expander
     00000089  _IE0                               io_expander
     00000089  _TMOD                              io_expander
     0000008A  _IT1                               io_expander
     0000008A  _TL0                               io_expander
     0000008B  _IE1                               io_expander
     0000008B  _TL1                               io_expander
     0000008C  _TH0                               io_expander
     0000008C  _TR0                               io_expander
     0000008D  _TF0                               io_expander
     0000008D  _TH1                               io_expander
     0000008E  _AUXR                              io_expander
     0000008E  _TR1                               io_expander
     0000008F  _CKCON0                            io_expander
     0000008F  _TF1                               io_expander
     00000090  _P1                                io_expander
     00000090  _P1_0                              io_expander
     00000091  _P1_1                              io_expander
     00000092  _P1_2                              io_expander
     00000093  _P1_3                              io_expander
     00000094  _P1_4                              io_expander
     00000095  _P1_5                              io_expander
     00000096  _P1_6                              io_expander
     00000097  _CKRL                              io_expander
     00000097  _P1_7                              io_expander
     00000098  _RI                                io_expander
     00000098  _SCON                              io_expander
     00000099  _SBUF                              io_expander
     00000099  _TI                                io_expander
     0000009A  _BRL                               io_expander
     0000009A  _RB8                               io_expander
     0000009B  _BDRCON                            io_expander
     0000009B  _TB8                               io_expander
     0000009C  _KBLS                              io_expander
     0000009C  _REN                               io_expander
ASxxxx Linker V03.00 + NoICE + sdld,  page 4.
Hexadecimal  [32-Bits]

Area                                    Addr        Size        Decimal Bytes (Attributes)
--------------------------------        ----        ----        ------- ----- ------------
.  .ABS.                            00000000    00000000 =           0. bytes (ABS,CON)

      Value  Global                              Global Defined In Module
      -----  --------------------------------   ------------------------
     0000009D  _KBE                               io_expander
     0000009D  _SM2                               io_expander
     0000009E  _KBF                               io_expander
     0000009E  _SM1                               io_expander
     0000009F  _SM0                               io_expander
     000000A0  _P2                                io_expander
     000000A0  _P2_0                              io_expander
     000000A0  __XPAGE                            
     000000A1  _P2_1                              io_expander
     000000A2  _AUXR1                             io_expander
     000000A2  _P2_2                              io_expander
     000000A3  _P2_3                              io_expander
     000000A4  _P2_4                              io_expander
     000000A5  _P2_5                              io_expander
     000000A6  _P2_6                              io_expander
     000000A6  _WDTRST                            io_expander
     000000A7  _P2_7                              io_expander
     000000A7  _WDTPRG                            io_expander
     000000A8  _EX0                               io_expander
     000000A8  _IE                                io_expander
     000000A8  _IEN0                              io_expander
     000000A9  _ET0                               io_expander
     000000A9  _SADDR                             io_expander
     000000AA  _EX1                               io_expander
     000000AB  _ET1                               io_expander
     000000AC  _ES                                io_expander
     000000AD  _ET2                               io_expander
     000000AE  _EC                                io_expander
     000000AF  _CKCON1                            io_expander
     000000AF  _EA                                io_expander
     000000B0  _P3                                io_expander
     000000B0  _P3_0                              io_expander
     000000B0  _RXD                               io_expander
     000000B1  _IEN1                              io_expander
     000000B1  _P3_1                              io_expander
     000000B1  _TXD                               io_expander
     000000B2  _INT0                              io_expander
     000000B2  _IPL1                              io_expander
     000000B2  _P3_2                              io_expander
     000000B3  _INT1                              io_expander
     000000B3  _IPH1                              io_expander
     000000B3  _P3_3                              io_expander
     000000B4  _P3_4                              io_expander
     000000B4  _T0                                io_expander
     000000B5  _P3_5                              io_expander
     000000B5  _T1                                io_expander
     000000B6  _P3_6                              io_expander
     000000B6  _WR                                io_expander
     000000B7  _IPH0                              io_expander
     000000B7  _P3_7                              io_expander
     000000B7  _RD                                io_expander
ASxxxx Linker V03.00 + NoICE + sdld,  page 5.
Hexadecimal  [32-Bits]

Area                                    Addr        Size        Decimal Bytes (Attributes)
--------------------------------        ----        ----        ------- ----- ------------
.  .ABS.                            00000000    00000000 =           0. bytes (ABS,CON)

      Value  Global                              Global Defined In Module
      -----  --------------------------------   ------------------------
     000000B8  _IP                                io_expander
     000000B8  _IPL0                              io_expander
     000000B8  _PX0                               io_expander
     000000B8  _PX0L                              io_expander
     000000B9  _PT0                               io_expander
     000000B9  _PT0L                              io_expander
     000000B9  _SADEN                             io_expander
     000000BA  _PX1                               io_expander
     000000BA  _PX1L                              io_expander
     000000BB  _PT1                               io_expander
     000000BB  _PT1L                              io_expander
     000000BC  _PS                                io_expander
     000000BC  _PSL                               io_expander
     000000BD  _PT2                               io_expander
     000000BD  _PT2L                              io_expander
     000000BE  _PPCL                              io_expander
     000000C0  _P4                                io_expander
     000000C0  _P4_0                              io_expander
     000000C1  _P4_1                              io_expander
     000000C2  _P4_2                              io_expander
     000000C3  _P4_3                              io_expander
     000000C3  _SPCON                             io_expander
     000000C4  _P4_4                              io_expander
     000000C4  _SPSTA                             io_expander
     000000C5  _P4_5                              io_expander
     000000C5  _SPDAT                             io_expander
     000000C6  _P4_6                              io_expander
     000000C7  _P4_7                              io_expander
     000000C8  _CP_RL2                            io_expander
     000000C8  _T2CON                             io_expander
     000000C8  _T2CON_0                           io_expander
     000000C9  _C_T2                              io_expander
     000000C9  _T2CON_1                           io_expander
     000000C9  _T2MOD                             io_expander
     000000CA  _RCAP2L                            io_expander
     000000CA  _T2CON_2                           io_expander
     000000CA  _TR2                               io_expander
     000000CB  _EXEN2                             io_expander
     000000CB  _RCAP2H                            io_expander
     000000CB  _T2CON_3                           io_expander
     000000CC  _T2CON_4                           io_expander
     000000CC  _TCLK                              io_expander
     000000CC  _TL2                               io_expander
     000000CD  _RCLK                              io_expander
     000000CD  _T2CON_5                           io_expander
     000000CD  _TH2                               io_expander
     000000CE  _EXF2                              io_expander
     000000CE  _T2CON_6                           io_expander
     000000CF  _T2CON_7                           io_expander
     000000CF  _TF2                               io_expander
     000000D0  _P                                 io_expander
ASxxxx Linker V03.00 + NoICE + sdld,  page 6.
Hexadecimal  [32-Bits]

Area                                    Addr        Size        Decimal Bytes (Attributes)
--------------------------------        ----        ----        ------- ----- ------------
.  .ABS.                            00000000    00000000 =           0. bytes (ABS,CON)

      Value  Global                              Global Defined In Module
      -----  --------------------------------   ------------------------
     000000D0  _PSW                               io_expander
     000000D1  _F1                                io_expander
     000000D2  _EECON                             io_expander
     000000D2  _OV                                io_expander
     000000D3  _RS0                               io_expander
     000000D4  _RS1                               io_expander
     000000D5  _F0                                io_expander
     000000D6  _AC                                io_expander
     000000D7  _CY                                io_expander
     000000D8  _CCF0                              io_expander
     000000D8  _CCON                              io_expander
     000000D9  _CCF1                              io_expander
     000000D9  _CMOD                              io_expander
     000000DA  _CCAPM0                            io_expander
     000000DA  _CCF2                              io_expander
     000000DB  _CCAPM1                            io_expander
     000000DB  _CCF3                              io_expander
     000000DC  _CCAPM2                            io_expander
     000000DC  _CCF4                              io_expander
     000000DD  _CCAPM3                            io_expander
     000000DE  _CCAPM4                            io_expander
     000000DE  _CR                                io_expander
     000000DF  _CF                                io_expander
     000000E0  _ACC                               io_expander
     000000E8  _P5                                io_expander
     000000E8  _P5_0                              io_expander
     000000E9  _CL                                io_expander
     000000E9  _P5_1                              io_expander
     000000EA  _CCAP0L                            io_expander
     000000EA  _P5_2                              io_expander
     000000EB  _CCAP1L                            io_expander
     000000EB  _P5_3                              io_expander
     000000EC  _CCAP2L                            io_expander
     000000EC  _P5_4                              io_expander
     000000ED  _CCAP3L                            io_expander
     000000ED  _P5_5                              io_expander
     000000EE  _CCAP4L                            io_expander
     000000EE  _P5_6                              io_expander
     000000EF  _P5_7                              io_expander
     000000F0  _B                                 io_expander
     000000F5  _B_5                               _gptrget
     000000F6  _B_6                               _gptrget
     000000F7  _B_7                               _gptrget
     000000F9  _CH                                io_expander
     000000FA  _CCAP0H                            io_expander
     000000FB  _CCAP1H                            io_expander
     000000FC  _CCAP2H                            io_expander
     000000FD  _CCAP3H                            io_expander
     000000FE  _CCAP4H                            io_expander
ASxxxx Linker V03.00 + NoICE + sdld,  page 7.
Hexadecimal  [32-Bits]

Area                                    Addr        Size        Decimal Bytes (Attributes)
--------------------------------        ----        ----        ------- ----- ------------
REG_BANK_0                          00000000    00000008 =           8. bytes (REL,OVR)

      Value  Global                              Global Defined In Module
      -----  --------------------------------   ------------------------
ASxxxx Linker V03.00 + NoICE + sdld,  page 8.
Hexadecimal  [32-Bits]

Area                                    Addr        Size        Decimal Bytes (Attributes)
--------------------------------        ----        ----        ------- ----- ------------
DSEG                                00000000    00000080 =         128. bytes (REL,CON)

      Value  Global                              Global Defined In Module
      -----  --------------------------------   ------------------------
     00000012  _bp                                _bp

ASxxxx Linker V03.00 + NoICE + sdld,  page 9.
Hexadecimal  [32-Bits]

Area                                    Addr        Size        Decimal Bytes (Attributes)
--------------------------------        ----        ----        ------- ----- ------------
OSEG                                00000013    00000001 =           1. bytes (REL,OVR)

      Value  Global                              Global Defined In Module
      -----  --------------------------------   ------------------------
ASxxxx Linker V03.00 + NoICE + sdld,  page 10.
Hexadecimal  [32-Bits]

Area                                    Addr        Size        Decimal Bytes (Attributes)
--------------------------------        ----        ----        ------- ----- ------------
SSEG                                00000014    000000EC =         236. bytes (REL,OVR)

      Value  Global                              Global Defined In Module
      -----  --------------------------------   ------------------------
     00000014  __start__stack                     io_expander

ASxxxx Linker V03.00 + NoICE + sdld,  page 11.
Hexadecimal  [32-Bits]

Area                                    Addr        Size        Decimal Bytes (Attributes)
--------------------------------        ----        ----        ------- ----- ------------
XSEG                                00000400    00000044 =          68. bytes (REL,CON,XDATA)

      Value  Global                              Global Defined In Module
      -----  --------------------------------   ------------------------
D:   00000404  _pcf8574_set_pin_PARM_2            io_expander
D:   0000040B  _vprintf_PARM_2                    vprintf
D:   00000420  __print_format_PARM_2              printf_large
D:   00000423  __print_format_PARM_3              printf_large
D:   00000426  __print_format_PARM_4              printf_large
D:   00000442  __mulint_PARM_2                    _mulint
ASxxxx Linker V03.00 + NoICE + sdld,  page 12.
Hexadecimal  [32-Bits]

Area                                    Addr        Size        Decimal Bytes (Attributes)
--------------------------------        ----        ----        ------- ----- ------------
HOME                                00003000    00000006 =           6. bytes (REL,CON,CODE)

      Value  Global                              Global Defined In Module
      -----  --------------------------------   ------------------------
C:   00003003  __sdcc_program_startup             io_expander

ASxxxx Linker V03.00 + NoICE + sdld,  page 13.
Hexadecimal  [32-Bits]

Area                                    Addr        Size        Decimal Bytes (Attributes)
--------------------------------        ----        ----        ------- ----- ------------
GSINIT0                             00003006    00000003 =           3. bytes (REL,CON,CODE)

      Value  Global                              Global Defined In Module
      -----  --------------------------------   ------------------------
C:   00003006  __sdcc_gsinit_startup              

ASxxxx Linker V03.00 + NoICE + sdld,  page 14.
Hexadecimal  [32-Bits]

Area                                    Addr        Size        Decimal Bytes (Attributes)
--------------------------------        ----        ----        ------- ----- ------------
GSINIT2                             00003009    0000000A =          10. bytes (REL,CON,CODE)

      Value  Global                              Global Defined In Module
      -----  --------------------------------   ------------------------
ASxxxx Linker V03.00 + NoICE + sdld,  page 15.
Hexadecimal  [32-Bits]

Area                                    Addr        Size        Decimal Bytes (Attributes)
--------------------------------        ----        ----        ------- ----- ------------
GSINIT3                             00003013    00000022 =          34. bytes (REL,CON,CODE)

      Value  Global                              Global Defined In Module
      -----  --------------------------------   ------------------------
C:   00003013  __mcs51_genXINIT                   

ASxxxx Linker V03.00 + NoICE + sdld,  page 16.
Hexadecimal  [32-Bits]

Area                                    Addr        Size        Decimal Bytes (Attributes)
--------------------------------        ----        ----        ------- ----- ------------
GSINIT4                             00003035    0000002A =          42. bytes (REL,CON,CODE)

      Value  Global                              Global Defined In Module
      -----  --------------------------------   ------------------------
C:   00003035  __mcs51_genRAMCLEAR                
C:   0000303B  __mcs51_genXRAMCLEAR               

ASxxxx Linker V03.00 + NoICE + sdld,  page 17.
Hexadecimal  [32-Bits]

Area                                    Addr        Size        Decimal Bytes (Attributes)
--------------------------------        ----        ----        ------- ----- ------------
GSFINAL                             0000305F    00000003 =           3. bytes (REL,CON,CODE)

      Value  Global                              Global Defined In Module
      -----  --------------------------------   ------------------------
ASxxxx Linker V03.00 + NoICE + sdld,  page 18.
Hexadecimal  [32-Bits]

Area                                    Addr        Size        Decimal Bytes (Attributes)
--------------------------------        ----        ----        ------- ----- ------------
CSEG                                00003062    00000D10 =        3344. bytes (REL,CON,CODE)

      Value  Global                              Global Defined In Module
      -----  --------------------------------   ------------------------
C:   00003062  _putchar                           io_expander
C:   00003081  _getchar                           io_expander
C:   0000308F  _main                              io_expander
C:   000030F5  _pcf8574_read_port                 io_expander
C:   00003110  _pcf8574_read_pin                  io_expander
C:   00003131  _pcf8574_write_port                io_expander
C:   0000314C  _pcf8574_set_pin                   io_expander
C:   0000319C  _i2c_write                         io_expander
C:   00003204  _i2c_read                          io_expander
C:   00003289  _i2c_start                         io_expander
C:   0000329E  _i2c_stop                          io_expander
C:   000032AB  _i2c_delay                         io_expander
C:   000032D1  _vprintf                           vprintf
C:   00003310  _printf                            vprintf
C:   00003419  __print_format                     printf_large
C:   00003D1A  _strlen                            _strlen
C:   00003D32  __mulint                           _mulint
C:   00003D52  __gptrget                          _gptrget
C:   00003D6E  __sdcc_external_startup            _startup

ASxxxx Linker V03.00 + NoICE + sdld,  page 19.
Hexadecimal  [32-Bits]

Area                                    Addr        Size        Decimal Bytes (Attributes)
--------------------------------        ----        ----        ------- ----- ------------
CONST                               00003D72    00000060 =          96. bytes (REL,CON,CODE)

      Value  Global                              Global Defined In Module
      -----  --------------------------------   ------------------------
ASxxxx Linker V03.00 + NoICE + sdld,  page 20.

Files Linked                              [ module(s) ]

io_expander.rel                           [  ]


Libraries Linked                          [ object file ]

/usr/bin/../share/sdcc/lib/large/mcs51.lib
                                          [ crtclear.rel ]
/usr/bin/../share/sdcc/lib/large/mcs51.lib
                                          [ crtxinit.rel ]
/usr/bin/../share/sdcc/lib/large/mcs51.lib
                                          [ crtxclear.rel ]
/usr/bin/../share/sdcc/lib/large/libsdcc.lib
                                          [ vprintf.rel ]
/usr/bin/../share/sdcc/lib/large/libsdcc.lib
                                          [ printf_large.rel ]
/usr/bin/../share/sdcc/lib/large/mcs51.lib
                                          [ crtpagesfr.rel ]
/usr/bin/../share/sdcc/lib/large/libsdcc.lib
                                          [ _strlen.rel ]
/usr/bin/../share/sdcc/lib/large/libint.lib
                                          [ _mulint.rel ]
/usr/bin/../share/sdcc/lib/large/mcs51.lib
                                          [ crtstart.rel ]
/usr/bin/../share/sdcc/lib/large/libsdcc.lib
                                          [ _gptrget.rel ]
/usr/bin/../share/sdcc/lib/large/libsdcc.lib
                                          [ _startup.rel ]
/usr/bin/../share/sdcc/lib/large/libsdcc.lib
                                          [ _bp.rel ]

ASxxxx Linker V03.00 + NoICE + sdld,  page 21.

User Base Address Definitions

HOME = 0x3000
XSEG = 0x0400
PSEG = 0x0400
ISEG = 0x0000
BSEG = 0x0000

