ASxxxx Linker V03.00 + NoICE + sdld,  page 1.
Hexadecimal  [32-Bits]

Area                                    Addr        Size        Decimal Bytes (Attributes)
--------------------------------        ----        ----        ------- ----- ------------
CABS                                00000000    00000000 =           0. bytes (ABS,CON,CODE)

      Value  Global                              Global Defined In Module
      -----  --------------------------------   ------------------------
C:   00000000  l_BIT_BANK                      
C:   00000000  l_BSEG                          
C:   00000000  l_BSEG_BYTES                    
C:   00000000  l_CABS                          
C:   00000000  l_CONST                         
C:   00000000  l_GSINIT                        
C:   00000000  l_GSINIT1                       
C:   00000000  l_GSINIT5                       
C:   00000000  l_IABS                          
C:   00000000  l_ISEG                          
C:   00000000  l_OSEG                          
C:   00000000  l_PSEG                          
C:   00000000  l_REG_BANK_1                    
C:   00000000  l_REG_BANK_2                    
C:   00000000  l_REG_BANK_3                    
C:   00000000  l_RSEG                          
C:   00000000  l_RSEG0                         
C:   00000000  l_RSEG1                         
C:   00000000  l_XABS                          
C:   00000000  l_XINIT                         
C:   00000000  l_XISEG                         
C:   00000000  l_XSEG                          
C:   00000000  l__CODE                         
C:   00000000  s_BSEG                          
C:   00000000  s_CABS                          
C:   00000000  s_DSEG                          
C:   00000000  s_IABS                          
C:   00000000  s_ISEG                          
C:   00000000  s_REG_BANK_0                    
C:   00000000  s_RSEG                          
C:   00000000  s_RSEG0                         
C:   00000000  s_RSEG1                         
C:   00000000  s_XABS                          
C:   00000003  l_GSFINAL                       
C:   00000003  l_GSINIT0                       
C:   00000006  l_HOME                          
C:   00000008  l_REG_BANK_0                    
C:   00000008  s_REG_BANK_1                    
C:   00000008  s_SSEG                          
C:   0000000A  l_GSINIT2                       
C:   00000010  s_REG_BANK_2                    
C:   00000018  s_BIT_BANK                      
C:   00000018  s_OSEG                          
C:   00000018  s_REG_BANK_3                    
C:   0000001F  l_CSEG                          
C:   00000020  s_BSEG_BYTES                    
C:   00000020  s__CODE                         
C:   00000022  l_GSINIT3                       
C:   0000002A  l_GSINIT4                       
C:   00000080  l_DSEG                          
ASxxxx Linker V03.00 + NoICE + sdld,  page 2.
Hexadecimal  [32-Bits]

Area                                    Addr        Size        Decimal Bytes (Attributes)
--------------------------------        ----        ----        ------- ----- ------------
CABS                                00000000    00000000 =           0. bytes (ABS,CON,CODE)

      Value  Global                              Global Defined In Module
      -----  --------------------------------   ------------------------
C:   000000F8  l_SSEG                          
C:   00000100  l_IRAM                          
C:   00000400  s_PSEG                          
C:   00000400  s_XISEG                         
C:   00000400  s_XSEG                          
C:   00004000  s_HOME                          
C:   00004006  s_GSINIT0                       
C:   00004009  s_GSINIT1                       
C:   00004009  s_GSINIT2                       
C:   00004013  s_GSINIT3                       
C:   00004035  s_GSINIT4                       
C:   0000405F  s_GSFINAL                       
C:   0000405F  s_GSINIT                        
C:   0000405F  s_GSINIT5                       
C:   00004062  s_CSEG                          
C:   00004081  s_CONST                         
C:   00004081  s_XINIT                         

ASxxxx Linker V03.00 + NoICE + sdld,  page 3.
Hexadecimal  [32-Bits]

Area                                    Addr        Size        Decimal Bytes (Attributes)
--------------------------------        ----        ----        ------- ----- ------------
.  .ABS.                            00000000    00000000 =           0. bytes (ABS,CON)

      Value  Global                              Global Defined In Module
      -----  --------------------------------   ------------------------
     00000000  .__.ABS.                           _startup
     00000080  _P0                                high_speed_output
     00000080  _P0_0                              high_speed_output
     00000081  _P0_1                              high_speed_output
     00000081  _SP                                high_speed_output
     00000082  _DP0L                              high_speed_output
     00000082  _DPL                               high_speed_output
     00000082  _P0_2                              high_speed_output
     00000083  _DP0H                              high_speed_output
     00000083  _DPH                               high_speed_output
     00000083  _P0_3                              high_speed_output
     00000084  _P0_4                              high_speed_output
     00000085  _P0_5                              high_speed_output
     00000086  _P0_6                              high_speed_output
     00000087  _P0_7                              high_speed_output
     00000087  _PCON                              high_speed_output
     00000088  _IT0                               high_speed_output
     00000088  _TCON                              high_speed_output
     00000089  _IE0                               high_speed_output
     00000089  _TMOD                              high_speed_output
     0000008A  _IT1                               high_speed_output
     0000008A  _TL0                               high_speed_output
     0000008B  _IE1                               high_speed_output
     0000008B  _TL1                               high_speed_output
     0000008C  _TH0                               high_speed_output
     0000008C  _TR0                               high_speed_output
     0000008D  _TF0                               high_speed_output
     0000008D  _TH1                               high_speed_output
     0000008E  _AUXR                              high_speed_output
     0000008E  _TR1                               high_speed_output
     0000008F  _CKCON0                            high_speed_output
     0000008F  _TF1                               high_speed_output
     00000090  _P1                                high_speed_output
     00000090  _P1_0                              high_speed_output
     00000091  _P1_1                              high_speed_output
     00000092  _P1_2                              high_speed_output
     00000093  _P1_3                              high_speed_output
     00000094  _P1_4                              high_speed_output
     00000095  _P1_5                              high_speed_output
     00000096  _P1_6                              high_speed_output
     00000097  _CKRL                              high_speed_output
     00000097  _P1_7                              high_speed_output
     00000098  _RI                                high_speed_output
     00000098  _SCON                              high_speed_output
     00000099  _SBUF                              high_speed_output
     00000099  _SBUF0                             high_speed_output
     00000099  _TI                                high_speed_output
     0000009A  _BRL                               high_speed_output
     0000009A  _RB8                               high_speed_output
     0000009B  _BDRCON                            high_speed_output
ASxxxx Linker V03.00 + NoICE + sdld,  page 4.
Hexadecimal  [32-Bits]

Area                                    Addr        Size        Decimal Bytes (Attributes)
--------------------------------        ----        ----        ------- ----- ------------
.  .ABS.                            00000000    00000000 =           0. bytes (ABS,CON)

      Value  Global                              Global Defined In Module
      -----  --------------------------------   ------------------------
     0000009B  _TB8                               high_speed_output
     0000009C  _KBLS                              high_speed_output
     0000009C  _REN                               high_speed_output
     0000009D  _KBE                               high_speed_output
     0000009D  _SM2                               high_speed_output
     0000009E  _KBF                               high_speed_output
     0000009E  _SM1                               high_speed_output
     0000009F  _SM0                               high_speed_output
     000000A0  _P2                                high_speed_output
     000000A0  _P2_0                              high_speed_output
     000000A0  __XPAGE                            
     000000A1  _P2_1                              high_speed_output
     000000A2  _AUXR1                             high_speed_output
     000000A2  _P2_2                              high_speed_output
     000000A3  _P2_3                              high_speed_output
     000000A4  _P2_4                              high_speed_output
     000000A5  _P2_5                              high_speed_output
     000000A6  _P2_6                              high_speed_output
     000000A6  _WDTRST                            high_speed_output
     000000A7  _P2_7                              high_speed_output
     000000A7  _WDTPRG                            high_speed_output
     000000A8  _EX0                               high_speed_output
     000000A8  _IE                                high_speed_output
     000000A8  _IEN0                              high_speed_output
     000000A9  _ET0                               high_speed_output
     000000A9  _SADDR                             high_speed_output
     000000AA  _EX1                               high_speed_output
     000000AB  _ET1                               high_speed_output
     000000AC  _ES                                high_speed_output
     000000AD  _ET2                               high_speed_output
     000000AE  _EC                                high_speed_output
     000000AF  _CKCON1                            high_speed_output
     000000AF  _EA                                high_speed_output
     000000B0  _P3                                high_speed_output
     000000B0  _P3_0                              high_speed_output
     000000B0  _RXD                               high_speed_output
     000000B0  _RXD0                              high_speed_output
     000000B1  _IEN1                              high_speed_output
     000000B1  _P3_1                              high_speed_output
     000000B1  _TXD                               high_speed_output
     000000B1  _TXD0                              high_speed_output
     000000B2  _INT0                              high_speed_output
     000000B2  _IPL1                              high_speed_output
     000000B2  _P3_2                              high_speed_output
     000000B3  _INT1                              high_speed_output
     000000B3  _IPH1                              high_speed_output
     000000B3  _P3_3                              high_speed_output
     000000B4  _P3_4                              high_speed_output
     000000B4  _T0                                high_speed_output
     000000B5  _P3_5                              high_speed_output
     000000B5  _T1                                high_speed_output
ASxxxx Linker V03.00 + NoICE + sdld,  page 5.
Hexadecimal  [32-Bits]

Area                                    Addr        Size        Decimal Bytes (Attributes)
--------------------------------        ----        ----        ------- ----- ------------
.  .ABS.                            00000000    00000000 =           0. bytes (ABS,CON)

      Value  Global                              Global Defined In Module
      -----  --------------------------------   ------------------------
     000000B6  _P3_6                              high_speed_output
     000000B6  _WR                                high_speed_output
     000000B7  _IPH0                              high_speed_output
     000000B7  _P3_7                              high_speed_output
     000000B7  _RD                                high_speed_output
     000000B8  _IP                                high_speed_output
     000000B8  _IPL0                              high_speed_output
     000000B8  _PX0                               high_speed_output
     000000B8  _PX0L                              high_speed_output
     000000B9  _PT0                               high_speed_output
     000000B9  _PT0L                              high_speed_output
     000000B9  _SADEN                             high_speed_output
     000000BA  _PX1                               high_speed_output
     000000BA  _PX1L                              high_speed_output
     000000BB  _PT1                               high_speed_output
     000000BB  _PT1L                              high_speed_output
     000000BC  _PS                                high_speed_output
     000000BC  _PSL                               high_speed_output
     000000BD  _PT2                               high_speed_output
     000000BD  _PT2L                              high_speed_output
     000000BE  _PPCL                              high_speed_output
     000000C0  _P4                                high_speed_output
     000000C0  _P4_0                              high_speed_output
     000000C1  _P4_1                              high_speed_output
     000000C2  _P4_2                              high_speed_output
     000000C3  _P4_3                              high_speed_output
     000000C3  _SPCON                             high_speed_output
     000000C4  _P4_4                              high_speed_output
     000000C4  _SPSTA                             high_speed_output
     000000C5  _P4_5                              high_speed_output
     000000C5  _SPDAT                             high_speed_output
     000000C6  _P4_6                              high_speed_output
     000000C7  _P4_7                              high_speed_output
     000000C8  _CP_RL2                            high_speed_output
     000000C8  _T2CON                             high_speed_output
     000000C8  _T2CON_0                           high_speed_output
     000000C9  _C_T2                              high_speed_output
     000000C9  _T2CON_1                           high_speed_output
     000000C9  _T2MOD                             high_speed_output
     000000CA  _RCAP2L                            high_speed_output
     000000CA  _T2CON_2                           high_speed_output
     000000CA  _TR2                               high_speed_output
     000000CB  _EXEN2                             high_speed_output
     000000CB  _RCAP2H                            high_speed_output
     000000CB  _T2CON_3                           high_speed_output
     000000CC  _T2CON_4                           high_speed_output
     000000CC  _TCLK                              high_speed_output
     000000CC  _TL2                               high_speed_output
     000000CD  _RCLK                              high_speed_output
     000000CD  _T2CON_5                           high_speed_output
     000000CD  _TH2                               high_speed_output
ASxxxx Linker V03.00 + NoICE + sdld,  page 6.
Hexadecimal  [32-Bits]

Area                                    Addr        Size        Decimal Bytes (Attributes)
--------------------------------        ----        ----        ------- ----- ------------
.  .ABS.                            00000000    00000000 =           0. bytes (ABS,CON)

      Value  Global                              Global Defined In Module
      -----  --------------------------------   ------------------------
     000000CE  _EXF2                              high_speed_output
     000000CE  _T2CON_6                           high_speed_output
     000000CF  _T2CON_7                           high_speed_output
     000000CF  _TF2                               high_speed_output
     000000D0  _P                                 high_speed_output
     000000D0  _PSW                               high_speed_output
     000000D1  _F1                                high_speed_output
     000000D2  _EECON                             high_speed_output
     000000D2  _OV                                high_speed_output
     000000D3  _RS0                               high_speed_output
     000000D4  _RS1                               high_speed_output
     000000D5  _F0                                high_speed_output
     000000D6  _AC                                high_speed_output
     000000D7  _CY                                high_speed_output
     000000D8  _CCF0                              high_speed_output
     000000D8  _CCON                              high_speed_output
     000000D9  _CCF1                              high_speed_output
     000000D9  _CMOD                              high_speed_output
     000000DA  _CCAPM0                            high_speed_output
     000000DA  _CCF2                              high_speed_output
     000000DB  _CCAPM1                            high_speed_output
     000000DB  _CCF3                              high_speed_output
     000000DC  _CCAPM2                            high_speed_output
     000000DC  _CCF4                              high_speed_output
     000000DD  _CCAPM3                            high_speed_output
     000000DE  _CCAPM4                            high_speed_output
     000000DE  _CR                                high_speed_output
     000000DF  _CF                                high_speed_output
     000000E0  _ACC                               high_speed_output
     000000E8  _P5                                high_speed_output
     000000E8  _P5_0                              high_speed_output
     000000E9  _CL                                high_speed_output
     000000E9  _P5_1                              high_speed_output
     000000EA  _CCAP0L                            high_speed_output
     000000EA  _P5_2                              high_speed_output
     000000EB  _CCAP1L                            high_speed_output
     000000EB  _P5_3                              high_speed_output
     000000EC  _CCAP2L                            high_speed_output
     000000EC  _P5_4                              high_speed_output
     000000ED  _CCAP3L                            high_speed_output
     000000ED  _P5_5                              high_speed_output
     000000EE  _CCAP4L                            high_speed_output
     000000EE  _P5_6                              high_speed_output
     000000EF  _P5_7                              high_speed_output
     000000F0  _B                                 high_speed_output
     000000F0  _BREG_F0                           high_speed_output
     000000F1  _BREG_F1                           high_speed_output
     000000F2  _BREG_F2                           high_speed_output
     000000F3  _BREG_F3                           high_speed_output
     000000F4  _BREG_F4                           high_speed_output
     000000F5  _BREG_F5                           high_speed_output
ASxxxx Linker V03.00 + NoICE + sdld,  page 7.
Hexadecimal  [32-Bits]

Area                                    Addr        Size        Decimal Bytes (Attributes)
--------------------------------        ----        ----        ------- ----- ------------
.  .ABS.                            00000000    00000000 =           0. bytes (ABS,CON)

      Value  Global                              Global Defined In Module
      -----  --------------------------------   ------------------------
     000000F6  _BREG_F6                           high_speed_output
     000000F7  _BREG_F7                           high_speed_output
     000000F9  _CH                                high_speed_output
     000000FA  _CCAP0H                            high_speed_output
     000000FB  _CCAP1H                            high_speed_output
     000000FC  _CCAP2H                            high_speed_output
     000000FD  _CCAP3H                            high_speed_output
     000000FE  _CCAP4H                            high_speed_output

ASxxxx Linker V03.00 + NoICE + sdld,  page 8.
Hexadecimal  [32-Bits]

Area                                    Addr        Size        Decimal Bytes (Attributes)
--------------------------------        ----        ----        ------- ----- ------------
REG_BANK_0                          00000000    00000008 =           8. bytes (REL,OVR)

      Value  Global                              Global Defined In Module
      -----  --------------------------------   ------------------------
ASxxxx Linker V03.00 + NoICE + sdld,  page 9.
Hexadecimal  [32-Bits]

Area                                    Addr        Size        Decimal Bytes (Attributes)
--------------------------------        ----        ----        ------- ----- ------------
DSEG                                00000000    00000080 =         128. bytes (REL,CON)

      Value  Global                              Global Defined In Module
      -----  --------------------------------   ------------------------
ASxxxx Linker V03.00 + NoICE + sdld,  page 10.
Hexadecimal  [32-Bits]

Area                                    Addr        Size        Decimal Bytes (Attributes)
--------------------------------        ----        ----        ------- ----- ------------
SSEG                                00000008    000000F8 =         248. bytes (REL,OVR)

      Value  Global                              Global Defined In Module
      -----  --------------------------------   ------------------------
     00000008  __start__stack                     high_speed_output

ASxxxx Linker V03.00 + NoICE + sdld,  page 11.
Hexadecimal  [32-Bits]

Area                                    Addr        Size        Decimal Bytes (Attributes)
--------------------------------        ----        ----        ------- ----- ------------
HOME                                00004000    00000006 =           6. bytes (REL,CON,CODE)

      Value  Global                              Global Defined In Module
      -----  --------------------------------   ------------------------
C:   00004003  __sdcc_program_startup             high_speed_output

ASxxxx Linker V03.00 + NoICE + sdld,  page 12.
Hexadecimal  [32-Bits]

Area                                    Addr        Size        Decimal Bytes (Attributes)
--------------------------------        ----        ----        ------- ----- ------------
GSINIT0                             00004006    00000003 =           3. bytes (REL,CON,CODE)

      Value  Global                              Global Defined In Module
      -----  --------------------------------   ------------------------
C:   00004006  __sdcc_gsinit_startup              

ASxxxx Linker V03.00 + NoICE + sdld,  page 13.
Hexadecimal  [32-Bits]

Area                                    Addr        Size        Decimal Bytes (Attributes)
--------------------------------        ----        ----        ------- ----- ------------
GSINIT2                             00004009    0000000A =          10. bytes (REL,CON,CODE)

      Value  Global                              Global Defined In Module
      -----  --------------------------------   ------------------------
ASxxxx Linker V03.00 + NoICE + sdld,  page 14.
Hexadecimal  [32-Bits]

Area                                    Addr        Size        Decimal Bytes (Attributes)
--------------------------------        ----        ----        ------- ----- ------------
GSINIT3                             00004013    00000022 =          34. bytes (REL,CON,CODE)

      Value  Global                              Global Defined In Module
      -----  --------------------------------   ------------------------
C:   00004013  __mcs51_genXINIT                   

ASxxxx Linker V03.00 + NoICE + sdld,  page 15.
Hexadecimal  [32-Bits]

Area                                    Addr        Size        Decimal Bytes (Attributes)
--------------------------------        ----        ----        ------- ----- ------------
GSINIT4                             00004035    0000002A =          42. bytes (REL,CON,CODE)

      Value  Global                              Global Defined In Module
      -----  --------------------------------   ------------------------
C:   00004035  __mcs51_genRAMCLEAR                
C:   0000403B  __mcs51_genXRAMCLEAR               

ASxxxx Linker V03.00 + NoICE + sdld,  page 16.
Hexadecimal  [32-Bits]

Area                                    Addr        Size        Decimal Bytes (Attributes)
--------------------------------        ----        ----        ------- ----- ------------
GSFINAL                             0000405F    00000003 =           3. bytes (REL,CON,CODE)

      Value  Global                              Global Defined In Module
      -----  --------------------------------   ------------------------
ASxxxx Linker V03.00 + NoICE + sdld,  page 17.
Hexadecimal  [32-Bits]

Area                                    Addr        Size        Decimal Bytes (Attributes)
--------------------------------        ----        ----        ------- ----- ------------
CSEG                                00004062    0000001F =          31. bytes (REL,CON,CODE)

      Value  Global                              Global Defined In Module
      -----  --------------------------------   ------------------------
C:   00004062  _init_PCA_HSO                      high_speed_output
C:   00004075  _main                              high_speed_output
C:   0000407D  __sdcc_external_startup            _startup
ASxxxx Linker V03.00 + NoICE + sdld,  page 18.

Files Linked                              [ module(s) ]

high_speed_output.rel                     [  ]


Libraries Linked                          [ object file ]

/usr/bin/../share/sdcc/lib/large/mcs51.lib
                                          [ crtclear.rel ]
/usr/bin/../share/sdcc/lib/large/mcs51.lib
                                          [ crtxinit.rel ]
/usr/bin/../share/sdcc/lib/large/mcs51.lib
                                          [ crtxclear.rel ]
/usr/bin/../share/sdcc/lib/large/mcs51.lib
                                          [ crtpagesfr.rel ]
/usr/bin/../share/sdcc/lib/large/mcs51.lib
                                          [ crtstart.rel ]
/usr/bin/../share/sdcc/lib/large/libsdcc.lib
                                          [ _startup.rel ]

ASxxxx Linker V03.00 + NoICE + sdld,  page 19.

User Base Address Definitions

HOME = 0x4000
XSEG = 0x0400
PSEG = 0x0400
ISEG = 0x0000
BSEG = 0x0000

