ASxxxx Linker V03.00 + NoICE + sdld,  page 1.
Hexadecimal  [32-Bits]

Area                                    Addr        Size        Decimal Bytes (Attributes)
--------------------------------        ----        ----        ------- ----- ------------
CABS                                00000000    00000000 =           0. bytes (ABS,CON,CODE)

      Value  Global                              Global Defined In Module
      -----  --------------------------------   ------------------------
C:   00000000  _putchar                        
C:   00000000  l_BIT_BANK                      
C:   00000000  l_BSEG                          
C:   00000000  l_BSEG_BYTES                    
C:   00000000  l_CABS                          
C:   00000000  l_GSINIT                        
C:   00000000  l_GSINIT1                       
C:   00000000  l_GSINIT5                       
C:   00000000  l_IABS                          
C:   00000000  l_ISEG                          
C:   00000000  l_PSEG                          
C:   00000000  l_REG_BANK_1                    
C:   00000000  l_REG_BANK_2                    
C:   00000000  l_REG_BANK_3                    
C:   00000000  l_RSEG                          
C:   00000000  l_RSEG0                         
C:   00000000  l_RSEG1                         
C:   00000000  l_XABS                          
C:   00000000  l_XINIT                         
C:   00000000  l_XISEG                         
C:   00000000  l__CODE                         
C:   00000000  s_BSEG                          
C:   00000000  s_CABS                          
C:   00000000  s_DSEG                          
C:   00000000  s_HOME                          
C:   00000000  s_IABS                          
C:   00000000  s_ISEG                          
C:   00000000  s_PSEG                          
C:   00000000  s_REG_BANK_0                    
C:   00000000  s_RSEG                          
C:   00000000  s_RSEG0                         
C:   00000000  s_RSEG1                         
C:   00000000  s_XABS                          
C:   00000000  s_XSEG                          
C:   00000001  l_OSEG                          
C:   00000003  l_GSFINAL                       
C:   00000003  l_GSINIT0                       
C:   00000006  l_HOME                          
C:   00000006  s_GSINIT0                       
C:   00000008  l_REG_BANK_0                    
C:   00000008  s_REG_BANK_1                    
C:   00000009  s_GSINIT1                       
C:   00000009  s_GSINIT2                       
C:   0000000A  l_GSINIT2                       
C:   00000010  s_REG_BANK_2                    
C:   00000013  s_GSINIT3                       
C:   00000015  s_OSEG                          
C:   00000016  s_SSEG                          
C:   00000018  s_BIT_BANK                      
C:   00000018  s_REG_BANK_3                    
ASxxxx Linker V03.00 + NoICE + sdld,  page 2.
Hexadecimal  [32-Bits]

Area                                    Addr        Size        Decimal Bytes (Attributes)
--------------------------------        ----        ----        ------- ----- ------------
CABS                                00000000    00000000 =           0. bytes (ABS,CON,CODE)

      Value  Global                              Global Defined In Module
      -----  --------------------------------   ------------------------
C:   00000020  s_BSEG_BYTES                    
C:   00000020  s__CODE                         
C:   00000022  l_GSINIT3                       
C:   0000002A  l_GSINIT4                       
C:   00000035  s_GSINIT4                       
C:   0000005F  s_GSFINAL                       
C:   0000005F  s_GSINIT                        
C:   0000005F  s_GSINIT5                       
C:   00000062  s_CSEG                          
C:   00000080  l_DSEG                          
C:   00000091  l_CONST                         
C:   000000EA  l_SSEG                          
C:   00000100  l_IRAM                          
C:   00000841  l_XSEG                          
C:   00000841  s_XISEG                         
C:   00000D15  l_CSEG                          
C:   00000D77  s_CONST                         
C:   00000E08  s_XINIT                         

ASxxxx Linker V03.00 + NoICE + sdld,  page 3.
Hexadecimal  [32-Bits]

Area                                    Addr        Size        Decimal Bytes (Attributes)
--------------------------------        ----        ----        ------- ----- ------------
.  .ABS.                            00000000    00000000 =           0. bytes (ABS,CON)

      Value  Global                              Global Defined In Module
      -----  --------------------------------   ------------------------
     00000000  .__.ABS.                           _bp
     00000080  _P0                                syntax
     00000080  _P0_0                              syntax
     00000081  _P0_1                              syntax
     00000081  _SP                                syntax
     00000082  _DP0L                              syntax
     00000082  _DPL                               syntax
     00000082  _P0_2                              syntax
     00000083  _DP0H                              syntax
     00000083  _DPH                               syntax
     00000083  _P0_3                              syntax
     00000084  _P0_4                              syntax
     00000085  _P0_5                              syntax
     00000086  _P0_6                              syntax
     00000087  _P0_7                              syntax
     00000087  _PCON                              syntax
     00000088  _IT0                               syntax
     00000088  _TCON                              syntax
     00000089  _IE0                               syntax
     00000089  _TMOD                              syntax
     0000008A  _IT1                               syntax
     0000008A  _TL0                               syntax
     0000008B  _IE1                               syntax
     0000008B  _TL1                               syntax
     0000008C  _TH0                               syntax
     0000008C  _TR0                               syntax
     0000008D  _TF0                               syntax
     0000008D  _TH1                               syntax
     0000008E  _AUXR                              syntax
     0000008E  _TR1                               syntax
     0000008F  _CKCON0                            syntax
     0000008F  _TF1                               syntax
     00000090  _P1                                syntax
     00000090  _P1_0                              syntax
     00000091  _P1_1                              syntax
     00000092  _P1_2                              syntax
     00000093  _P1_3                              syntax
     00000094  _P1_4                              syntax
     00000095  _P1_5                              syntax
     00000096  _P1_6                              syntax
     00000097  _CKRL                              syntax
     00000097  _P1_7                              syntax
     00000098  _RI                                syntax
     00000098  _SCON                              syntax
     00000099  _SBUF                              syntax
     00000099  _SBUF0                             syntax
     00000099  _TI                                syntax
     0000009A  _BRL                               syntax
     0000009A  _RB8                               syntax
     0000009B  _BDRCON                            syntax
ASxxxx Linker V03.00 + NoICE + sdld,  page 4.
Hexadecimal  [32-Bits]

Area                                    Addr        Size        Decimal Bytes (Attributes)
--------------------------------        ----        ----        ------- ----- ------------
.  .ABS.                            00000000    00000000 =           0. bytes (ABS,CON)

      Value  Global                              Global Defined In Module
      -----  --------------------------------   ------------------------
     0000009B  _TB8                               syntax
     0000009C  _KBLS                              syntax
     0000009C  _REN                               syntax
     0000009D  _KBE                               syntax
     0000009D  _SM2                               syntax
     0000009E  _KBF                               syntax
     0000009E  _SM1                               syntax
     0000009F  _SM0                               syntax
     000000A0  _P2                                syntax
     000000A0  _P2_0                              syntax
     000000A0  __XPAGE                            
     000000A1  _P2_1                              syntax
     000000A2  _AUXR1                             syntax
     000000A2  _P2_2                              syntax
     000000A3  _P2_3                              syntax
     000000A4  _P2_4                              syntax
     000000A5  _P2_5                              syntax
     000000A6  _P2_6                              syntax
     000000A6  _WDTRST                            syntax
     000000A7  _P2_7                              syntax
     000000A7  _WDTPRG                            syntax
     000000A8  _EX0                               syntax
     000000A8  _IE                                syntax
     000000A8  _IEN0                              syntax
     000000A9  _ET0                               syntax
     000000A9  _SADDR                             syntax
     000000AA  _EX1                               syntax
     000000AB  _ET1                               syntax
     000000AC  _ES                                syntax
     000000AD  _ET2                               syntax
     000000AE  _EC                                syntax
     000000AF  _CKCON1                            syntax
     000000AF  _EA                                syntax
     000000B0  _P3                                syntax
     000000B0  _P3_0                              syntax
     000000B0  _RXD                               syntax
     000000B0  _RXD0                              syntax
     000000B1  _IEN1                              syntax
     000000B1  _P3_1                              syntax
     000000B1  _TXD                               syntax
     000000B1  _TXD0                              syntax
     000000B2  _INT0                              syntax
     000000B2  _IPL1                              syntax
     000000B2  _P3_2                              syntax
     000000B3  _INT1                              syntax
     000000B3  _IPH1                              syntax
     000000B3  _P3_3                              syntax
     000000B4  _P3_4                              syntax
     000000B4  _T0                                syntax
     000000B5  _P3_5                              syntax
     000000B5  _T1                                syntax
ASxxxx Linker V03.00 + NoICE + sdld,  page 5.
Hexadecimal  [32-Bits]

Area                                    Addr        Size        Decimal Bytes (Attributes)
--------------------------------        ----        ----        ------- ----- ------------
.  .ABS.                            00000000    00000000 =           0. bytes (ABS,CON)

      Value  Global                              Global Defined In Module
      -----  --------------------------------   ------------------------
     000000B6  _P3_6                              syntax
     000000B6  _WR                                syntax
     000000B7  _IPH0                              syntax
     000000B7  _P3_7                              syntax
     000000B7  _RD                                syntax
     000000B8  _IP                                syntax
     000000B8  _IPL0                              syntax
     000000B8  _PX0                               syntax
     000000B8  _PX0L                              syntax
     000000B9  _PT0                               syntax
     000000B9  _PT0L                              syntax
     000000B9  _SADEN                             syntax
     000000BA  _PX1                               syntax
     000000BA  _PX1L                              syntax
     000000BB  _PT1                               syntax
     000000BB  _PT1L                              syntax
     000000BC  _PS                                syntax
     000000BC  _PSL                               syntax
     000000BD  _PT2                               syntax
     000000BD  _PT2L                              syntax
     000000BE  _PPCL                              syntax
     000000C0  _P4                                syntax
     000000C0  _P4_0                              syntax
     000000C1  _P4_1                              syntax
     000000C2  _P4_2                              syntax
     000000C3  _P4_3                              syntax
     000000C3  _SPCON                             syntax
     000000C4  _P4_4                              syntax
     000000C4  _SPSTA                             syntax
     000000C5  _P4_5                              syntax
     000000C5  _SPDAT                             syntax
     000000C6  _P4_6                              syntax
     000000C7  _P4_7                              syntax
     000000C8  _CP_RL2                            syntax
     000000C8  _T2CON                             syntax
     000000C8  _T2CON_0                           syntax
     000000C9  _C_T2                              syntax
     000000C9  _T2CON_1                           syntax
     000000C9  _T2MOD                             syntax
     000000CA  _RCAP2L                            syntax
     000000CA  _T2CON_2                           syntax
     000000CA  _TR2                               syntax
     000000CB  _EXEN2                             syntax
     000000CB  _RCAP2H                            syntax
     000000CB  _T2CON_3                           syntax
     000000CC  _T2CON_4                           syntax
     000000CC  _TCLK                              syntax
     000000CC  _TL2                               syntax
     000000CD  _RCLK                              syntax
     000000CD  _T2CON_5                           syntax
     000000CD  _TH2                               syntax
ASxxxx Linker V03.00 + NoICE + sdld,  page 6.
Hexadecimal  [32-Bits]

Area                                    Addr        Size        Decimal Bytes (Attributes)
--------------------------------        ----        ----        ------- ----- ------------
.  .ABS.                            00000000    00000000 =           0. bytes (ABS,CON)

      Value  Global                              Global Defined In Module
      -----  --------------------------------   ------------------------
     000000CE  _EXF2                              syntax
     000000CE  _T2CON_6                           syntax
     000000CF  _T2CON_7                           syntax
     000000CF  _TF2                               syntax
     000000D0  _P                                 syntax
     000000D0  _PSW                               syntax
     000000D1  _F1                                syntax
     000000D2  _EECON                             syntax
     000000D2  _OV                                syntax
     000000D3  _RS0                               syntax
     000000D4  _RS1                               syntax
     000000D5  _F0                                syntax
     000000D6  _AC                                syntax
     000000D7  _CY                                syntax
     000000D8  _CCF0                              syntax
     000000D8  _CCON                              syntax
     000000D9  _CCF1                              syntax
     000000D9  _CMOD                              syntax
     000000DA  _CCAPM0                            syntax
     000000DA  _CCF2                              syntax
     000000DB  _CCAPM1                            syntax
     000000DB  _CCF3                              syntax
     000000DC  _CCAPM2                            syntax
     000000DC  _CCF4                              syntax
     000000DD  _CCAPM3                            syntax
     000000DE  _CCAPM4                            syntax
     000000DE  _CR                                syntax
     000000DF  _CF                                syntax
     000000E0  _ACC                               syntax
     000000E8  _P5                                syntax
     000000E8  _P5_0                              syntax
     000000E9  _CL                                syntax
     000000E9  _P5_1                              syntax
     000000EA  _CCAP0L                            syntax
     000000EA  _P5_2                              syntax
     000000EB  _CCAP1L                            syntax
     000000EB  _P5_3                              syntax
     000000EC  _CCAP2L                            syntax
     000000EC  _P5_4                              syntax
     000000ED  _CCAP3L                            syntax
     000000ED  _P5_5                              syntax
     000000EE  _CCAP4L                            syntax
     000000EE  _P5_6                              syntax
     000000EF  _P5_7                              syntax
     000000F0  _B                                 syntax
     000000F0  _BREG_F0                           syntax
     000000F1  _BREG_F1                           syntax
     000000F2  _BREG_F2                           syntax
     000000F3  _BREG_F3                           syntax
     000000F4  _BREG_F4                           syntax
     000000F5  _BREG_F5                           syntax
ASxxxx Linker V03.00 + NoICE + sdld,  page 7.
Hexadecimal  [32-Bits]

Area                                    Addr        Size        Decimal Bytes (Attributes)
--------------------------------        ----        ----        ------- ----- ------------
.  .ABS.                            00000000    00000000 =           0. bytes (ABS,CON)

      Value  Global                              Global Defined In Module
      -----  --------------------------------   ------------------------
     000000F5  _B_5                               _gptrget
     000000F6  _BREG_F6                           syntax
     000000F6  _B_6                               _gptrget
     000000F7  _BREG_F7                           syntax
     000000F7  _B_7                               _gptrget
     000000F9  _CH                                syntax
     000000FA  _CCAP0H                            syntax
     000000FB  _CCAP1H                            syntax
     000000FC  _CCAP2H                            syntax
     000000FD  _CCAP3H                            syntax
     000000FE  _CCAP4H                            syntax

ASxxxx Linker V03.00 + NoICE + sdld,  page 8.
Hexadecimal  [32-Bits]

Area                                    Addr        Size        Decimal Bytes (Attributes)
--------------------------------        ----        ----        ------- ----- ------------
REG_BANK_0                          00000000    00000008 =           8. bytes (REL,OVR)

      Value  Global                              Global Defined In Module
      -----  --------------------------------   ------------------------
ASxxxx Linker V03.00 + NoICE + sdld,  page 9.
Hexadecimal  [32-Bits]

Area                                    Addr        Size        Decimal Bytes (Attributes)
--------------------------------        ----        ----        ------- ----- ------------
DSEG                                00000000    00000080 =         128. bytes (REL,CON)

      Value  Global                              Global Defined In Module
      -----  --------------------------------   ------------------------
     00000014  _bp                                _bp

ASxxxx Linker V03.00 + NoICE + sdld,  page 10.
Hexadecimal  [32-Bits]

Area                                    Addr        Size        Decimal Bytes (Attributes)
--------------------------------        ----        ----        ------- ----- ------------
OSEG                                00000015    00000001 =           1. bytes (REL,OVR)

      Value  Global                              Global Defined In Module
      -----  --------------------------------   ------------------------
ASxxxx Linker V03.00 + NoICE + sdld,  page 11.
Hexadecimal  [32-Bits]

Area                                    Addr        Size        Decimal Bytes (Attributes)
--------------------------------        ----        ----        ------- ----- ------------
SSEG                                00000016    000000EA =         234. bytes (REL,OVR)

      Value  Global                              Global Defined In Module
      -----  --------------------------------   ------------------------
     00000016  __start__stack                     syntax

ASxxxx Linker V03.00 + NoICE + sdld,  page 12.
Hexadecimal  [32-Bits]

Area                                    Addr        Size        Decimal Bytes (Attributes)
--------------------------------        ----        ----        ------- ----- ------------
XSEG                                00000000    00000841 =        2113. bytes (REL,CON,XDATA)

      Value  Global                              Global Defined In Module
      -----  --------------------------------   ------------------------
D:   00000000  ___sdcc_heap                       _heap
D:   00000800  ___sdcc_heap_free                  malloc
D:   00000808  _vprintf_PARM_2                    vprintf
D:   0000081D  __print_format_PARM_2              printf_large
D:   00000820  __print_format_PARM_3              printf_large
D:   00000823  __print_format_PARM_4              printf_large
D:   0000083F  __mulint_PARM_2                    _mulint

ASxxxx Linker V03.00 + NoICE + sdld,  page 13.
Hexadecimal  [32-Bits]

Area                                    Addr        Size        Decimal Bytes (Attributes)
--------------------------------        ----        ----        ------- ----- ------------
HOME                                00000000    00000006 =           6. bytes (REL,CON,CODE)

      Value  Global                              Global Defined In Module
      -----  --------------------------------   ------------------------
C:   00000003  __sdcc_program_startup             syntax

ASxxxx Linker V03.00 + NoICE + sdld,  page 14.
Hexadecimal  [32-Bits]

Area                                    Addr        Size        Decimal Bytes (Attributes)
--------------------------------        ----        ----        ------- ----- ------------
GSINIT0                             00000006    00000003 =           3. bytes (REL,CON,CODE)

      Value  Global                              Global Defined In Module
      -----  --------------------------------   ------------------------
C:   00000006  __sdcc_gsinit_startup              

ASxxxx Linker V03.00 + NoICE + sdld,  page 15.
Hexadecimal  [32-Bits]

Area                                    Addr        Size        Decimal Bytes (Attributes)
--------------------------------        ----        ----        ------- ----- ------------
GSINIT2                             00000009    0000000A =          10. bytes (REL,CON,CODE)

      Value  Global                              Global Defined In Module
      -----  --------------------------------   ------------------------
ASxxxx Linker V03.00 + NoICE + sdld,  page 16.
Hexadecimal  [32-Bits]

Area                                    Addr        Size        Decimal Bytes (Attributes)
--------------------------------        ----        ----        ------- ----- ------------
GSINIT3                             00000013    00000022 =          34. bytes (REL,CON,CODE)

      Value  Global                              Global Defined In Module
      -----  --------------------------------   ------------------------
C:   00000013  __mcs51_genXINIT                   

ASxxxx Linker V03.00 + NoICE + sdld,  page 17.
Hexadecimal  [32-Bits]

Area                                    Addr        Size        Decimal Bytes (Attributes)
--------------------------------        ----        ----        ------- ----- ------------
GSINIT4                             00000035    0000002A =          42. bytes (REL,CON,CODE)

      Value  Global                              Global Defined In Module
      -----  --------------------------------   ------------------------
C:   00000035  __mcs51_genRAMCLEAR                
C:   0000003B  __mcs51_genXRAMCLEAR               

ASxxxx Linker V03.00 + NoICE + sdld,  page 18.
Hexadecimal  [32-Bits]

Area                                    Addr        Size        Decimal Bytes (Attributes)
--------------------------------        ----        ----        ------- ----- ------------
GSFINAL                             0000005F    00000003 =           3. bytes (REL,CON,CODE)

      Value  Global                              Global Defined In Module
      -----  --------------------------------   ------------------------
ASxxxx Linker V03.00 + NoICE + sdld,  page 19.
Hexadecimal  [32-Bits]

Area                                    Addr        Size        Decimal Bytes (Attributes)
--------------------------------        ----        ----        ------- ----- ------------
CSEG                                00000062    00000D15 =        3349. bytes (REL,CON,CODE)

      Value  Global                              Global Defined In Module
      -----  --------------------------------   ------------------------
C:   00000062  _main                              syntax
C:   00000122  ___sdcc_heap_init                  malloc
C:   0000015E  _malloc                            malloc
C:   000002D6  _vprintf                           vprintf
C:   00000315  _printf                            vprintf
C:   0000041E  __print_format                     printf_large
C:   00000D1F  _strlen                            _strlen
C:   00000D37  __mulint                           _mulint
C:   00000D57  __gptrget                          _gptrget
C:   00000D73  __sdcc_external_startup            _startup

ASxxxx Linker V03.00 + NoICE + sdld,  page 20.
Hexadecimal  [32-Bits]

Area                                    Addr        Size        Decimal Bytes (Attributes)
--------------------------------        ----        ----        ------- ----- ------------
CONST                               00000D77    00000091 =         145. bytes (REL,CON,CODE)

      Value  Global                              Global Defined In Module
      -----  --------------------------------   ------------------------
C:   00000DFB  ___sdcc_heap_size                  _heap

ASxxxx Linker V03.00 + NoICE + sdld,  page 21.

Files Linked                              [ module(s) ]

syntax.rel                                [  ]
_heap.rel                                 [  ]


Libraries Linked                          [ object file ]

/usr/bin/../share/sdcc/lib/large/mcs51.lib
                                          [ crtclear.rel ]
/usr/bin/../share/sdcc/lib/large/mcs51.lib
                                          [ crtxinit.rel ]
/usr/bin/../share/sdcc/lib/large/libsdcc.lib
                                          [ malloc.rel ]
/usr/bin/../share/sdcc/lib/large/mcs51.lib
                                          [ crtxclear.rel ]
/usr/bin/../share/sdcc/lib/large/libsdcc.lib
                                          [ vprintf.rel ]
/usr/bin/../share/sdcc/lib/large/libsdcc.lib
                                          [ printf_large.rel ]
/usr/bin/../share/sdcc/lib/large/mcs51.lib
                                          [ crtpagesfr.rel ]
/usr/bin/../share/sdcc/lib/large/libsdcc.lib
                                          [ _strlen.rel ]
/usr/bin/../share/sdcc/lib/large/libint.lib
                                          [ _mulint.rel ]
/usr/bin/../share/sdcc/lib/large/mcs51.lib
                                          [ crtstart.rel ]
/usr/bin/../share/sdcc/lib/large/libsdcc.lib
                                          [ _gptrget.rel ]
/usr/bin/../share/sdcc/lib/large/libsdcc.lib
                                          [ _startup.rel ]
/usr/bin/../share/sdcc/lib/large/libsdcc.lib
                                          [ _bp.rel ]

ASxxxx Linker V03.00 + NoICE + sdld,  page 22.

User Base Address Definitions

HOME = 0x0000
ISEG = 0x0000
BSEG = 0x0000


?ASlink-Warning-Undefined Global '_putchar' referenced by module 'vprintf'
