                                      1 ;--------------------------------------------------------
                                      2 ; File Created by SDCC : free open source ANSI-C Compiler
                                      3 ; Version 4.0.0 #11528 (Linux)
                                      4 ;--------------------------------------------------------
                                      5 	.module pwm
                                      6 	.optsdcc -mmcs51 --model-large
                                      7 	
                                      8 ;--------------------------------------------------------
                                      9 ; Public variables in this module
                                     10 ;--------------------------------------------------------
                                     11 	.globl _HSO_mode_on
                                     12 	.globl _main
                                     13 	.globl _getchar
                                     14 	.globl _putchar
                                     15 	.globl _HS0_mode_on
                                     16 	.globl _printf
                                     17 	.globl _TF1
                                     18 	.globl _TR1
                                     19 	.globl _TF0
                                     20 	.globl _TR0
                                     21 	.globl _IE1
                                     22 	.globl _IT1
                                     23 	.globl _IE0
                                     24 	.globl _IT0
                                     25 	.globl _SM0
                                     26 	.globl _SM1
                                     27 	.globl _SM2
                                     28 	.globl _REN
                                     29 	.globl _TB8
                                     30 	.globl _RB8
                                     31 	.globl _TI
                                     32 	.globl _RI
                                     33 	.globl _CY
                                     34 	.globl _AC
                                     35 	.globl _F0
                                     36 	.globl _RS1
                                     37 	.globl _RS0
                                     38 	.globl _OV
                                     39 	.globl _F1
                                     40 	.globl _P
                                     41 	.globl _RD
                                     42 	.globl _WR
                                     43 	.globl _T1
                                     44 	.globl _T0
                                     45 	.globl _INT1
                                     46 	.globl _INT0
                                     47 	.globl _TXD0
                                     48 	.globl _TXD
                                     49 	.globl _RXD0
                                     50 	.globl _RXD
                                     51 	.globl _P3_7
                                     52 	.globl _P3_6
                                     53 	.globl _P3_5
                                     54 	.globl _P3_4
                                     55 	.globl _P3_3
                                     56 	.globl _P3_2
                                     57 	.globl _P3_1
                                     58 	.globl _P3_0
                                     59 	.globl _P2_7
                                     60 	.globl _P2_6
                                     61 	.globl _P2_5
                                     62 	.globl _P2_4
                                     63 	.globl _P2_3
                                     64 	.globl _P2_2
                                     65 	.globl _P2_1
                                     66 	.globl _P2_0
                                     67 	.globl _P1_7
                                     68 	.globl _P1_6
                                     69 	.globl _P1_5
                                     70 	.globl _P1_4
                                     71 	.globl _P1_3
                                     72 	.globl _P1_2
                                     73 	.globl _P1_1
                                     74 	.globl _P1_0
                                     75 	.globl _P0_7
                                     76 	.globl _P0_6
                                     77 	.globl _P0_5
                                     78 	.globl _P0_4
                                     79 	.globl _P0_3
                                     80 	.globl _P0_2
                                     81 	.globl _P0_1
                                     82 	.globl _P0_0
                                     83 	.globl _PS
                                     84 	.globl _PT1
                                     85 	.globl _PX1
                                     86 	.globl _PT0
                                     87 	.globl _PX0
                                     88 	.globl _EA
                                     89 	.globl _ES
                                     90 	.globl _ET1
                                     91 	.globl _EX1
                                     92 	.globl _ET0
                                     93 	.globl _EX0
                                     94 	.globl _BREG_F7
                                     95 	.globl _BREG_F6
                                     96 	.globl _BREG_F5
                                     97 	.globl _BREG_F4
                                     98 	.globl _BREG_F3
                                     99 	.globl _BREG_F2
                                    100 	.globl _BREG_F1
                                    101 	.globl _BREG_F0
                                    102 	.globl _P5_7
                                    103 	.globl _P5_6
                                    104 	.globl _P5_5
                                    105 	.globl _P5_4
                                    106 	.globl _P5_3
                                    107 	.globl _P5_2
                                    108 	.globl _P5_1
                                    109 	.globl _P5_0
                                    110 	.globl _P4_7
                                    111 	.globl _P4_6
                                    112 	.globl _P4_5
                                    113 	.globl _P4_4
                                    114 	.globl _P4_3
                                    115 	.globl _P4_2
                                    116 	.globl _P4_1
                                    117 	.globl _P4_0
                                    118 	.globl _PX0L
                                    119 	.globl _PT0L
                                    120 	.globl _PX1L
                                    121 	.globl _PT1L
                                    122 	.globl _PSL
                                    123 	.globl _PT2L
                                    124 	.globl _PPCL
                                    125 	.globl _EC
                                    126 	.globl _CCF0
                                    127 	.globl _CCF1
                                    128 	.globl _CCF2
                                    129 	.globl _CCF3
                                    130 	.globl _CCF4
                                    131 	.globl _CR
                                    132 	.globl _CF
                                    133 	.globl _TF2
                                    134 	.globl _EXF2
                                    135 	.globl _RCLK
                                    136 	.globl _TCLK
                                    137 	.globl _EXEN2
                                    138 	.globl _TR2
                                    139 	.globl _C_T2
                                    140 	.globl _CP_RL2
                                    141 	.globl _T2CON_7
                                    142 	.globl _T2CON_6
                                    143 	.globl _T2CON_5
                                    144 	.globl _T2CON_4
                                    145 	.globl _T2CON_3
                                    146 	.globl _T2CON_2
                                    147 	.globl _T2CON_1
                                    148 	.globl _T2CON_0
                                    149 	.globl _PT2
                                    150 	.globl _ET2
                                    151 	.globl _TMOD
                                    152 	.globl _TL1
                                    153 	.globl _TL0
                                    154 	.globl _TH1
                                    155 	.globl _TH0
                                    156 	.globl _TCON
                                    157 	.globl _SP
                                    158 	.globl _SCON
                                    159 	.globl _SBUF0
                                    160 	.globl _SBUF
                                    161 	.globl _PSW
                                    162 	.globl _PCON
                                    163 	.globl _P3
                                    164 	.globl _P2
                                    165 	.globl _P1
                                    166 	.globl _P0
                                    167 	.globl _IP
                                    168 	.globl _IE
                                    169 	.globl _DP0L
                                    170 	.globl _DPL
                                    171 	.globl _DP0H
                                    172 	.globl _DPH
                                    173 	.globl _B
                                    174 	.globl _ACC
                                    175 	.globl _EECON
                                    176 	.globl _KBF
                                    177 	.globl _KBE
                                    178 	.globl _KBLS
                                    179 	.globl _BRL
                                    180 	.globl _BDRCON
                                    181 	.globl _T2MOD
                                    182 	.globl _SPDAT
                                    183 	.globl _SPSTA
                                    184 	.globl _SPCON
                                    185 	.globl _SADEN
                                    186 	.globl _SADDR
                                    187 	.globl _WDTPRG
                                    188 	.globl _WDTRST
                                    189 	.globl _P5
                                    190 	.globl _P4
                                    191 	.globl _IPH1
                                    192 	.globl _IPL1
                                    193 	.globl _IPH0
                                    194 	.globl _IPL0
                                    195 	.globl _IEN1
                                    196 	.globl _IEN0
                                    197 	.globl _CMOD
                                    198 	.globl _CL
                                    199 	.globl _CH
                                    200 	.globl _CCON
                                    201 	.globl _CCAPM4
                                    202 	.globl _CCAPM3
                                    203 	.globl _CCAPM2
                                    204 	.globl _CCAPM1
                                    205 	.globl _CCAPM0
                                    206 	.globl _CCAP4L
                                    207 	.globl _CCAP3L
                                    208 	.globl _CCAP2L
                                    209 	.globl _CCAP1L
                                    210 	.globl _CCAP0L
                                    211 	.globl _CCAP4H
                                    212 	.globl _CCAP3H
                                    213 	.globl _CCAP2H
                                    214 	.globl _CCAP1H
                                    215 	.globl _CCAP0H
                                    216 	.globl _CKCON1
                                    217 	.globl _CKCON0
                                    218 	.globl _CKRL
                                    219 	.globl _AUXR1
                                    220 	.globl _AUXR
                                    221 	.globl _TH2
                                    222 	.globl _TL2
                                    223 	.globl _RCAP2H
                                    224 	.globl _RCAP2L
                                    225 	.globl _T2CON
                                    226 	.globl _idle_mode
                                    227 	.globl _power_down_mode
                                    228 	.globl _freq_max
                                    229 	.globl _freq_min
                                    230 	.globl _pwm_init
                                    231 	.globl _pwm_start
                                    232 	.globl _pwm_stop
                                    233 	.globl _HS0_mode_off
                                    234 ;--------------------------------------------------------
                                    235 ; special function registers
                                    236 ;--------------------------------------------------------
                                    237 	.area RSEG    (ABS,DATA)
      000000                        238 	.org 0x0000
                           0000C8   239 _T2CON	=	0x00c8
                           0000CA   240 _RCAP2L	=	0x00ca
                           0000CB   241 _RCAP2H	=	0x00cb
                           0000CC   242 _TL2	=	0x00cc
                           0000CD   243 _TH2	=	0x00cd
                           00008E   244 _AUXR	=	0x008e
                           0000A2   245 _AUXR1	=	0x00a2
                           000097   246 _CKRL	=	0x0097
                           00008F   247 _CKCON0	=	0x008f
                           0000AF   248 _CKCON1	=	0x00af
                           0000FA   249 _CCAP0H	=	0x00fa
                           0000FB   250 _CCAP1H	=	0x00fb
                           0000FC   251 _CCAP2H	=	0x00fc
                           0000FD   252 _CCAP3H	=	0x00fd
                           0000FE   253 _CCAP4H	=	0x00fe
                           0000EA   254 _CCAP0L	=	0x00ea
                           0000EB   255 _CCAP1L	=	0x00eb
                           0000EC   256 _CCAP2L	=	0x00ec
                           0000ED   257 _CCAP3L	=	0x00ed
                           0000EE   258 _CCAP4L	=	0x00ee
                           0000DA   259 _CCAPM0	=	0x00da
                           0000DB   260 _CCAPM1	=	0x00db
                           0000DC   261 _CCAPM2	=	0x00dc
                           0000DD   262 _CCAPM3	=	0x00dd
                           0000DE   263 _CCAPM4	=	0x00de
                           0000D8   264 _CCON	=	0x00d8
                           0000F9   265 _CH	=	0x00f9
                           0000E9   266 _CL	=	0x00e9
                           0000D9   267 _CMOD	=	0x00d9
                           0000A8   268 _IEN0	=	0x00a8
                           0000B1   269 _IEN1	=	0x00b1
                           0000B8   270 _IPL0	=	0x00b8
                           0000B7   271 _IPH0	=	0x00b7
                           0000B2   272 _IPL1	=	0x00b2
                           0000B3   273 _IPH1	=	0x00b3
                           0000C0   274 _P4	=	0x00c0
                           0000E8   275 _P5	=	0x00e8
                           0000A6   276 _WDTRST	=	0x00a6
                           0000A7   277 _WDTPRG	=	0x00a7
                           0000A9   278 _SADDR	=	0x00a9
                           0000B9   279 _SADEN	=	0x00b9
                           0000C3   280 _SPCON	=	0x00c3
                           0000C4   281 _SPSTA	=	0x00c4
                           0000C5   282 _SPDAT	=	0x00c5
                           0000C9   283 _T2MOD	=	0x00c9
                           00009B   284 _BDRCON	=	0x009b
                           00009A   285 _BRL	=	0x009a
                           00009C   286 _KBLS	=	0x009c
                           00009D   287 _KBE	=	0x009d
                           00009E   288 _KBF	=	0x009e
                           0000D2   289 _EECON	=	0x00d2
                           0000E0   290 _ACC	=	0x00e0
                           0000F0   291 _B	=	0x00f0
                           000083   292 _DPH	=	0x0083
                           000083   293 _DP0H	=	0x0083
                           000082   294 _DPL	=	0x0082
                           000082   295 _DP0L	=	0x0082
                           0000A8   296 _IE	=	0x00a8
                           0000B8   297 _IP	=	0x00b8
                           000080   298 _P0	=	0x0080
                           000090   299 _P1	=	0x0090
                           0000A0   300 _P2	=	0x00a0
                           0000B0   301 _P3	=	0x00b0
                           000087   302 _PCON	=	0x0087
                           0000D0   303 _PSW	=	0x00d0
                           000099   304 _SBUF	=	0x0099
                           000099   305 _SBUF0	=	0x0099
                           000098   306 _SCON	=	0x0098
                           000081   307 _SP	=	0x0081
                           000088   308 _TCON	=	0x0088
                           00008C   309 _TH0	=	0x008c
                           00008D   310 _TH1	=	0x008d
                           00008A   311 _TL0	=	0x008a
                           00008B   312 _TL1	=	0x008b
                           000089   313 _TMOD	=	0x0089
                                    314 ;--------------------------------------------------------
                                    315 ; special function bits
                                    316 ;--------------------------------------------------------
                                    317 	.area RSEG    (ABS,DATA)
      000000                        318 	.org 0x0000
                           0000AD   319 _ET2	=	0x00ad
                           0000BD   320 _PT2	=	0x00bd
                           0000C8   321 _T2CON_0	=	0x00c8
                           0000C9   322 _T2CON_1	=	0x00c9
                           0000CA   323 _T2CON_2	=	0x00ca
                           0000CB   324 _T2CON_3	=	0x00cb
                           0000CC   325 _T2CON_4	=	0x00cc
                           0000CD   326 _T2CON_5	=	0x00cd
                           0000CE   327 _T2CON_6	=	0x00ce
                           0000CF   328 _T2CON_7	=	0x00cf
                           0000C8   329 _CP_RL2	=	0x00c8
                           0000C9   330 _C_T2	=	0x00c9
                           0000CA   331 _TR2	=	0x00ca
                           0000CB   332 _EXEN2	=	0x00cb
                           0000CC   333 _TCLK	=	0x00cc
                           0000CD   334 _RCLK	=	0x00cd
                           0000CE   335 _EXF2	=	0x00ce
                           0000CF   336 _TF2	=	0x00cf
                           0000DF   337 _CF	=	0x00df
                           0000DE   338 _CR	=	0x00de
                           0000DC   339 _CCF4	=	0x00dc
                           0000DB   340 _CCF3	=	0x00db
                           0000DA   341 _CCF2	=	0x00da
                           0000D9   342 _CCF1	=	0x00d9
                           0000D8   343 _CCF0	=	0x00d8
                           0000AE   344 _EC	=	0x00ae
                           0000BE   345 _PPCL	=	0x00be
                           0000BD   346 _PT2L	=	0x00bd
                           0000BC   347 _PSL	=	0x00bc
                           0000BB   348 _PT1L	=	0x00bb
                           0000BA   349 _PX1L	=	0x00ba
                           0000B9   350 _PT0L	=	0x00b9
                           0000B8   351 _PX0L	=	0x00b8
                           0000C0   352 _P4_0	=	0x00c0
                           0000C1   353 _P4_1	=	0x00c1
                           0000C2   354 _P4_2	=	0x00c2
                           0000C3   355 _P4_3	=	0x00c3
                           0000C4   356 _P4_4	=	0x00c4
                           0000C5   357 _P4_5	=	0x00c5
                           0000C6   358 _P4_6	=	0x00c6
                           0000C7   359 _P4_7	=	0x00c7
                           0000E8   360 _P5_0	=	0x00e8
                           0000E9   361 _P5_1	=	0x00e9
                           0000EA   362 _P5_2	=	0x00ea
                           0000EB   363 _P5_3	=	0x00eb
                           0000EC   364 _P5_4	=	0x00ec
                           0000ED   365 _P5_5	=	0x00ed
                           0000EE   366 _P5_6	=	0x00ee
                           0000EF   367 _P5_7	=	0x00ef
                           0000F0   368 _BREG_F0	=	0x00f0
                           0000F1   369 _BREG_F1	=	0x00f1
                           0000F2   370 _BREG_F2	=	0x00f2
                           0000F3   371 _BREG_F3	=	0x00f3
                           0000F4   372 _BREG_F4	=	0x00f4
                           0000F5   373 _BREG_F5	=	0x00f5
                           0000F6   374 _BREG_F6	=	0x00f6
                           0000F7   375 _BREG_F7	=	0x00f7
                           0000A8   376 _EX0	=	0x00a8
                           0000A9   377 _ET0	=	0x00a9
                           0000AA   378 _EX1	=	0x00aa
                           0000AB   379 _ET1	=	0x00ab
                           0000AC   380 _ES	=	0x00ac
                           0000AF   381 _EA	=	0x00af
                           0000B8   382 _PX0	=	0x00b8
                           0000B9   383 _PT0	=	0x00b9
                           0000BA   384 _PX1	=	0x00ba
                           0000BB   385 _PT1	=	0x00bb
                           0000BC   386 _PS	=	0x00bc
                           000080   387 _P0_0	=	0x0080
                           000081   388 _P0_1	=	0x0081
                           000082   389 _P0_2	=	0x0082
                           000083   390 _P0_3	=	0x0083
                           000084   391 _P0_4	=	0x0084
                           000085   392 _P0_5	=	0x0085
                           000086   393 _P0_6	=	0x0086
                           000087   394 _P0_7	=	0x0087
                           000090   395 _P1_0	=	0x0090
                           000091   396 _P1_1	=	0x0091
                           000092   397 _P1_2	=	0x0092
                           000093   398 _P1_3	=	0x0093
                           000094   399 _P1_4	=	0x0094
                           000095   400 _P1_5	=	0x0095
                           000096   401 _P1_6	=	0x0096
                           000097   402 _P1_7	=	0x0097
                           0000A0   403 _P2_0	=	0x00a0
                           0000A1   404 _P2_1	=	0x00a1
                           0000A2   405 _P2_2	=	0x00a2
                           0000A3   406 _P2_3	=	0x00a3
                           0000A4   407 _P2_4	=	0x00a4
                           0000A5   408 _P2_5	=	0x00a5
                           0000A6   409 _P2_6	=	0x00a6
                           0000A7   410 _P2_7	=	0x00a7
                           0000B0   411 _P3_0	=	0x00b0
                           0000B1   412 _P3_1	=	0x00b1
                           0000B2   413 _P3_2	=	0x00b2
                           0000B3   414 _P3_3	=	0x00b3
                           0000B4   415 _P3_4	=	0x00b4
                           0000B5   416 _P3_5	=	0x00b5
                           0000B6   417 _P3_6	=	0x00b6
                           0000B7   418 _P3_7	=	0x00b7
                           0000B0   419 _RXD	=	0x00b0
                           0000B0   420 _RXD0	=	0x00b0
                           0000B1   421 _TXD	=	0x00b1
                           0000B1   422 _TXD0	=	0x00b1
                           0000B2   423 _INT0	=	0x00b2
                           0000B3   424 _INT1	=	0x00b3
                           0000B4   425 _T0	=	0x00b4
                           0000B5   426 _T1	=	0x00b5
                           0000B6   427 _WR	=	0x00b6
                           0000B7   428 _RD	=	0x00b7
                           0000D0   429 _P	=	0x00d0
                           0000D1   430 _F1	=	0x00d1
                           0000D2   431 _OV	=	0x00d2
                           0000D3   432 _RS0	=	0x00d3
                           0000D4   433 _RS1	=	0x00d4
                           0000D5   434 _F0	=	0x00d5
                           0000D6   435 _AC	=	0x00d6
                           0000D7   436 _CY	=	0x00d7
                           000098   437 _RI	=	0x0098
                           000099   438 _TI	=	0x0099
                           00009A   439 _RB8	=	0x009a
                           00009B   440 _TB8	=	0x009b
                           00009C   441 _REN	=	0x009c
                           00009D   442 _SM2	=	0x009d
                           00009E   443 _SM1	=	0x009e
                           00009F   444 _SM0	=	0x009f
                           000088   445 _IT0	=	0x0088
                           000089   446 _IE0	=	0x0089
                           00008A   447 _IT1	=	0x008a
                           00008B   448 _IE1	=	0x008b
                           00008C   449 _TR0	=	0x008c
                           00008D   450 _TF0	=	0x008d
                           00008E   451 _TR1	=	0x008e
                           00008F   452 _TF1	=	0x008f
                                    453 ;--------------------------------------------------------
                                    454 ; overlayable register banks
                                    455 ;--------------------------------------------------------
                                    456 	.area REG_BANK_0	(REL,OVR,DATA)
      000000                        457 	.ds 8
                                    458 ;--------------------------------------------------------
                                    459 ; internal ram data
                                    460 ;--------------------------------------------------------
                                    461 	.area DSEG    (DATA)
                                    462 ;--------------------------------------------------------
                                    463 ; overlayable items in internal ram 
                                    464 ;--------------------------------------------------------
                                    465 ;--------------------------------------------------------
                                    466 ; Stack segment in internal ram 
                                    467 ;--------------------------------------------------------
                                    468 	.area	SSEG
      000000                        469 __start__stack:
      000000                        470 	.ds	1
                                    471 
                                    472 ;--------------------------------------------------------
                                    473 ; indirectly addressable internal ram data
                                    474 ;--------------------------------------------------------
                                    475 	.area ISEG    (DATA)
                                    476 ;--------------------------------------------------------
                                    477 ; absolute internal ram data
                                    478 ;--------------------------------------------------------
                                    479 	.area IABS    (ABS,DATA)
                                    480 	.area IABS    (ABS,DATA)
                                    481 ;--------------------------------------------------------
                                    482 ; bit data
                                    483 ;--------------------------------------------------------
                                    484 	.area BSEG    (BIT)
                                    485 ;--------------------------------------------------------
                                    486 ; paged external ram data
                                    487 ;--------------------------------------------------------
                                    488 	.area PSEG    (PAG,XDATA)
                                    489 ;--------------------------------------------------------
                                    490 ; external ram data
                                    491 ;--------------------------------------------------------
                                    492 	.area XSEG    (XDATA)
      000000                        493 _putchar_charToSend_65536_72:
      000000                        494 	.ds 2
                                    495 ;--------------------------------------------------------
                                    496 ; absolute external ram data
                                    497 ;--------------------------------------------------------
                                    498 	.area XABS    (ABS,XDATA)
                                    499 ;--------------------------------------------------------
                                    500 ; external initialized ram data
                                    501 ;--------------------------------------------------------
                                    502 	.area XISEG   (XDATA)
                                    503 	.area HOME    (CODE)
                                    504 	.area GSINIT0 (CODE)
                                    505 	.area GSINIT1 (CODE)
                                    506 	.area GSINIT2 (CODE)
                                    507 	.area GSINIT3 (CODE)
                                    508 	.area GSINIT4 (CODE)
                                    509 	.area GSINIT5 (CODE)
                                    510 	.area GSINIT  (CODE)
                                    511 	.area GSFINAL (CODE)
                                    512 	.area CSEG    (CODE)
                                    513 ;--------------------------------------------------------
                                    514 ; interrupt vector 
                                    515 ;--------------------------------------------------------
                                    516 	.area HOME    (CODE)
      000000                        517 __interrupt_vect:
      000000 02r00r00         [24]  518 	ljmp	__sdcc_gsinit_startup
                                    519 ;--------------------------------------------------------
                                    520 ; global & static initialisations
                                    521 ;--------------------------------------------------------
                                    522 	.area HOME    (CODE)
                                    523 	.area GSINIT  (CODE)
                                    524 	.area GSFINAL (CODE)
                                    525 	.area GSINIT  (CODE)
                                    526 	.globl __sdcc_gsinit_startup
                                    527 	.globl __sdcc_program_startup
                                    528 	.globl __start__stack
                                    529 	.globl __mcs51_genXINIT
                                    530 	.globl __mcs51_genXRAMCLEAR
                                    531 	.globl __mcs51_genRAMCLEAR
                                    532 	.area GSFINAL (CODE)
      000000 02r00r03         [24]  533 	ljmp	__sdcc_program_startup
                                    534 ;--------------------------------------------------------
                                    535 ; Home
                                    536 ;--------------------------------------------------------
                                    537 	.area HOME    (CODE)
                                    538 	.area HOME    (CODE)
      000003                        539 __sdcc_program_startup:
      000003 02r00r2D         [24]  540 	ljmp	_main
                                    541 ;	return from main will return to caller
                                    542 ;--------------------------------------------------------
                                    543 ; code
                                    544 ;--------------------------------------------------------
                                    545 	.area CSEG    (CODE)
                                    546 ;------------------------------------------------------------
                                    547 ;Allocation info for local variables in function 'putchar'
                                    548 ;------------------------------------------------------------
                                    549 ;charToSend                Allocated with name '_putchar_charToSend_65536_72'
                                    550 ;------------------------------------------------------------
                                    551 ;	pwm.c:21: int putchar(int charToSend) {
                                    552 ;	-----------------------------------------
                                    553 ;	 function putchar
                                    554 ;	-----------------------------------------
      000000                        555 _putchar:
                           000007   556 	ar7 = 0x07
                           000006   557 	ar6 = 0x06
                           000005   558 	ar5 = 0x05
                           000004   559 	ar4 = 0x04
                           000003   560 	ar3 = 0x03
                           000002   561 	ar2 = 0x02
                           000001   562 	ar1 = 0x01
                           000000   563 	ar0 = 0x00
      000000 AF 83            [24]  564 	mov	r7,dph
      000002 E5 82            [12]  565 	mov	a,dpl
      000004 90r00r00         [24]  566 	mov	dptr,#_putchar_charToSend_65536_72
      000007 F0               [24]  567 	movx	@dptr,a
      000008 EF               [12]  568 	mov	a,r7
      000009 A3               [24]  569 	inc	dptr
      00000A F0               [24]  570 	movx	@dptr,a
                                    571 ;	pwm.c:22: SBUF = charToSend;  // Send character to serial buffer
      00000B 90r00r00         [24]  572 	mov	dptr,#_putchar_charToSend_65536_72
      00000E E0               [24]  573 	movx	a,@dptr
      00000F FE               [12]  574 	mov	r6,a
      000010 A3               [24]  575 	inc	dptr
      000011 E0               [24]  576 	movx	a,@dptr
      000012 FF               [12]  577 	mov	r7,a
      000013 8E 99            [24]  578 	mov	_SBUF,r6
                                    579 ;	pwm.c:23: while (!TI);        // Wait for transmission to complete
      000015                        580 00101$:
                                    581 ;	pwm.c:24: TI = 0;            // Clear transmission interrupt flag
                                    582 ;	assignBit
      000015 10 99 02         [24]  583 	jbc	_TI,00114$
      000018 80 FB            [24]  584 	sjmp	00101$
      00001A                        585 00114$:
                                    586 ;	pwm.c:25: return charToSend;
      00001A 8E 82            [24]  587 	mov	dpl,r6
      00001C 8F 83            [24]  588 	mov	dph,r7
                                    589 ;	pwm.c:26: }
      00001E 22               [24]  590 	ret
                                    591 ;------------------------------------------------------------
                                    592 ;Allocation info for local variables in function 'getchar'
                                    593 ;------------------------------------------------------------
                                    594 ;	pwm.c:32: int getchar(void) 
                                    595 ;	-----------------------------------------
                                    596 ;	 function getchar
                                    597 ;	-----------------------------------------
      00001F                        598 _getchar:
                                    599 ;	pwm.c:34: while (!RI);        // Wait for reception to complete
      00001F                        600 00101$:
                                    601 ;	pwm.c:35: RI = 0;            // Clear reception interrupt flag
                                    602 ;	assignBit
      00001F 10 98 02         [24]  603 	jbc	_RI,00114$
      000022 80 FB            [24]  604 	sjmp	00101$
      000024                        605 00114$:
                                    606 ;	pwm.c:36: return SBUF;       // Return received character
      000024 AE 99            [24]  607 	mov	r6,_SBUF
      000026 7F 00            [12]  608 	mov	r7,#0x00
      000028 8E 82            [24]  609 	mov	dpl,r6
      00002A 8F 83            [24]  610 	mov	dph,r7
                                    611 ;	pwm.c:37: }
      00002C 22               [24]  612 	ret
                                    613 ;------------------------------------------------------------
                                    614 ;Allocation info for local variables in function 'main'
                                    615 ;------------------------------------------------------------
                                    616 ;command                   Allocated with name '_main_command_131072_78'
                                    617 ;------------------------------------------------------------
                                    618 ;	pwm.c:39: void main(void)
                                    619 ;	-----------------------------------------
                                    620 ;	 function main
                                    621 ;	-----------------------------------------
      00002D                        622 _main:
                                    623 ;	pwm.c:42: pwm_init();
      00002D 12r01rFB         [24]  624 	lcall	_pwm_init
                                    625 ;	pwm.c:44: printf("PCA DEMO\n\r");
      000030 74r00            [12]  626 	mov	a,#___str_0
      000032 C0 E0            [24]  627 	push	acc
      000034 74s00            [12]  628 	mov	a,#(___str_0 >> 8)
      000036 C0 E0            [24]  629 	push	acc
      000038 74 80            [12]  630 	mov	a,#0x80
      00003A C0 E0            [24]  631 	push	acc
      00003C 12r00r00         [24]  632 	lcall	_printf
      00003F 15 81            [12]  633 	dec	sp
      000041 15 81            [12]  634 	dec	sp
      000043 15 81            [12]  635 	dec	sp
                                    636 ;	pwm.c:45: printf("COMMANDS :\n\r");
      000045 74r0B            [12]  637 	mov	a,#___str_1
      000047 C0 E0            [24]  638 	push	acc
      000049 74s00            [12]  639 	mov	a,#(___str_1 >> 8)
      00004B C0 E0            [24]  640 	push	acc
      00004D 74 80            [12]  641 	mov	a,#0x80
      00004F C0 E0            [24]  642 	push	acc
      000051 12r00r00         [24]  643 	lcall	_printf
      000054 15 81            [12]  644 	dec	sp
      000056 15 81            [12]  645 	dec	sp
      000058 15 81            [12]  646 	dec	sp
                                    647 ;	pwm.c:46: printf(" R - RUN PWM\n\r");
      00005A 74r18            [12]  648 	mov	a,#___str_2
      00005C C0 E0            [24]  649 	push	acc
      00005E 74s00            [12]  650 	mov	a,#(___str_2 >> 8)
      000060 C0 E0            [24]  651 	push	acc
      000062 74 80            [12]  652 	mov	a,#0x80
      000064 C0 E0            [24]  653 	push	acc
      000066 12r00r00         [24]  654 	lcall	_printf
      000069 15 81            [12]  655 	dec	sp
      00006B 15 81            [12]  656 	dec	sp
      00006D 15 81            [12]  657 	dec	sp
                                    658 ;	pwm.c:47: printf(" S - STOP PWM\n\r");
      00006F 74r27            [12]  659 	mov	a,#___str_3
      000071 C0 E0            [24]  660 	push	acc
      000073 74s00            [12]  661 	mov	a,#(___str_3 >> 8)
      000075 C0 E0            [24]  662 	push	acc
      000077 74 80            [12]  663 	mov	a,#0x80
      000079 C0 E0            [24]  664 	push	acc
      00007B 12r00r00         [24]  665 	lcall	_printf
      00007E 15 81            [12]  666 	dec	sp
      000080 15 81            [12]  667 	dec	sp
      000082 15 81            [12]  668 	dec	sp
                                    669 ;	pwm.c:48: printf(" F - MAX FREQUENCY MODE\n\r");
      000084 74r37            [12]  670 	mov	a,#___str_4
      000086 C0 E0            [24]  671 	push	acc
      000088 74s00            [12]  672 	mov	a,#(___str_4 >> 8)
      00008A C0 E0            [24]  673 	push	acc
      00008C 74 80            [12]  674 	mov	a,#0x80
      00008E C0 E0            [24]  675 	push	acc
      000090 12r00r00         [24]  676 	lcall	_printf
      000093 15 81            [12]  677 	dec	sp
      000095 15 81            [12]  678 	dec	sp
      000097 15 81            [12]  679 	dec	sp
                                    680 ;	pwm.c:49: printf(" M - MIN FREQUENCY MODE\n\r");
      000099 74r51            [12]  681 	mov	a,#___str_5
      00009B C0 E0            [24]  682 	push	acc
      00009D 74s00            [12]  683 	mov	a,#(___str_5 >> 8)
      00009F C0 E0            [24]  684 	push	acc
      0000A1 74 80            [12]  685 	mov	a,#0x80
      0000A3 C0 E0            [24]  686 	push	acc
      0000A5 12r00r00         [24]  687 	lcall	_printf
      0000A8 15 81            [12]  688 	dec	sp
      0000AA 15 81            [12]  689 	dec	sp
      0000AC 15 81            [12]  690 	dec	sp
                                    691 ;	pwm.c:50: printf(" I - IDLE MODE\n\r");
      0000AE 74r6B            [12]  692 	mov	a,#___str_6
      0000B0 C0 E0            [24]  693 	push	acc
      0000B2 74s00            [12]  694 	mov	a,#(___str_6 >> 8)
      0000B4 C0 E0            [24]  695 	push	acc
      0000B6 74 80            [12]  696 	mov	a,#0x80
      0000B8 C0 E0            [24]  697 	push	acc
      0000BA 12r00r00         [24]  698 	lcall	_printf
      0000BD 15 81            [12]  699 	dec	sp
      0000BF 15 81            [12]  700 	dec	sp
      0000C1 15 81            [12]  701 	dec	sp
                                    702 ;	pwm.c:51: printf(" P - POWER DOWN MODE\n\r");
      0000C3 74r7C            [12]  703 	mov	a,#___str_7
      0000C5 C0 E0            [24]  704 	push	acc
      0000C7 74s00            [12]  705 	mov	a,#(___str_7 >> 8)
      0000C9 C0 E0            [24]  706 	push	acc
      0000CB 74 80            [12]  707 	mov	a,#0x80
      0000CD C0 E0            [24]  708 	push	acc
      0000CF 12r00r00         [24]  709 	lcall	_printf
      0000D2 15 81            [12]  710 	dec	sp
      0000D4 15 81            [12]  711 	dec	sp
      0000D6 15 81            [12]  712 	dec	sp
                                    713 ;	pwm.c:52: printf(" H - HIGH SPEED MODE ON\n\r");
      0000D8 74r93            [12]  714 	mov	a,#___str_8
      0000DA C0 E0            [24]  715 	push	acc
      0000DC 74s00            [12]  716 	mov	a,#(___str_8 >> 8)
      0000DE C0 E0            [24]  717 	push	acc
      0000E0 74 80            [12]  718 	mov	a,#0x80
      0000E2 C0 E0            [24]  719 	push	acc
      0000E4 12r00r00         [24]  720 	lcall	_printf
      0000E7 15 81            [12]  721 	dec	sp
      0000E9 15 81            [12]  722 	dec	sp
      0000EB 15 81            [12]  723 	dec	sp
                                    724 ;	pwm.c:53: printf(" Q - HIGH SPEED MODE OFF\n\r");
      0000ED 74rAD            [12]  725 	mov	a,#___str_9
      0000EF C0 E0            [24]  726 	push	acc
      0000F1 74s00            [12]  727 	mov	a,#(___str_9 >> 8)
      0000F3 C0 E0            [24]  728 	push	acc
      0000F5 74 80            [12]  729 	mov	a,#0x80
      0000F7 C0 E0            [24]  730 	push	acc
      0000F9 12r00r00         [24]  731 	lcall	_printf
      0000FC 15 81            [12]  732 	dec	sp
      0000FE 15 81            [12]  733 	dec	sp
      000100 15 81            [12]  734 	dec	sp
                                    735 ;	pwm.c:55: TCON |= 0x01;
      000102 43 88 01         [24]  736 	orl	_TCON,#0x01
                                    737 ;	pwm.c:56: IE |= 0x81;
      000105 43 A8 81         [24]  738 	orl	_IE,#0x81
                                    739 ;	pwm.c:58: while(1)
      000108                        740 00112$:
                                    741 ;	pwm.c:61: command = getchar();    // Wait for input
      000108 12r00r1F         [24]  742 	lcall	_getchar
      00010B AE 82            [24]  743 	mov	r6,dpl
                                    744 ;	pwm.c:64: putchar(command);
      00010D 8E 05            [24]  745 	mov	ar5,r6
      00010F 7F 00            [12]  746 	mov	r7,#0x00
      000111 8D 82            [24]  747 	mov	dpl,r5
      000113 8F 83            [24]  748 	mov	dph,r7
      000115 C0 06            [24]  749 	push	ar6
      000117 12r00r00         [24]  750 	lcall	_putchar
                                    751 ;	pwm.c:65: printf("\n\r");        // New line after command
      00011A 74rC8            [12]  752 	mov	a,#___str_10
      00011C C0 E0            [24]  753 	push	acc
      00011E 74s00            [12]  754 	mov	a,#(___str_10 >> 8)
      000120 C0 E0            [24]  755 	push	acc
      000122 74 80            [12]  756 	mov	a,#0x80
      000124 C0 E0            [24]  757 	push	acc
      000126 12r00r00         [24]  758 	lcall	_printf
      000129 15 81            [12]  759 	dec	sp
      00012B 15 81            [12]  760 	dec	sp
      00012D 15 81            [12]  761 	dec	sp
      00012F D0 06            [24]  762 	pop	ar6
                                    763 ;	pwm.c:67: switch(command)
      000131 BE 46 02         [24]  764 	cjne	r6,#0x46,00152$
      000134 80 2D            [24]  765 	sjmp	00103$
      000136                        766 00152$:
      000136 BE 48 02         [24]  767 	cjne	r6,#0x48,00153$
      000139 80 3C            [24]  768 	sjmp	00107$
      00013B                        769 00153$:
      00013B BE 49 02         [24]  770 	cjne	r6,#0x49,00154$
      00013E 80 2D            [24]  771 	sjmp	00105$
      000140                        772 00154$:
      000140 BE 4D 02         [24]  773 	cjne	r6,#0x4d,00155$
      000143 80 23            [24]  774 	sjmp	00104$
      000145                        775 00155$:
      000145 BE 50 02         [24]  776 	cjne	r6,#0x50,00156$
      000148 80 28            [24]  777 	sjmp	00106$
      00014A                        778 00156$:
      00014A BE 51 02         [24]  779 	cjne	r6,#0x51,00157$
      00014D 80 2D            [24]  780 	sjmp	00108$
      00014F                        781 00157$:
      00014F BE 52 02         [24]  782 	cjne	r6,#0x52,00158$
      000152 80 05            [24]  783 	sjmp	00101$
      000154                        784 00158$:
                                    785 ;	pwm.c:69: case 'R':
      000154 BE 53 28         [24]  786 	cjne	r6,#0x53,00109$
      000157 80 05            [24]  787 	sjmp	00102$
      000159                        788 00101$:
                                    789 ;	pwm.c:70: pwm_start();
      000159 12r02r11         [24]  790 	lcall	_pwm_start
                                    791 ;	pwm.c:71: break;
                                    792 ;	pwm.c:72: case 'S':
      00015C 80 AA            [24]  793 	sjmp	00112$
      00015E                        794 00102$:
                                    795 ;	pwm.c:73: pwm_stop();
      00015E 12r02r2A         [24]  796 	lcall	_pwm_stop
                                    797 ;	pwm.c:74: break;
                                    798 ;	pwm.c:75: case 'F':
      000161 80 A5            [24]  799 	sjmp	00112$
      000163                        800 00103$:
                                    801 ;	pwm.c:76: freq_max();
      000163 12r01rC9         [24]  802 	lcall	_freq_max
                                    803 ;	pwm.c:77: break;
                                    804 ;	pwm.c:78: case 'M':
      000166 80 A0            [24]  805 	sjmp	00112$
      000168                        806 00104$:
                                    807 ;	pwm.c:79: freq_min();
      000168 12r01rE2         [24]  808 	lcall	_freq_min
                                    809 ;	pwm.c:80: break;
                                    810 ;	pwm.c:81: case 'I':
      00016B 80 9B            [24]  811 	sjmp	00112$
      00016D                        812 00105$:
                                    813 ;	pwm.c:82: idle_mode();
      00016D 12r01r97         [24]  814 	lcall	_idle_mode
                                    815 ;	pwm.c:83: break;
                                    816 ;	pwm.c:84: case 'P':
      000170 80 96            [24]  817 	sjmp	00112$
      000172                        818 00106$:
                                    819 ;	pwm.c:85: power_down_mode();
      000172 12r01rB0         [24]  820 	lcall	_power_down_mode
                                    821 ;	pwm.c:86: break;
                                    822 ;	pwm.c:87: case 'H':
      000175 80 91            [24]  823 	sjmp	00112$
      000177                        824 00107$:
                                    825 ;	pwm.c:88: HS0_mode_on();
      000177 12r00r00         [24]  826 	lcall	_HS0_mode_on
                                    827 ;	pwm.c:89: break;
                                    828 ;	pwm.c:90: case 'Q':
      00017A 80 8C            [24]  829 	sjmp	00112$
      00017C                        830 00108$:
                                    831 ;	pwm.c:91: HS0_mode_off();
      00017C 12r02r6E         [24]  832 	lcall	_HS0_mode_off
                                    833 ;	pwm.c:92: default:
      00017F                        834 00109$:
                                    835 ;	pwm.c:93: printf("Invalid Command\n\r");
      00017F 74rCB            [12]  836 	mov	a,#___str_11
      000181 C0 E0            [24]  837 	push	acc
      000183 74s00            [12]  838 	mov	a,#(___str_11 >> 8)
      000185 C0 E0            [24]  839 	push	acc
      000187 74 80            [12]  840 	mov	a,#0x80
      000189 C0 E0            [24]  841 	push	acc
      00018B 12r00r00         [24]  842 	lcall	_printf
      00018E 15 81            [12]  843 	dec	sp
      000190 15 81            [12]  844 	dec	sp
      000192 15 81            [12]  845 	dec	sp
                                    846 ;	pwm.c:94: }
                                    847 ;	pwm.c:96: }
      000194 02r01r08         [24]  848 	ljmp	00112$
                                    849 ;------------------------------------------------------------
                                    850 ;Allocation info for local variables in function 'idle_mode'
                                    851 ;------------------------------------------------------------
                                    852 ;	pwm.c:105: void idle_mode()
                                    853 ;	-----------------------------------------
                                    854 ;	 function idle_mode
                                    855 ;	-----------------------------------------
      000197                        856 _idle_mode:
                                    857 ;	pwm.c:107: printf("IDLE MODE\n\r");
      000197 74rDD            [12]  858 	mov	a,#___str_12
      000199 C0 E0            [24]  859 	push	acc
      00019B 74s00            [12]  860 	mov	a,#(___str_12 >> 8)
      00019D C0 E0            [24]  861 	push	acc
      00019F 74 80            [12]  862 	mov	a,#0x80
      0001A1 C0 E0            [24]  863 	push	acc
      0001A3 12r00r00         [24]  864 	lcall	_printf
      0001A6 15 81            [12]  865 	dec	sp
      0001A8 15 81            [12]  866 	dec	sp
      0001AA 15 81            [12]  867 	dec	sp
                                    868 ;	pwm.c:108: PCON |= 0x01;
      0001AC 43 87 01         [24]  869 	orl	_PCON,#0x01
                                    870 ;	pwm.c:109: }
      0001AF 22               [24]  871 	ret
                                    872 ;------------------------------------------------------------
                                    873 ;Allocation info for local variables in function 'power_down_mode'
                                    874 ;------------------------------------------------------------
                                    875 ;	pwm.c:111: void power_down_mode()
                                    876 ;	-----------------------------------------
                                    877 ;	 function power_down_mode
                                    878 ;	-----------------------------------------
      0001B0                        879 _power_down_mode:
                                    880 ;	pwm.c:113: printf("POWER DOWN MODE\n\r");
      0001B0 74rE9            [12]  881 	mov	a,#___str_13
      0001B2 C0 E0            [24]  882 	push	acc
      0001B4 74s00            [12]  883 	mov	a,#(___str_13 >> 8)
      0001B6 C0 E0            [24]  884 	push	acc
      0001B8 74 80            [12]  885 	mov	a,#0x80
      0001BA C0 E0            [24]  886 	push	acc
      0001BC 12r00r00         [24]  887 	lcall	_printf
      0001BF 15 81            [12]  888 	dec	sp
      0001C1 15 81            [12]  889 	dec	sp
      0001C3 15 81            [12]  890 	dec	sp
                                    891 ;	pwm.c:114: PCON |= 0x02;
      0001C5 43 87 02         [24]  892 	orl	_PCON,#0x02
                                    893 ;	pwm.c:115: }
      0001C8 22               [24]  894 	ret
                                    895 ;------------------------------------------------------------
                                    896 ;Allocation info for local variables in function 'freq_max'
                                    897 ;------------------------------------------------------------
                                    898 ;	pwm.c:116: void freq_max()
                                    899 ;	-----------------------------------------
                                    900 ;	 function freq_max
                                    901 ;	-----------------------------------------
      0001C9                        902 _freq_max:
                                    903 ;	pwm.c:118: printf("MAXIMUM FREQUENCY\n\r");
      0001C9 74rFB            [12]  904 	mov	a,#___str_14
      0001CB C0 E0            [24]  905 	push	acc
      0001CD 74s00            [12]  906 	mov	a,#(___str_14 >> 8)
      0001CF C0 E0            [24]  907 	push	acc
      0001D1 74 80            [12]  908 	mov	a,#0x80
      0001D3 C0 E0            [24]  909 	push	acc
      0001D5 12r00r00         [24]  910 	lcall	_printf
      0001D8 15 81            [12]  911 	dec	sp
      0001DA 15 81            [12]  912 	dec	sp
      0001DC 15 81            [12]  913 	dec	sp
                                    914 ;	pwm.c:119: CKRL = 0xFF;
      0001DE 75 97 FF         [24]  915 	mov	_CKRL,#0xff
                                    916 ;	pwm.c:120: }
      0001E1 22               [24]  917 	ret
                                    918 ;------------------------------------------------------------
                                    919 ;Allocation info for local variables in function 'freq_min'
                                    920 ;------------------------------------------------------------
                                    921 ;	pwm.c:122: void freq_min()
                                    922 ;	-----------------------------------------
                                    923 ;	 function freq_min
                                    924 ;	-----------------------------------------
      0001E2                        925 _freq_min:
                                    926 ;	pwm.c:124: printf("MINIMUM FREQUENCY\n\r");
      0001E2 74r0F            [12]  927 	mov	a,#___str_15
      0001E4 C0 E0            [24]  928 	push	acc
      0001E6 74s01            [12]  929 	mov	a,#(___str_15 >> 8)
      0001E8 C0 E0            [24]  930 	push	acc
      0001EA 74 80            [12]  931 	mov	a,#0x80
      0001EC C0 E0            [24]  932 	push	acc
      0001EE 12r00r00         [24]  933 	lcall	_printf
      0001F1 15 81            [12]  934 	dec	sp
      0001F3 15 81            [12]  935 	dec	sp
      0001F5 15 81            [12]  936 	dec	sp
                                    937 ;	pwm.c:125: CKRL = 0x01;
      0001F7 75 97 01         [24]  938 	mov	_CKRL,#0x01
                                    939 ;	pwm.c:126: }
      0001FA 22               [24]  940 	ret
                                    941 ;------------------------------------------------------------
                                    942 ;Allocation info for local variables in function 'pwm_init'
                                    943 ;------------------------------------------------------------
                                    944 ;	pwm.c:128: void pwm_init()
                                    945 ;	-----------------------------------------
                                    946 ;	 function pwm_init
                                    947 ;	-----------------------------------------
      0001FB                        948 _pwm_init:
                                    949 ;	pwm.c:130: CCAPM0 = 0x00;
      0001FB 75 DA 00         [24]  950 	mov	_CCAPM0,#0x00
                                    951 ;	pwm.c:131: CMOD = 0X82;
      0001FE 75 D9 82         [24]  952 	mov	_CMOD,#0x82
                                    953 ;	pwm.c:132: CL = 0X00;
      000201 75 E9 00         [24]  954 	mov	_CL,#0x00
                                    955 ;	pwm.c:133: CH = 0X00;
      000204 75 F9 00         [24]  956 	mov	_CH,#0x00
                                    957 ;	pwm.c:135: CCAP0L = 0XAC;
      000207 75 EA AC         [24]  958 	mov	_CCAP0L,#0xac
                                    959 ;	pwm.c:136: CCAP0H = 0XAC;
      00020A 75 FA AC         [24]  960 	mov	_CCAP0H,#0xac
                                    961 ;	pwm.c:137: CCAPM0 = 0X42;
      00020D 75 DA 42         [24]  962 	mov	_CCAPM0,#0x42
                                    963 ;	pwm.c:138: }
      000210 22               [24]  964 	ret
                                    965 ;------------------------------------------------------------
                                    966 ;Allocation info for local variables in function 'pwm_start'
                                    967 ;------------------------------------------------------------
                                    968 ;	pwm.c:140: void pwm_start()
                                    969 ;	-----------------------------------------
                                    970 ;	 function pwm_start
                                    971 ;	-----------------------------------------
      000211                        972 _pwm_start:
                                    973 ;	pwm.c:142: printf("PWM START\n\r");
      000211 74r23            [12]  974 	mov	a,#___str_16
      000213 C0 E0            [24]  975 	push	acc
      000215 74s01            [12]  976 	mov	a,#(___str_16 >> 8)
      000217 C0 E0            [24]  977 	push	acc
      000219 74 80            [12]  978 	mov	a,#0x80
      00021B C0 E0            [24]  979 	push	acc
      00021D 12r00r00         [24]  980 	lcall	_printf
      000220 15 81            [12]  981 	dec	sp
      000222 15 81            [12]  982 	dec	sp
      000224 15 81            [12]  983 	dec	sp
                                    984 ;	pwm.c:143: CCON = 0x40;
      000226 75 D8 40         [24]  985 	mov	_CCON,#0x40
                                    986 ;	pwm.c:144: }
      000229 22               [24]  987 	ret
                                    988 ;------------------------------------------------------------
                                    989 ;Allocation info for local variables in function 'pwm_stop'
                                    990 ;------------------------------------------------------------
                                    991 ;	pwm.c:146: void pwm_stop()
                                    992 ;	-----------------------------------------
                                    993 ;	 function pwm_stop
                                    994 ;	-----------------------------------------
      00022A                        995 _pwm_stop:
                                    996 ;	pwm.c:148: printf("PWM STOP\n\r");
      00022A 74r2F            [12]  997 	mov	a,#___str_17
      00022C C0 E0            [24]  998 	push	acc
      00022E 74s01            [12]  999 	mov	a,#(___str_17 >> 8)
      000230 C0 E0            [24] 1000 	push	acc
      000232 74 80            [12] 1001 	mov	a,#0x80
      000234 C0 E0            [24] 1002 	push	acc
      000236 12r00r00         [24] 1003 	lcall	_printf
      000239 15 81            [12] 1004 	dec	sp
      00023B 15 81            [12] 1005 	dec	sp
      00023D 15 81            [12] 1006 	dec	sp
                                   1007 ;	pwm.c:149: CCON = 0x00;
      00023F 75 D8 00         [24] 1008 	mov	_CCON,#0x00
                                   1009 ;	pwm.c:150: }
      000242 22               [24] 1010 	ret
                                   1011 ;------------------------------------------------------------
                                   1012 ;Allocation info for local variables in function 'HSO_mode_on'
                                   1013 ;------------------------------------------------------------
                                   1014 ;	pwm.c:152: void HSO_mode_on()
                                   1015 ;	-----------------------------------------
                                   1016 ;	 function HSO_mode_on
                                   1017 ;	-----------------------------------------
      000243                       1018 _HSO_mode_on:
                                   1019 ;	pwm.c:154: printf("HIGH SPEED MODE ON\n\r");
      000243 74r3A            [12] 1020 	mov	a,#___str_18
      000245 C0 E0            [24] 1021 	push	acc
      000247 74s01            [12] 1022 	mov	a,#(___str_18 >> 8)
      000249 C0 E0            [24] 1023 	push	acc
      00024B 74 80            [12] 1024 	mov	a,#0x80
      00024D C0 E0            [24] 1025 	push	acc
      00024F 12r00r00         [24] 1026 	lcall	_printf
      000252 15 81            [12] 1027 	dec	sp
      000254 15 81            [12] 1028 	dec	sp
      000256 15 81            [12] 1029 	dec	sp
                                   1030 ;	pwm.c:155: CCON |= 0x4C;
      000258 43 D8 4C         [24] 1031 	orl	_CCON,#0x4c
                                   1032 ;	pwm.c:156: CMOD |= 0x02;     // Fclk/2 freq set for PCA mode
      00025B 43 D9 02         [24] 1033 	orl	_CMOD,#0x02
                                   1034 ;	pwm.c:157: CCAPM0 = 0x4C;   // Compare mode + HSO, no interrupt
      00025E 75 DA 4C         [24] 1035 	mov	_CCAPM0,#0x4c
                                   1036 ;	pwm.c:158: CL = 0x00;       // Clear PCA counter
      000261 75 E9 00         [24] 1037 	mov	_CL,#0x00
                                   1038 ;	pwm.c:159: CH = 0x00;
      000264 75 F9 00         [24] 1039 	mov	_CH,#0x00
                                   1040 ;	pwm.c:162: CCAP0L = 0xAC;   // Load compare low byte
      000267 75 EA AC         [24] 1041 	mov	_CCAP0L,#0xac
                                   1042 ;	pwm.c:163: CCAP0H = 0xAC;   // Load compare high byte
      00026A 75 FA AC         [24] 1043 	mov	_CCAP0H,#0xac
                                   1044 ;	pwm.c:164: }
      00026D 22               [24] 1045 	ret
                                   1046 ;------------------------------------------------------------
                                   1047 ;Allocation info for local variables in function 'HS0_mode_off'
                                   1048 ;------------------------------------------------------------
                                   1049 ;	pwm.c:166: void HS0_mode_off()
                                   1050 ;	-----------------------------------------
                                   1051 ;	 function HS0_mode_off
                                   1052 ;	-----------------------------------------
      00026E                       1053 _HS0_mode_off:
                                   1054 ;	pwm.c:168: printf("HIGH SPEED MODE OFF\n\r");
      00026E 74r4F            [12] 1055 	mov	a,#___str_19
      000270 C0 E0            [24] 1056 	push	acc
      000272 74s01            [12] 1057 	mov	a,#(___str_19 >> 8)
      000274 C0 E0            [24] 1058 	push	acc
      000276 74 80            [12] 1059 	mov	a,#0x80
      000278 C0 E0            [24] 1060 	push	acc
      00027A 12r00r00         [24] 1061 	lcall	_printf
      00027D 15 81            [12] 1062 	dec	sp
      00027F 15 81            [12] 1063 	dec	sp
      000281 15 81            [12] 1064 	dec	sp
                                   1065 ;	pwm.c:169: CCAPM0 = 0x00;
      000283 75 DA 00         [24] 1066 	mov	_CCAPM0,#0x00
                                   1067 ;	pwm.c:170: return;
                                   1068 ;	pwm.c:171: }
      000286 22               [24] 1069 	ret
                                   1070 	.area CSEG    (CODE)
                                   1071 	.area CONST   (CODE)
                                   1072 	.area CONST   (CODE)
      000000                       1073 ___str_0:
      000000 50 43 41 20 44 45 4D  1074 	.ascii "PCA DEMO"
             4F
      000008 0A                    1075 	.db 0x0a
      000009 0D                    1076 	.db 0x0d
      00000A 00                    1077 	.db 0x00
                                   1078 	.area CSEG    (CODE)
                                   1079 	.area CONST   (CODE)
      00000B                       1080 ___str_1:
      00000B 43 4F 4D 4D 41 4E 44  1081 	.ascii "COMMANDS :"
             53 20 3A
      000015 0A                    1082 	.db 0x0a
      000016 0D                    1083 	.db 0x0d
      000017 00                    1084 	.db 0x00
                                   1085 	.area CSEG    (CODE)
                                   1086 	.area CONST   (CODE)
      000018                       1087 ___str_2:
      000018 20 52 20 2D 20 52 55  1088 	.ascii " R - RUN PWM"
             4E 20 50 57 4D
      000024 0A                    1089 	.db 0x0a
      000025 0D                    1090 	.db 0x0d
      000026 00                    1091 	.db 0x00
                                   1092 	.area CSEG    (CODE)
                                   1093 	.area CONST   (CODE)
      000027                       1094 ___str_3:
      000027 20 53 20 2D 20 53 54  1095 	.ascii " S - STOP PWM"
             4F 50 20 50 57 4D
      000034 0A                    1096 	.db 0x0a
      000035 0D                    1097 	.db 0x0d
      000036 00                    1098 	.db 0x00
                                   1099 	.area CSEG    (CODE)
                                   1100 	.area CONST   (CODE)
      000037                       1101 ___str_4:
      000037 20 46 20 2D 20 4D 41  1102 	.ascii " F - MAX FREQUENCY MODE"
             58 20 46 52 45 51 55
             45 4E 43 59 20 4D 4F
             44 45
      00004E 0A                    1103 	.db 0x0a
      00004F 0D                    1104 	.db 0x0d
      000050 00                    1105 	.db 0x00
                                   1106 	.area CSEG    (CODE)
                                   1107 	.area CONST   (CODE)
      000051                       1108 ___str_5:
      000051 20 4D 20 2D 20 4D 49  1109 	.ascii " M - MIN FREQUENCY MODE"
             4E 20 46 52 45 51 55
             45 4E 43 59 20 4D 4F
             44 45
      000068 0A                    1110 	.db 0x0a
      000069 0D                    1111 	.db 0x0d
      00006A 00                    1112 	.db 0x00
                                   1113 	.area CSEG    (CODE)
                                   1114 	.area CONST   (CODE)
      00006B                       1115 ___str_6:
      00006B 20 49 20 2D 20 49 44  1116 	.ascii " I - IDLE MODE"
             4C 45 20 4D 4F 44 45
      000079 0A                    1117 	.db 0x0a
      00007A 0D                    1118 	.db 0x0d
      00007B 00                    1119 	.db 0x00
                                   1120 	.area CSEG    (CODE)
                                   1121 	.area CONST   (CODE)
      00007C                       1122 ___str_7:
      00007C 20 50 20 2D 20 50 4F  1123 	.ascii " P - POWER DOWN MODE"
             57 45 52 20 44 4F 57
             4E 20 4D 4F 44 45
      000090 0A                    1124 	.db 0x0a
      000091 0D                    1125 	.db 0x0d
      000092 00                    1126 	.db 0x00
                                   1127 	.area CSEG    (CODE)
                                   1128 	.area CONST   (CODE)
      000093                       1129 ___str_8:
      000093 20 48 20 2D 20 48 49  1130 	.ascii " H - HIGH SPEED MODE ON"
             47 48 20 53 50 45 45
             44 20 4D 4F 44 45 20
             4F 4E
      0000AA 0A                    1131 	.db 0x0a
      0000AB 0D                    1132 	.db 0x0d
      0000AC 00                    1133 	.db 0x00
                                   1134 	.area CSEG    (CODE)
                                   1135 	.area CONST   (CODE)
      0000AD                       1136 ___str_9:
      0000AD 20 51 20 2D 20 48 49  1137 	.ascii " Q - HIGH SPEED MODE OFF"
             47 48 20 53 50 45 45
             44 20 4D 4F 44 45 20
             4F 46 46
      0000C5 0A                    1138 	.db 0x0a
      0000C6 0D                    1139 	.db 0x0d
      0000C7 00                    1140 	.db 0x00
                                   1141 	.area CSEG    (CODE)
                                   1142 	.area CONST   (CODE)
      0000C8                       1143 ___str_10:
      0000C8 0A                    1144 	.db 0x0a
      0000C9 0D                    1145 	.db 0x0d
      0000CA 00                    1146 	.db 0x00
                                   1147 	.area CSEG    (CODE)
                                   1148 	.area CONST   (CODE)
      0000CB                       1149 ___str_11:
      0000CB 49 6E 76 61 6C 69 64  1150 	.ascii "Invalid Command"
             20 43 6F 6D 6D 61 6E
             64
      0000DA 0A                    1151 	.db 0x0a
      0000DB 0D                    1152 	.db 0x0d
      0000DC 00                    1153 	.db 0x00
                                   1154 	.area CSEG    (CODE)
                                   1155 	.area CONST   (CODE)
      0000DD                       1156 ___str_12:
      0000DD 49 44 4C 45 20 4D 4F  1157 	.ascii "IDLE MODE"
             44 45
      0000E6 0A                    1158 	.db 0x0a
      0000E7 0D                    1159 	.db 0x0d
      0000E8 00                    1160 	.db 0x00
                                   1161 	.area CSEG    (CODE)
                                   1162 	.area CONST   (CODE)
      0000E9                       1163 ___str_13:
      0000E9 50 4F 57 45 52 20 44  1164 	.ascii "POWER DOWN MODE"
             4F 57 4E 20 4D 4F 44
             45
      0000F8 0A                    1165 	.db 0x0a
      0000F9 0D                    1166 	.db 0x0d
      0000FA 00                    1167 	.db 0x00
                                   1168 	.area CSEG    (CODE)
                                   1169 	.area CONST   (CODE)
      0000FB                       1170 ___str_14:
      0000FB 4D 41 58 49 4D 55 4D  1171 	.ascii "MAXIMUM FREQUENCY"
             20 46 52 45 51 55 45
             4E 43 59
      00010C 0A                    1172 	.db 0x0a
      00010D 0D                    1173 	.db 0x0d
      00010E 00                    1174 	.db 0x00
                                   1175 	.area CSEG    (CODE)
                                   1176 	.area CONST   (CODE)
      00010F                       1177 ___str_15:
      00010F 4D 49 4E 49 4D 55 4D  1178 	.ascii "MINIMUM FREQUENCY"
             20 46 52 45 51 55 45
             4E 43 59
      000120 0A                    1179 	.db 0x0a
      000121 0D                    1180 	.db 0x0d
      000122 00                    1181 	.db 0x00
                                   1182 	.area CSEG    (CODE)
                                   1183 	.area CONST   (CODE)
      000123                       1184 ___str_16:
      000123 50 57 4D 20 53 54 41  1185 	.ascii "PWM START"
             52 54
      00012C 0A                    1186 	.db 0x0a
      00012D 0D                    1187 	.db 0x0d
      00012E 00                    1188 	.db 0x00
                                   1189 	.area CSEG    (CODE)
                                   1190 	.area CONST   (CODE)
      00012F                       1191 ___str_17:
      00012F 50 57 4D 20 53 54 4F  1192 	.ascii "PWM STOP"
             50
      000137 0A                    1193 	.db 0x0a
      000138 0D                    1194 	.db 0x0d
      000139 00                    1195 	.db 0x00
                                   1196 	.area CSEG    (CODE)
                                   1197 	.area CONST   (CODE)
      00013A                       1198 ___str_18:
      00013A 48 49 47 48 20 53 50  1199 	.ascii "HIGH SPEED MODE ON"
             45 45 44 20 4D 4F 44
             45 20 4F 4E
      00014C 0A                    1200 	.db 0x0a
      00014D 0D                    1201 	.db 0x0d
      00014E 00                    1202 	.db 0x00
                                   1203 	.area CSEG    (CODE)
                                   1204 	.area CONST   (CODE)
      00014F                       1205 ___str_19:
      00014F 48 49 47 48 20 53 50  1206 	.ascii "HIGH SPEED MODE OFF"
             45 45 44 20 4D 4F 44
             45 20 4F 46 46
      000162 0A                    1207 	.db 0x0a
      000163 0D                    1208 	.db 0x0d
      000164 00                    1209 	.db 0x00
                                   1210 	.area CSEG    (CODE)
                                   1211 	.area XINIT   (CODE)
                                   1212 	.area CABS    (ABS,CODE)
