ASxxxx Linker V03.00 + NoICE + sdld,  page 1.
Hexadecimal  [32-Bits]

Area                                    Addr        Size        Decimal Bytes (Attributes)
--------------------------------        ----        ----        ------- ----- ------------
CABS                                00000000    00000000 =           0. bytes (ABS,CON,CODE)

      Value  Global                              Global Defined In Module
      -----  --------------------------------   ------------------------
C:   00000000  l_BSEG                          
C:   00000000  l_BSEG_BYTES                    
C:   00000000  l_CABS                          
C:   00000000  l_GSINIT                        
C:   00000000  l_GSINIT1                       
C:   00000000  l_GSINIT5                       
C:   00000000  l_IABS                          
C:   00000000  l_ISEG                          
C:   00000000  l_PSEG                          
C:   00000000  l_REG_BANK_1                    
C:   00000000  l_REG_BANK_2                    
C:   00000000  l_REG_BANK_3                    
C:   00000000  l_RSEG                          
C:   00000000  l_RSEG0                         
C:   00000000  l_RSEG1                         
C:   00000000  l_XABS                          
C:   00000000  l_XINIT                         
C:   00000000  l_XISEG                         
C:   00000000  l__CODE                         
C:   00000000  s_BSEG                          
C:   00000000  s_CABS                          
C:   00000000  s_DSEG                          
C:   00000000  s_IABS                          
C:   00000000  s_ISEG                          
C:   00000000  s_REG_BANK_0                    
C:   00000000  s_RSEG                          
C:   00000000  s_RSEG0                         
C:   00000000  s_RSEG1                         
C:   00000000  s_XABS                          
C:   00000001  l_BIT_BANK                      
C:   00000001  l_OSEG                          
C:   00000003  l_GSFINAL                       
C:   00000003  l_GSINIT0                       
C:   00000008  l_REG_BANK_0                    
C:   00000008  s_REG_BANK_1                    
C:   00000009  l_HOME                          
C:   0000000A  l_GSINIT2                       
C:   00000010  s_REG_BANK_2                    
C:   00000013  s_OSEG                          
C:   00000018  s_REG_BANK_3                    
C:   00000020  s_BIT_BANK                      
C:   00000020  s_BSEG_BYTES                    
C:   00000020  s__CODE                         
C:   00000021  s_SSEG                          
C:   00000022  l_GSINIT3                       
C:   0000002A  l_GSINIT4                       
C:   0000003B  l_XSEG                          
C:   00000074  l_DSEG                          
C:   000000DF  l_SSEG                          
C:   00000100  l_IRAM                          
ASxxxx Linker V03.00 + NoICE + sdld,  page 2.
Hexadecimal  [32-Bits]

Area                                    Addr        Size        Decimal Bytes (Attributes)
--------------------------------        ----        ----        ------- ----- ------------
CABS                                00000000    00000000 =           0. bytes (ABS,CON,CODE)

      Value  Global                              Global Defined In Module
      -----  --------------------------------   ------------------------
C:   0000012D  l_CONST                         
C:   00000400  s_PSEG                          
C:   00000400  s_XSEG                          
C:   0000043B  s_XISEG                         
C:   00000CEE  l_CSEG                          
C:   00003000  s_HOME                          
C:   00003009  s_GSINIT0                       
C:   0000300C  s_GSINIT1                       
C:   0000300C  s_GSINIT2                       
C:   00003016  s_GSINIT3                       
C:   00003038  s_GSINIT4                       
C:   00003062  s_GSFINAL                       
C:   00003062  s_GSINIT                        
C:   00003062  s_GSINIT5                       
C:   00003065  s_CSEG                          
C:   00003D53  s_CONST                         
C:   00003E80  s_XINIT                         

ASxxxx Linker V03.00 + NoICE + sdld,  page 3.
Hexadecimal  [32-Bits]

Area                                    Addr        Size        Decimal Bytes (Attributes)
--------------------------------        ----        ----        ------- ----- ------------
.  .ABS.                            00000000    00000000 =           0. bytes (ABS,CON)

      Value  Global                              Global Defined In Module
      -----  --------------------------------   ------------------------
     00000000  .__.ABS.                           _bp
     00000080  _P0                                pwm
     00000080  _P0_0                              pwm
     00000081  _P0_1                              pwm
     00000081  _SP                                pwm
     00000082  _DP0L                              pwm
     00000082  _DPL                               pwm
     00000082  _P0_2                              pwm
     00000083  _DP0H                              pwm
     00000083  _DPH                               pwm
     00000083  _P0_3                              pwm
     00000084  _P0_4                              pwm
     00000085  _P0_5                              pwm
     00000086  _P0_6                              pwm
     00000087  _P0_7                              pwm
     00000087  _PCON                              pwm
     00000088  _IT0                               pwm
     00000088  _TCON                              pwm
     00000089  _IE0                               pwm
     00000089  _TMOD                              pwm
     0000008A  _IT1                               pwm
     0000008A  _TL0                               pwm
     0000008B  _IE1                               pwm
     0000008B  _TL1                               pwm
     0000008C  _TH0                               pwm
     0000008C  _TR0                               pwm
     0000008D  _TF0                               pwm
     0000008D  _TH1                               pwm
     0000008E  _AUXR                              pwm
     0000008E  _TR1                               pwm
     0000008F  _CKCON0                            pwm
     0000008F  _TF1                               pwm
     00000090  _P1                                pwm
     00000090  _P1_0                              pwm
     00000091  _P1_1                              pwm
     00000092  _P1_2                              pwm
     00000093  _P1_3                              pwm
     00000094  _P1_4                              pwm
     00000095  _P1_5                              pwm
     00000096  _P1_6                              pwm
     00000097  _CKRL                              pwm
     00000097  _P1_7                              pwm
     00000098  _RI                                pwm
     00000098  _SCON                              pwm
     00000099  _SBUF                              pwm
     00000099  _SBUF0                             pwm
     00000099  _TI                                pwm
     0000009A  _BRL                               pwm
     0000009A  _RB8                               pwm
     0000009B  _BDRCON                            pwm
ASxxxx Linker V03.00 + NoICE + sdld,  page 4.
Hexadecimal  [32-Bits]

Area                                    Addr        Size        Decimal Bytes (Attributes)
--------------------------------        ----        ----        ------- ----- ------------
.  .ABS.                            00000000    00000000 =           0. bytes (ABS,CON)

      Value  Global                              Global Defined In Module
      -----  --------------------------------   ------------------------
     0000009B  _TB8                               pwm
     0000009C  _KBLS                              pwm
     0000009C  _REN                               pwm
     0000009D  _KBE                               pwm
     0000009D  _SM2                               pwm
     0000009E  _KBF                               pwm
     0000009E  _SM1                               pwm
     0000009F  _SM0                               pwm
     000000A0  _P2                                pwm
     000000A0  _P2_0                              pwm
     000000A0  __XPAGE                            
     000000A1  _P2_1                              pwm
     000000A2  _AUXR1                             pwm
     000000A2  _P2_2                              pwm
     000000A3  _P2_3                              pwm
     000000A4  _P2_4                              pwm
     000000A5  _P2_5                              pwm
     000000A6  _P2_6                              pwm
     000000A6  _WDTRST                            pwm
     000000A7  _P2_7                              pwm
     000000A7  _WDTPRG                            pwm
     000000A8  _EX0                               pwm
     000000A8  _IE                                pwm
     000000A8  _IEN0                              pwm
     000000A9  _ET0                               pwm
     000000A9  _SADDR                             pwm
     000000AA  _EX1                               pwm
     000000AB  _ET1                               pwm
     000000AC  _ES                                pwm
     000000AD  _ET2                               pwm
     000000AE  _EC                                pwm
     000000AF  _CKCON1                            pwm
     000000AF  _EA                                pwm
     000000B0  _P3                                pwm
     000000B0  _P3_0                              pwm
     000000B0  _RXD                               pwm
     000000B0  _RXD0                              pwm
     000000B1  _IEN1                              pwm
     000000B1  _P3_1                              pwm
     000000B1  _TXD                               pwm
     000000B1  _TXD0                              pwm
     000000B2  _INT0                              pwm
     000000B2  _IPL1                              pwm
     000000B2  _P3_2                              pwm
     000000B3  _INT1                              pwm
     000000B3  _IPH1                              pwm
     000000B3  _P3_3                              pwm
     000000B4  _P3_4                              pwm
     000000B4  _T0                                pwm
     000000B5  _P3_5                              pwm
     000000B5  _T1                                pwm
ASxxxx Linker V03.00 + NoICE + sdld,  page 5.
Hexadecimal  [32-Bits]

Area                                    Addr        Size        Decimal Bytes (Attributes)
--------------------------------        ----        ----        ------- ----- ------------
.  .ABS.                            00000000    00000000 =           0. bytes (ABS,CON)

      Value  Global                              Global Defined In Module
      -----  --------------------------------   ------------------------
     000000B6  _P3_6                              pwm
     000000B6  _WR                                pwm
     000000B7  _IPH0                              pwm
     000000B7  _P3_7                              pwm
     000000B7  _RD                                pwm
     000000B8  _IP                                pwm
     000000B8  _IPL0                              pwm
     000000B8  _PX0                               pwm
     000000B8  _PX0L                              pwm
     000000B9  _PT0                               pwm
     000000B9  _PT0L                              pwm
     000000B9  _SADEN                             pwm
     000000BA  _PX1                               pwm
     000000BA  _PX1L                              pwm
     000000BB  _PT1                               pwm
     000000BB  _PT1L                              pwm
     000000BC  _PS                                pwm
     000000BC  _PSL                               pwm
     000000BD  _PT2                               pwm
     000000BD  _PT2L                              pwm
     000000BE  _PPCL                              pwm
     000000C0  _P4                                pwm
     000000C0  _P4_0                              pwm
     000000C1  _P4_1                              pwm
     000000C2  _P4_2                              pwm
     000000C3  _P4_3                              pwm
     000000C3  _SPCON                             pwm
     000000C4  _P4_4                              pwm
     000000C4  _SPSTA                             pwm
     000000C5  _P4_5                              pwm
     000000C5  _SPDAT                             pwm
     000000C6  _P4_6                              pwm
     000000C7  _P4_7                              pwm
     000000C8  _CP_RL2                            pwm
     000000C8  _T2CON                             pwm
     000000C8  _T2CON_0                           pwm
     000000C9  _C_T2                              pwm
     000000C9  _T2CON_1                           pwm
     000000C9  _T2MOD                             pwm
     000000CA  _RCAP2L                            pwm
     000000CA  _T2CON_2                           pwm
     000000CA  _TR2                               pwm
     000000CB  _EXEN2                             pwm
     000000CB  _RCAP2H                            pwm
     000000CB  _T2CON_3                           pwm
     000000CC  _T2CON_4                           pwm
     000000CC  _TCLK                              pwm
     000000CC  _TL2                               pwm
     000000CD  _RCLK                              pwm
     000000CD  _T2CON_5                           pwm
     000000CD  _TH2                               pwm
ASxxxx Linker V03.00 + NoICE + sdld,  page 6.
Hexadecimal  [32-Bits]

Area                                    Addr        Size        Decimal Bytes (Attributes)
--------------------------------        ----        ----        ------- ----- ------------
.  .ABS.                            00000000    00000000 =           0. bytes (ABS,CON)

      Value  Global                              Global Defined In Module
      -----  --------------------------------   ------------------------
     000000CE  _EXF2                              pwm
     000000CE  _T2CON_6                           pwm
     000000CF  _T2CON_7                           pwm
     000000CF  _TF2                               pwm
     000000D0  _P                                 pwm
     000000D0  _PSW                               pwm
     000000D1  _F1                                pwm
     000000D2  _EECON                             pwm
     000000D2  _OV                                pwm
     000000D3  _RS0                               pwm
     000000D4  _RS1                               pwm
     000000D5  _F0                                pwm
     000000D6  _AC                                pwm
     000000D7  _CY                                pwm
     000000D8  _CCF0                              pwm
     000000D8  _CCON                              pwm
     000000D9  _CCF1                              pwm
     000000D9  _CMOD                              pwm
     000000DA  _CCAPM0                            pwm
     000000DA  _CCF2                              pwm
     000000DB  _CCAPM1                            pwm
     000000DB  _CCF3                              pwm
     000000DC  _CCAPM2                            pwm
     000000DC  _CCF4                              pwm
     000000DD  _CCAPM3                            pwm
     000000DE  _CCAPM4                            pwm
     000000DE  _CR                                pwm
     000000DF  _CF                                pwm
     000000E0  _ACC                               pwm
     000000E8  _P5                                pwm
     000000E8  _P5_0                              pwm
     000000E9  _CL                                pwm
     000000E9  _P5_1                              pwm
     000000EA  _CCAP0L                            pwm
     000000EA  _P5_2                              pwm
     000000EB  _CCAP1L                            pwm
     000000EB  _P5_3                              pwm
     000000EC  _CCAP2L                            pwm
     000000EC  _P5_4                              pwm
     000000ED  _CCAP3L                            pwm
     000000ED  _P5_5                              pwm
     000000EE  _CCAP4L                            pwm
     000000EE  _P5_6                              pwm
     000000EF  _P5_7                              pwm
     000000F0  _B                                 pwm
     000000F0  _BREG_F0                           pwm
     000000F1  _BREG_F1                           pwm
     000000F2  _BREG_F2                           pwm
     000000F3  _BREG_F3                           pwm
     000000F4  _BREG_F4                           pwm
     000000F5  _BREG_F5                           pwm
ASxxxx Linker V03.00 + NoICE + sdld,  page 7.
Hexadecimal  [32-Bits]

Area                                    Addr        Size        Decimal Bytes (Attributes)
--------------------------------        ----        ----        ------- ----- ------------
.  .ABS.                            00000000    00000000 =           0. bytes (ABS,CON)

      Value  Global                              Global Defined In Module
      -----  --------------------------------   ------------------------
     000000F5  _B_5                               _gptrget
     000000F6  _BREG_F6                           pwm
     000000F6  _B_6                               _gptrget
     000000F7  _BREG_F7                           pwm
     000000F7  _B_7                               _gptrget
     000000F9  _CH                                pwm
     000000FA  _CCAP0H                            pwm
     000000FB  _CCAP1H                            pwm
     000000FC  _CCAP2H                            pwm
     000000FD  _CCAP3H                            pwm
     000000FE  _CCAP4H                            pwm

ASxxxx Linker V03.00 + NoICE + sdld,  page 8.
Hexadecimal  [32-Bits]

Area                                    Addr        Size        Decimal Bytes (Attributes)
--------------------------------        ----        ----        ------- ----- ------------
REG_BANK_0                          00000000    00000008 =           8. bytes (REL,OVR)

      Value  Global                              Global Defined In Module
      -----  --------------------------------   ------------------------
ASxxxx Linker V03.00 + NoICE + sdld,  page 9.
Hexadecimal  [32-Bits]

Area                                    Addr        Size        Decimal Bytes (Attributes)
--------------------------------        ----        ----        ------- ----- ------------
BIT_BANK                            00000020    00000001 =           1. bytes (REL,OVR)

      Value  Global                              Global Defined In Module
      -----  --------------------------------   ------------------------
ASxxxx Linker V03.00 + NoICE + sdld,  page 10.
Hexadecimal  [32-Bits]

Area                                    Addr        Size        Decimal Bytes (Attributes)
--------------------------------        ----        ----        ------- ----- ------------
DSEG                                00000000    00000074 =         116. bytes (REL,CON)

      Value  Global                              Global Defined In Module
      -----  --------------------------------   ------------------------
     00000012  _bp                                _bp

ASxxxx Linker V03.00 + NoICE + sdld,  page 11.
Hexadecimal  [32-Bits]

Area                                    Addr        Size        Decimal Bytes (Attributes)
--------------------------------        ----        ----        ------- ----- ------------
OSEG                                00000013    00000001 =           1. bytes (REL,OVR)

      Value  Global                              Global Defined In Module
      -----  --------------------------------   ------------------------
ASxxxx Linker V03.00 + NoICE + sdld,  page 12.
Hexadecimal  [32-Bits]

Area                                    Addr        Size        Decimal Bytes (Attributes)
--------------------------------        ----        ----        ------- ----- ------------
SSEG                                00000021    000000DF =         223. bytes (REL,OVR)

      Value  Global                              Global Defined In Module
      -----  --------------------------------   ------------------------
     00000021  __start__stack                     pwm

ASxxxx Linker V03.00 + NoICE + sdld,  page 13.
Hexadecimal  [32-Bits]

Area                                    Addr        Size        Decimal Bytes (Attributes)
--------------------------------        ----        ----        ------- ----- ------------
XSEG                                00000400    0000003B =          59. bytes (REL,CON,XDATA)

      Value  Global                              Global Defined In Module
      -----  --------------------------------   ------------------------
D:   00000402  _vprintf_PARM_2                    vprintf
D:   00000417  __print_format_PARM_2              printf_large
D:   0000041A  __print_format_PARM_3              printf_large
D:   0000041D  __print_format_PARM_4              printf_large
D:   00000439  __mulint_PARM_2                    _mulint

ASxxxx Linker V03.00 + NoICE + sdld,  page 14.
Hexadecimal  [32-Bits]

Area                                    Addr        Size        Decimal Bytes (Attributes)
--------------------------------        ----        ----        ------- ----- ------------
HOME                                00003000    00000009 =           9. bytes (REL,CON,CODE)

      Value  Global                              Global Defined In Module
      -----  --------------------------------   ------------------------
C:   00003006  __sdcc_program_startup             pwm

ASxxxx Linker V03.00 + NoICE + sdld,  page 15.
Hexadecimal  [32-Bits]

Area                                    Addr        Size        Decimal Bytes (Attributes)
--------------------------------        ----        ----        ------- ----- ------------
GSINIT0                             00003009    00000003 =           3. bytes (REL,CON,CODE)

      Value  Global                              Global Defined In Module
      -----  --------------------------------   ------------------------
C:   00003009  __sdcc_gsinit_startup              

ASxxxx Linker V03.00 + NoICE + sdld,  page 16.
Hexadecimal  [32-Bits]

Area                                    Addr        Size        Decimal Bytes (Attributes)
--------------------------------        ----        ----        ------- ----- ------------
GSINIT2                             0000300C    0000000A =          10. bytes (REL,CON,CODE)

      Value  Global                              Global Defined In Module
      -----  --------------------------------   ------------------------
ASxxxx Linker V03.00 + NoICE + sdld,  page 17.
Hexadecimal  [32-Bits]

Area                                    Addr        Size        Decimal Bytes (Attributes)
--------------------------------        ----        ----        ------- ----- ------------
GSINIT3                             00003016    00000022 =          34. bytes (REL,CON,CODE)

      Value  Global                              Global Defined In Module
      -----  --------------------------------   ------------------------
C:   00003016  __mcs51_genXINIT                   

ASxxxx Linker V03.00 + NoICE + sdld,  page 18.
Hexadecimal  [32-Bits]

Area                                    Addr        Size        Decimal Bytes (Attributes)
--------------------------------        ----        ----        ------- ----- ------------
GSINIT4                             00003038    0000002A =          42. bytes (REL,CON,CODE)

      Value  Global                              Global Defined In Module
      -----  --------------------------------   ------------------------
C:   00003038  __mcs51_genRAMCLEAR                
C:   0000303E  __mcs51_genXRAMCLEAR               

ASxxxx Linker V03.00 + NoICE + sdld,  page 19.
Hexadecimal  [32-Bits]

Area                                    Addr        Size        Decimal Bytes (Attributes)
--------------------------------        ----        ----        ------- ----- ------------
GSFINAL                             00003062    00000003 =           3. bytes (REL,CON,CODE)

      Value  Global                              Global Defined In Module
      -----  --------------------------------   ------------------------
ASxxxx Linker V03.00 + NoICE + sdld,  page 20.
Hexadecimal  [32-Bits]

Area                                    Addr        Size        Decimal Bytes (Attributes)
--------------------------------        ----        ----        ------- ----- ------------
CSEG                                00003065    00000CEE =        3310. bytes (REL,CON,CODE)

      Value  Global                              Global Defined In Module
      -----  --------------------------------   ------------------------
C:   00003065  _init_uart                         pwm
C:   00003071  _putchar                           pwm
C:   0000308E  _getchar                           pwm
C:   0000309C  _external_ISR                      pwm
C:   000030ED  _main                              pwm
C:   000031FA  _idle_mode                         pwm
C:   00003213  _power_down_mode                   pwm
C:   0000322C  _freq_max                          pwm
C:   00003245  _freq_min                          pwm
C:   0000325E  _pwm_init                          pwm
C:   00003271  _pwm_start                         pwm
C:   0000328A  _pwm_stop                          pwm
C:   000032B2  _vprintf                           vprintf
C:   000032F1  _printf                            vprintf
C:   000033FA  __print_format                     printf_large
C:   00003CFB  _strlen                            _strlen
C:   00003D13  __mulint                           _mulint
C:   00003D33  __gptrget                          _gptrget
C:   00003D4F  __sdcc_external_startup            _startup

ASxxxx Linker V03.00 + NoICE + sdld,  page 21.
Hexadecimal  [32-Bits]

Area                                    Addr        Size        Decimal Bytes (Attributes)
--------------------------------        ----        ----        ------- ----- ------------
CONST                               00003D53    0000012D =         301. bytes (REL,CON,CODE)

      Value  Global                              Global Defined In Module
      -----  --------------------------------   ------------------------
ASxxxx Linker V03.00 + NoICE + sdld,  page 22.

Files Linked                              [ module(s) ]

pwm.rel                                   [  ]


Libraries Linked                          [ object file ]

/usr/bin/../share/sdcc/lib/large/mcs51.lib
                                          [ crtclear.rel ]
/usr/bin/../share/sdcc/lib/large/mcs51.lib
                                          [ crtxinit.rel ]
/usr/bin/../share/sdcc/lib/large/mcs51.lib
                                          [ crtxclear.rel ]
/usr/bin/../share/sdcc/lib/large/libsdcc.lib
                                          [ vprintf.rel ]
/usr/bin/../share/sdcc/lib/large/libsdcc.lib
                                          [ printf_large.rel ]
/usr/bin/../share/sdcc/lib/large/mcs51.lib
                                          [ crtpagesfr.rel ]
/usr/bin/../share/sdcc/lib/large/libsdcc.lib
                                          [ _strlen.rel ]
/usr/bin/../share/sdcc/lib/large/libint.lib
                                          [ _mulint.rel ]
/usr/bin/../share/sdcc/lib/large/mcs51.lib
                                          [ crtstart.rel ]
/usr/bin/../share/sdcc/lib/large/libsdcc.lib
                                          [ _gptrget.rel ]
/usr/bin/../share/sdcc/lib/large/libsdcc.lib
                                          [ _startup.rel ]
/usr/bin/../share/sdcc/lib/large/libsdcc.lib
                                          [ _bp.rel ]

ASxxxx Linker V03.00 + NoICE + sdld,  page 23.

User Base Address Definitions

HOME = 0x3000
XSEG = 0x0400
PSEG = 0x0400
ISEG = 0x0000
BSEG = 0x0000

