                                      1 ;--------------------------------------------------------
                                      2 ; File Created by SDCC : free open source ANSI-C Compiler
                                      3 ; Version 4.0.0 #11528 (Linux)
                                      4 ;--------------------------------------------------------
                                      5 	.module pwm
                                      6 	.optsdcc -mmcs51 --model-large
                                      7 	
                                      8 ;--------------------------------------------------------
                                      9 ; Public variables in this module
                                     10 ;--------------------------------------------------------
                                     11 	.globl _main
                                     12 	.globl _getchar
                                     13 	.globl _putchar
                                     14 	.globl _printf
                                     15 	.globl _TF1
                                     16 	.globl _TR1
                                     17 	.globl _TF0
                                     18 	.globl _TR0
                                     19 	.globl _IE1
                                     20 	.globl _IT1
                                     21 	.globl _IE0
                                     22 	.globl _IT0
                                     23 	.globl _SM0
                                     24 	.globl _SM1
                                     25 	.globl _SM2
                                     26 	.globl _REN
                                     27 	.globl _TB8
                                     28 	.globl _RB8
                                     29 	.globl _TI
                                     30 	.globl _RI
                                     31 	.globl _CY
                                     32 	.globl _AC
                                     33 	.globl _F0
                                     34 	.globl _RS1
                                     35 	.globl _RS0
                                     36 	.globl _OV
                                     37 	.globl _F1
                                     38 	.globl _P
                                     39 	.globl _RD
                                     40 	.globl _WR
                                     41 	.globl _T1
                                     42 	.globl _T0
                                     43 	.globl _INT1
                                     44 	.globl _INT0
                                     45 	.globl _TXD0
                                     46 	.globl _TXD
                                     47 	.globl _RXD0
                                     48 	.globl _RXD
                                     49 	.globl _P3_7
                                     50 	.globl _P3_6
                                     51 	.globl _P3_5
                                     52 	.globl _P3_4
                                     53 	.globl _P3_3
                                     54 	.globl _P3_2
                                     55 	.globl _P3_1
                                     56 	.globl _P3_0
                                     57 	.globl _P2_7
                                     58 	.globl _P2_6
                                     59 	.globl _P2_5
                                     60 	.globl _P2_4
                                     61 	.globl _P2_3
                                     62 	.globl _P2_2
                                     63 	.globl _P2_1
                                     64 	.globl _P2_0
                                     65 	.globl _P1_7
                                     66 	.globl _P1_6
                                     67 	.globl _P1_5
                                     68 	.globl _P1_4
                                     69 	.globl _P1_3
                                     70 	.globl _P1_2
                                     71 	.globl _P1_1
                                     72 	.globl _P1_0
                                     73 	.globl _P0_7
                                     74 	.globl _P0_6
                                     75 	.globl _P0_5
                                     76 	.globl _P0_4
                                     77 	.globl _P0_3
                                     78 	.globl _P0_2
                                     79 	.globl _P0_1
                                     80 	.globl _P0_0
                                     81 	.globl _PS
                                     82 	.globl _PT1
                                     83 	.globl _PX1
                                     84 	.globl _PT0
                                     85 	.globl _PX0
                                     86 	.globl _EA
                                     87 	.globl _ES
                                     88 	.globl _ET1
                                     89 	.globl _EX1
                                     90 	.globl _ET0
                                     91 	.globl _EX0
                                     92 	.globl _BREG_F7
                                     93 	.globl _BREG_F6
                                     94 	.globl _BREG_F5
                                     95 	.globl _BREG_F4
                                     96 	.globl _BREG_F3
                                     97 	.globl _BREG_F2
                                     98 	.globl _BREG_F1
                                     99 	.globl _BREG_F0
                                    100 	.globl _P5_7
                                    101 	.globl _P5_6
                                    102 	.globl _P5_5
                                    103 	.globl _P5_4
                                    104 	.globl _P5_3
                                    105 	.globl _P5_2
                                    106 	.globl _P5_1
                                    107 	.globl _P5_0
                                    108 	.globl _P4_7
                                    109 	.globl _P4_6
                                    110 	.globl _P4_5
                                    111 	.globl _P4_4
                                    112 	.globl _P4_3
                                    113 	.globl _P4_2
                                    114 	.globl _P4_1
                                    115 	.globl _P4_0
                                    116 	.globl _PX0L
                                    117 	.globl _PT0L
                                    118 	.globl _PX1L
                                    119 	.globl _PT1L
                                    120 	.globl _PSL
                                    121 	.globl _PT2L
                                    122 	.globl _PPCL
                                    123 	.globl _EC
                                    124 	.globl _CCF0
                                    125 	.globl _CCF1
                                    126 	.globl _CCF2
                                    127 	.globl _CCF3
                                    128 	.globl _CCF4
                                    129 	.globl _CR
                                    130 	.globl _CF
                                    131 	.globl _TF2
                                    132 	.globl _EXF2
                                    133 	.globl _RCLK
                                    134 	.globl _TCLK
                                    135 	.globl _EXEN2
                                    136 	.globl _TR2
                                    137 	.globl _C_T2
                                    138 	.globl _CP_RL2
                                    139 	.globl _T2CON_7
                                    140 	.globl _T2CON_6
                                    141 	.globl _T2CON_5
                                    142 	.globl _T2CON_4
                                    143 	.globl _T2CON_3
                                    144 	.globl _T2CON_2
                                    145 	.globl _T2CON_1
                                    146 	.globl _T2CON_0
                                    147 	.globl _PT2
                                    148 	.globl _ET2
                                    149 	.globl _TMOD
                                    150 	.globl _TL1
                                    151 	.globl _TL0
                                    152 	.globl _TH1
                                    153 	.globl _TH0
                                    154 	.globl _TCON
                                    155 	.globl _SP
                                    156 	.globl _SCON
                                    157 	.globl _SBUF0
                                    158 	.globl _SBUF
                                    159 	.globl _PSW
                                    160 	.globl _PCON
                                    161 	.globl _P3
                                    162 	.globl _P2
                                    163 	.globl _P1
                                    164 	.globl _P0
                                    165 	.globl _IP
                                    166 	.globl _IE
                                    167 	.globl _DP0L
                                    168 	.globl _DPL
                                    169 	.globl _DP0H
                                    170 	.globl _DPH
                                    171 	.globl _B
                                    172 	.globl _ACC
                                    173 	.globl _EECON
                                    174 	.globl _KBF
                                    175 	.globl _KBE
                                    176 	.globl _KBLS
                                    177 	.globl _BRL
                                    178 	.globl _BDRCON
                                    179 	.globl _T2MOD
                                    180 	.globl _SPDAT
                                    181 	.globl _SPSTA
                                    182 	.globl _SPCON
                                    183 	.globl _SADEN
                                    184 	.globl _SADDR
                                    185 	.globl _WDTPRG
                                    186 	.globl _WDTRST
                                    187 	.globl _P5
                                    188 	.globl _P4
                                    189 	.globl _IPH1
                                    190 	.globl _IPL1
                                    191 	.globl _IPH0
                                    192 	.globl _IPL0
                                    193 	.globl _IEN1
                                    194 	.globl _IEN0
                                    195 	.globl _CMOD
                                    196 	.globl _CL
                                    197 	.globl _CH
                                    198 	.globl _CCON
                                    199 	.globl _CCAPM4
                                    200 	.globl _CCAPM3
                                    201 	.globl _CCAPM2
                                    202 	.globl _CCAPM1
                                    203 	.globl _CCAPM0
                                    204 	.globl _CCAP4L
                                    205 	.globl _CCAP3L
                                    206 	.globl _CCAP2L
                                    207 	.globl _CCAP1L
                                    208 	.globl _CCAP0L
                                    209 	.globl _CCAP4H
                                    210 	.globl _CCAP3H
                                    211 	.globl _CCAP2H
                                    212 	.globl _CCAP1H
                                    213 	.globl _CCAP0H
                                    214 	.globl _CKCON1
                                    215 	.globl _CKCON0
                                    216 	.globl _CKRL
                                    217 	.globl _AUXR1
                                    218 	.globl _AUXR
                                    219 	.globl _TH2
                                    220 	.globl _TL2
                                    221 	.globl _RCAP2H
                                    222 	.globl _RCAP2L
                                    223 	.globl _T2CON
                                    224 	.globl _idle_mode
                                    225 	.globl _power_down_mode
                                    226 	.globl _freq_max
                                    227 	.globl _freq_min
                                    228 	.globl _pwm_init
                                    229 	.globl _pwm_start
                                    230 	.globl _pwm_stop
                                    231 ;--------------------------------------------------------
                                    232 ; special function registers
                                    233 ;--------------------------------------------------------
                                    234 	.area RSEG    (ABS,DATA)
      000000                        235 	.org 0x0000
                           0000C8   236 _T2CON	=	0x00c8
                           0000CA   237 _RCAP2L	=	0x00ca
                           0000CB   238 _RCAP2H	=	0x00cb
                           0000CC   239 _TL2	=	0x00cc
                           0000CD   240 _TH2	=	0x00cd
                           00008E   241 _AUXR	=	0x008e
                           0000A2   242 _AUXR1	=	0x00a2
                           000097   243 _CKRL	=	0x0097
                           00008F   244 _CKCON0	=	0x008f
                           0000AF   245 _CKCON1	=	0x00af
                           0000FA   246 _CCAP0H	=	0x00fa
                           0000FB   247 _CCAP1H	=	0x00fb
                           0000FC   248 _CCAP2H	=	0x00fc
                           0000FD   249 _CCAP3H	=	0x00fd
                           0000FE   250 _CCAP4H	=	0x00fe
                           0000EA   251 _CCAP0L	=	0x00ea
                           0000EB   252 _CCAP1L	=	0x00eb
                           0000EC   253 _CCAP2L	=	0x00ec
                           0000ED   254 _CCAP3L	=	0x00ed
                           0000EE   255 _CCAP4L	=	0x00ee
                           0000DA   256 _CCAPM0	=	0x00da
                           0000DB   257 _CCAPM1	=	0x00db
                           0000DC   258 _CCAPM2	=	0x00dc
                           0000DD   259 _CCAPM3	=	0x00dd
                           0000DE   260 _CCAPM4	=	0x00de
                           0000D8   261 _CCON	=	0x00d8
                           0000F9   262 _CH	=	0x00f9
                           0000E9   263 _CL	=	0x00e9
                           0000D9   264 _CMOD	=	0x00d9
                           0000A8   265 _IEN0	=	0x00a8
                           0000B1   266 _IEN1	=	0x00b1
                           0000B8   267 _IPL0	=	0x00b8
                           0000B7   268 _IPH0	=	0x00b7
                           0000B2   269 _IPL1	=	0x00b2
                           0000B3   270 _IPH1	=	0x00b3
                           0000C0   271 _P4	=	0x00c0
                           0000E8   272 _P5	=	0x00e8
                           0000A6   273 _WDTRST	=	0x00a6
                           0000A7   274 _WDTPRG	=	0x00a7
                           0000A9   275 _SADDR	=	0x00a9
                           0000B9   276 _SADEN	=	0x00b9
                           0000C3   277 _SPCON	=	0x00c3
                           0000C4   278 _SPSTA	=	0x00c4
                           0000C5   279 _SPDAT	=	0x00c5
                           0000C9   280 _T2MOD	=	0x00c9
                           00009B   281 _BDRCON	=	0x009b
                           00009A   282 _BRL	=	0x009a
                           00009C   283 _KBLS	=	0x009c
                           00009D   284 _KBE	=	0x009d
                           00009E   285 _KBF	=	0x009e
                           0000D2   286 _EECON	=	0x00d2
                           0000E0   287 _ACC	=	0x00e0
                           0000F0   288 _B	=	0x00f0
                           000083   289 _DPH	=	0x0083
                           000083   290 _DP0H	=	0x0083
                           000082   291 _DPL	=	0x0082
                           000082   292 _DP0L	=	0x0082
                           0000A8   293 _IE	=	0x00a8
                           0000B8   294 _IP	=	0x00b8
                           000080   295 _P0	=	0x0080
                           000090   296 _P1	=	0x0090
                           0000A0   297 _P2	=	0x00a0
                           0000B0   298 _P3	=	0x00b0
                           000087   299 _PCON	=	0x0087
                           0000D0   300 _PSW	=	0x00d0
                           000099   301 _SBUF	=	0x0099
                           000099   302 _SBUF0	=	0x0099
                           000098   303 _SCON	=	0x0098
                           000081   304 _SP	=	0x0081
                           000088   305 _TCON	=	0x0088
                           00008C   306 _TH0	=	0x008c
                           00008D   307 _TH1	=	0x008d
                           00008A   308 _TL0	=	0x008a
                           00008B   309 _TL1	=	0x008b
                           000089   310 _TMOD	=	0x0089
                                    311 ;--------------------------------------------------------
                                    312 ; special function bits
                                    313 ;--------------------------------------------------------
                                    314 	.area RSEG    (ABS,DATA)
      000000                        315 	.org 0x0000
                           0000AD   316 _ET2	=	0x00ad
                           0000BD   317 _PT2	=	0x00bd
                           0000C8   318 _T2CON_0	=	0x00c8
                           0000C9   319 _T2CON_1	=	0x00c9
                           0000CA   320 _T2CON_2	=	0x00ca
                           0000CB   321 _T2CON_3	=	0x00cb
                           0000CC   322 _T2CON_4	=	0x00cc
                           0000CD   323 _T2CON_5	=	0x00cd
                           0000CE   324 _T2CON_6	=	0x00ce
                           0000CF   325 _T2CON_7	=	0x00cf
                           0000C8   326 _CP_RL2	=	0x00c8
                           0000C9   327 _C_T2	=	0x00c9
                           0000CA   328 _TR2	=	0x00ca
                           0000CB   329 _EXEN2	=	0x00cb
                           0000CC   330 _TCLK	=	0x00cc
                           0000CD   331 _RCLK	=	0x00cd
                           0000CE   332 _EXF2	=	0x00ce
                           0000CF   333 _TF2	=	0x00cf
                           0000DF   334 _CF	=	0x00df
                           0000DE   335 _CR	=	0x00de
                           0000DC   336 _CCF4	=	0x00dc
                           0000DB   337 _CCF3	=	0x00db
                           0000DA   338 _CCF2	=	0x00da
                           0000D9   339 _CCF1	=	0x00d9
                           0000D8   340 _CCF0	=	0x00d8
                           0000AE   341 _EC	=	0x00ae
                           0000BE   342 _PPCL	=	0x00be
                           0000BD   343 _PT2L	=	0x00bd
                           0000BC   344 _PSL	=	0x00bc
                           0000BB   345 _PT1L	=	0x00bb
                           0000BA   346 _PX1L	=	0x00ba
                           0000B9   347 _PT0L	=	0x00b9
                           0000B8   348 _PX0L	=	0x00b8
                           0000C0   349 _P4_0	=	0x00c0
                           0000C1   350 _P4_1	=	0x00c1
                           0000C2   351 _P4_2	=	0x00c2
                           0000C3   352 _P4_3	=	0x00c3
                           0000C4   353 _P4_4	=	0x00c4
                           0000C5   354 _P4_5	=	0x00c5
                           0000C6   355 _P4_6	=	0x00c6
                           0000C7   356 _P4_7	=	0x00c7
                           0000E8   357 _P5_0	=	0x00e8
                           0000E9   358 _P5_1	=	0x00e9
                           0000EA   359 _P5_2	=	0x00ea
                           0000EB   360 _P5_3	=	0x00eb
                           0000EC   361 _P5_4	=	0x00ec
                           0000ED   362 _P5_5	=	0x00ed
                           0000EE   363 _P5_6	=	0x00ee
                           0000EF   364 _P5_7	=	0x00ef
                           0000F0   365 _BREG_F0	=	0x00f0
                           0000F1   366 _BREG_F1	=	0x00f1
                           0000F2   367 _BREG_F2	=	0x00f2
                           0000F3   368 _BREG_F3	=	0x00f3
                           0000F4   369 _BREG_F4	=	0x00f4
                           0000F5   370 _BREG_F5	=	0x00f5
                           0000F6   371 _BREG_F6	=	0x00f6
                           0000F7   372 _BREG_F7	=	0x00f7
                           0000A8   373 _EX0	=	0x00a8
                           0000A9   374 _ET0	=	0x00a9
                           0000AA   375 _EX1	=	0x00aa
                           0000AB   376 _ET1	=	0x00ab
                           0000AC   377 _ES	=	0x00ac
                           0000AF   378 _EA	=	0x00af
                           0000B8   379 _PX0	=	0x00b8
                           0000B9   380 _PT0	=	0x00b9
                           0000BA   381 _PX1	=	0x00ba
                           0000BB   382 _PT1	=	0x00bb
                           0000BC   383 _PS	=	0x00bc
                           000080   384 _P0_0	=	0x0080
                           000081   385 _P0_1	=	0x0081
                           000082   386 _P0_2	=	0x0082
                           000083   387 _P0_3	=	0x0083
                           000084   388 _P0_4	=	0x0084
                           000085   389 _P0_5	=	0x0085
                           000086   390 _P0_6	=	0x0086
                           000087   391 _P0_7	=	0x0087
                           000090   392 _P1_0	=	0x0090
                           000091   393 _P1_1	=	0x0091
                           000092   394 _P1_2	=	0x0092
                           000093   395 _P1_3	=	0x0093
                           000094   396 _P1_4	=	0x0094
                           000095   397 _P1_5	=	0x0095
                           000096   398 _P1_6	=	0x0096
                           000097   399 _P1_7	=	0x0097
                           0000A0   400 _P2_0	=	0x00a0
                           0000A1   401 _P2_1	=	0x00a1
                           0000A2   402 _P2_2	=	0x00a2
                           0000A3   403 _P2_3	=	0x00a3
                           0000A4   404 _P2_4	=	0x00a4
                           0000A5   405 _P2_5	=	0x00a5
                           0000A6   406 _P2_6	=	0x00a6
                           0000A7   407 _P2_7	=	0x00a7
                           0000B0   408 _P3_0	=	0x00b0
                           0000B1   409 _P3_1	=	0x00b1
                           0000B2   410 _P3_2	=	0x00b2
                           0000B3   411 _P3_3	=	0x00b3
                           0000B4   412 _P3_4	=	0x00b4
                           0000B5   413 _P3_5	=	0x00b5
                           0000B6   414 _P3_6	=	0x00b6
                           0000B7   415 _P3_7	=	0x00b7
                           0000B0   416 _RXD	=	0x00b0
                           0000B0   417 _RXD0	=	0x00b0
                           0000B1   418 _TXD	=	0x00b1
                           0000B1   419 _TXD0	=	0x00b1
                           0000B2   420 _INT0	=	0x00b2
                           0000B3   421 _INT1	=	0x00b3
                           0000B4   422 _T0	=	0x00b4
                           0000B5   423 _T1	=	0x00b5
                           0000B6   424 _WR	=	0x00b6
                           0000B7   425 _RD	=	0x00b7
                           0000D0   426 _P	=	0x00d0
                           0000D1   427 _F1	=	0x00d1
                           0000D2   428 _OV	=	0x00d2
                           0000D3   429 _RS0	=	0x00d3
                           0000D4   430 _RS1	=	0x00d4
                           0000D5   431 _F0	=	0x00d5
                           0000D6   432 _AC	=	0x00d6
                           0000D7   433 _CY	=	0x00d7
                           000098   434 _RI	=	0x0098
                           000099   435 _TI	=	0x0099
                           00009A   436 _RB8	=	0x009a
                           00009B   437 _TB8	=	0x009b
                           00009C   438 _REN	=	0x009c
                           00009D   439 _SM2	=	0x009d
                           00009E   440 _SM1	=	0x009e
                           00009F   441 _SM0	=	0x009f
                           000088   442 _IT0	=	0x0088
                           000089   443 _IE0	=	0x0089
                           00008A   444 _IT1	=	0x008a
                           00008B   445 _IE1	=	0x008b
                           00008C   446 _TR0	=	0x008c
                           00008D   447 _TF0	=	0x008d
                           00008E   448 _TR1	=	0x008e
                           00008F   449 _TF1	=	0x008f
                                    450 ;--------------------------------------------------------
                                    451 ; overlayable register banks
                                    452 ;--------------------------------------------------------
                                    453 	.area REG_BANK_0	(REL,OVR,DATA)
      000000                        454 	.ds 8
                                    455 ;--------------------------------------------------------
                                    456 ; internal ram data
                                    457 ;--------------------------------------------------------
                                    458 	.area DSEG    (DATA)
                                    459 ;--------------------------------------------------------
                                    460 ; overlayable items in internal ram 
                                    461 ;--------------------------------------------------------
                                    462 ;--------------------------------------------------------
                                    463 ; Stack segment in internal ram 
                                    464 ;--------------------------------------------------------
                                    465 	.area	SSEG
      000000                        466 __start__stack:
      000000                        467 	.ds	1
                                    468 
                                    469 ;--------------------------------------------------------
                                    470 ; indirectly addressable internal ram data
                                    471 ;--------------------------------------------------------
                                    472 	.area ISEG    (DATA)
                                    473 ;--------------------------------------------------------
                                    474 ; absolute internal ram data
                                    475 ;--------------------------------------------------------
                                    476 	.area IABS    (ABS,DATA)
                                    477 	.area IABS    (ABS,DATA)
                                    478 ;--------------------------------------------------------
                                    479 ; bit data
                                    480 ;--------------------------------------------------------
                                    481 	.area BSEG    (BIT)
                                    482 ;--------------------------------------------------------
                                    483 ; paged external ram data
                                    484 ;--------------------------------------------------------
                                    485 	.area PSEG    (PAG,XDATA)
                                    486 ;--------------------------------------------------------
                                    487 ; external ram data
                                    488 ;--------------------------------------------------------
                                    489 	.area XSEG    (XDATA)
      000000                        490 _putchar_charToSend_65536_72:
      000000                        491 	.ds 2
                                    492 ;--------------------------------------------------------
                                    493 ; absolute external ram data
                                    494 ;--------------------------------------------------------
                                    495 	.area XABS    (ABS,XDATA)
                                    496 ;--------------------------------------------------------
                                    497 ; external initialized ram data
                                    498 ;--------------------------------------------------------
                                    499 	.area XISEG   (XDATA)
                                    500 	.area HOME    (CODE)
                                    501 	.area GSINIT0 (CODE)
                                    502 	.area GSINIT1 (CODE)
                                    503 	.area GSINIT2 (CODE)
                                    504 	.area GSINIT3 (CODE)
                                    505 	.area GSINIT4 (CODE)
                                    506 	.area GSINIT5 (CODE)
                                    507 	.area GSINIT  (CODE)
                                    508 	.area GSFINAL (CODE)
                                    509 	.area CSEG    (CODE)
                                    510 ;--------------------------------------------------------
                                    511 ; interrupt vector 
                                    512 ;--------------------------------------------------------
                                    513 	.area HOME    (CODE)
      000000                        514 __interrupt_vect:
      000000 02r00r00         [24]  515 	ljmp	__sdcc_gsinit_startup
                                    516 ;--------------------------------------------------------
                                    517 ; global & static initialisations
                                    518 ;--------------------------------------------------------
                                    519 	.area HOME    (CODE)
                                    520 	.area GSINIT  (CODE)
                                    521 	.area GSFINAL (CODE)
                                    522 	.area GSINIT  (CODE)
                                    523 	.globl __sdcc_gsinit_startup
                                    524 	.globl __sdcc_program_startup
                                    525 	.globl __start__stack
                                    526 	.globl __mcs51_genXINIT
                                    527 	.globl __mcs51_genXRAMCLEAR
                                    528 	.globl __mcs51_genRAMCLEAR
                                    529 	.area GSFINAL (CODE)
      000000 02r00r03         [24]  530 	ljmp	__sdcc_program_startup
                                    531 ;--------------------------------------------------------
                                    532 ; Home
                                    533 ;--------------------------------------------------------
                                    534 	.area HOME    (CODE)
                                    535 	.area HOME    (CODE)
      000003                        536 __sdcc_program_startup:
      000003 02r00r2D         [24]  537 	ljmp	_main
                                    538 ;	return from main will return to caller
                                    539 ;--------------------------------------------------------
                                    540 ; code
                                    541 ;--------------------------------------------------------
                                    542 	.area CSEG    (CODE)
                                    543 ;------------------------------------------------------------
                                    544 ;Allocation info for local variables in function 'putchar'
                                    545 ;------------------------------------------------------------
                                    546 ;charToSend                Allocated with name '_putchar_charToSend_65536_72'
                                    547 ;------------------------------------------------------------
                                    548 ;	pwm.c:27: int putchar(int charToSend) {
                                    549 ;	-----------------------------------------
                                    550 ;	 function putchar
                                    551 ;	-----------------------------------------
      000000                        552 _putchar:
                           000007   553 	ar7 = 0x07
                           000006   554 	ar6 = 0x06
                           000005   555 	ar5 = 0x05
                           000004   556 	ar4 = 0x04
                           000003   557 	ar3 = 0x03
                           000002   558 	ar2 = 0x02
                           000001   559 	ar1 = 0x01
                           000000   560 	ar0 = 0x00
      000000 AF 83            [24]  561 	mov	r7,dph
      000002 E5 82            [12]  562 	mov	a,dpl
      000004 90r00r00         [24]  563 	mov	dptr,#_putchar_charToSend_65536_72
      000007 F0               [24]  564 	movx	@dptr,a
      000008 EF               [12]  565 	mov	a,r7
      000009 A3               [24]  566 	inc	dptr
      00000A F0               [24]  567 	movx	@dptr,a
                                    568 ;	pwm.c:28: SBUF = charToSend;  // Send character to serial buffer
      00000B 90r00r00         [24]  569 	mov	dptr,#_putchar_charToSend_65536_72
      00000E E0               [24]  570 	movx	a,@dptr
      00000F FE               [12]  571 	mov	r6,a
      000010 A3               [24]  572 	inc	dptr
      000011 E0               [24]  573 	movx	a,@dptr
      000012 FF               [12]  574 	mov	r7,a
      000013 8E 99            [24]  575 	mov	_SBUF,r6
                                    576 ;	pwm.c:29: while (!TI);        // Wait for transmission to complete
      000015                        577 00101$:
                                    578 ;	pwm.c:30: TI = 0;            // Clear transmission interrupt flag
                                    579 ;	assignBit
      000015 10 99 02         [24]  580 	jbc	_TI,00114$
      000018 80 FB            [24]  581 	sjmp	00101$
      00001A                        582 00114$:
                                    583 ;	pwm.c:31: return charToSend;
      00001A 8E 82            [24]  584 	mov	dpl,r6
      00001C 8F 83            [24]  585 	mov	dph,r7
                                    586 ;	pwm.c:32: }
      00001E 22               [24]  587 	ret
                                    588 ;------------------------------------------------------------
                                    589 ;Allocation info for local variables in function 'getchar'
                                    590 ;------------------------------------------------------------
                                    591 ;	pwm.c:38: int getchar(void) 
                                    592 ;	-----------------------------------------
                                    593 ;	 function getchar
                                    594 ;	-----------------------------------------
      00001F                        595 _getchar:
                                    596 ;	pwm.c:40: while (!RI);        // Wait for reception to complete
      00001F                        597 00101$:
                                    598 ;	pwm.c:41: RI = 0;            // Clear reception interrupt flag
                                    599 ;	assignBit
      00001F 10 98 02         [24]  600 	jbc	_RI,00114$
      000022 80 FB            [24]  601 	sjmp	00101$
      000024                        602 00114$:
                                    603 ;	pwm.c:42: return SBUF;       // Return received character
      000024 AE 99            [24]  604 	mov	r6,_SBUF
      000026 7F 00            [12]  605 	mov	r7,#0x00
      000028 8E 82            [24]  606 	mov	dpl,r6
      00002A 8F 83            [24]  607 	mov	dph,r7
                                    608 ;	pwm.c:43: }
      00002C 22               [24]  609 	ret
                                    610 ;------------------------------------------------------------
                                    611 ;Allocation info for local variables in function 'main'
                                    612 ;------------------------------------------------------------
                                    613 ;command                   Allocated with name '_main_command_131072_78'
                                    614 ;------------------------------------------------------------
                                    615 ;	pwm.c:45: void main(void)
                                    616 ;	-----------------------------------------
                                    617 ;	 function main
                                    618 ;	-----------------------------------------
      00002D                        619 _main:
                                    620 ;	pwm.c:48: pwm_init();
      00002D 12r01rBF         [24]  621 	lcall	_pwm_init
                                    622 ;	pwm.c:50: printf("PCA MODE : PWM\n\r");
      000030 74r00            [12]  623 	mov	a,#___str_0
      000032 C0 E0            [24]  624 	push	acc
      000034 74s00            [12]  625 	mov	a,#(___str_0 >> 8)
      000036 C0 E0            [24]  626 	push	acc
      000038 74 80            [12]  627 	mov	a,#0x80
      00003A C0 E0            [24]  628 	push	acc
      00003C 12r00r00         [24]  629 	lcall	_printf
      00003F 15 81            [12]  630 	dec	sp
      000041 15 81            [12]  631 	dec	sp
      000043 15 81            [12]  632 	dec	sp
                                    633 ;	pwm.c:51: printf("COMMANDS :\n\r");
      000045 74r11            [12]  634 	mov	a,#___str_1
      000047 C0 E0            [24]  635 	push	acc
      000049 74s00            [12]  636 	mov	a,#(___str_1 >> 8)
      00004B C0 E0            [24]  637 	push	acc
      00004D 74 80            [12]  638 	mov	a,#0x80
      00004F C0 E0            [24]  639 	push	acc
      000051 12r00r00         [24]  640 	lcall	_printf
      000054 15 81            [12]  641 	dec	sp
      000056 15 81            [12]  642 	dec	sp
      000058 15 81            [12]  643 	dec	sp
                                    644 ;	pwm.c:52: printf(" R - RUN PWM\n\r");
      00005A 74r1E            [12]  645 	mov	a,#___str_2
      00005C C0 E0            [24]  646 	push	acc
      00005E 74s00            [12]  647 	mov	a,#(___str_2 >> 8)
      000060 C0 E0            [24]  648 	push	acc
      000062 74 80            [12]  649 	mov	a,#0x80
      000064 C0 E0            [24]  650 	push	acc
      000066 12r00r00         [24]  651 	lcall	_printf
      000069 15 81            [12]  652 	dec	sp
      00006B 15 81            [12]  653 	dec	sp
      00006D 15 81            [12]  654 	dec	sp
                                    655 ;	pwm.c:53: printf(" S - STOP PWM\n\r");
      00006F 74r2D            [12]  656 	mov	a,#___str_3
      000071 C0 E0            [24]  657 	push	acc
      000073 74s00            [12]  658 	mov	a,#(___str_3 >> 8)
      000075 C0 E0            [24]  659 	push	acc
      000077 74 80            [12]  660 	mov	a,#0x80
      000079 C0 E0            [24]  661 	push	acc
      00007B 12r00r00         [24]  662 	lcall	_printf
      00007E 15 81            [12]  663 	dec	sp
      000080 15 81            [12]  664 	dec	sp
      000082 15 81            [12]  665 	dec	sp
                                    666 ;	pwm.c:54: printf(" F - MAX FREQUENCY MODE\n\r");
      000084 74r3D            [12]  667 	mov	a,#___str_4
      000086 C0 E0            [24]  668 	push	acc
      000088 74s00            [12]  669 	mov	a,#(___str_4 >> 8)
      00008A C0 E0            [24]  670 	push	acc
      00008C 74 80            [12]  671 	mov	a,#0x80
      00008E C0 E0            [24]  672 	push	acc
      000090 12r00r00         [24]  673 	lcall	_printf
      000093 15 81            [12]  674 	dec	sp
      000095 15 81            [12]  675 	dec	sp
      000097 15 81            [12]  676 	dec	sp
                                    677 ;	pwm.c:55: printf(" M - MIN FREQUENCY MODE\n\r");
      000099 74r57            [12]  678 	mov	a,#___str_5
      00009B C0 E0            [24]  679 	push	acc
      00009D 74s00            [12]  680 	mov	a,#(___str_5 >> 8)
      00009F C0 E0            [24]  681 	push	acc
      0000A1 74 80            [12]  682 	mov	a,#0x80
      0000A3 C0 E0            [24]  683 	push	acc
      0000A5 12r00r00         [24]  684 	lcall	_printf
      0000A8 15 81            [12]  685 	dec	sp
      0000AA 15 81            [12]  686 	dec	sp
      0000AC 15 81            [12]  687 	dec	sp
                                    688 ;	pwm.c:56: printf(" I - IDLE MODE\n\r");
      0000AE 74r71            [12]  689 	mov	a,#___str_6
      0000B0 C0 E0            [24]  690 	push	acc
      0000B2 74s00            [12]  691 	mov	a,#(___str_6 >> 8)
      0000B4 C0 E0            [24]  692 	push	acc
      0000B6 74 80            [12]  693 	mov	a,#0x80
      0000B8 C0 E0            [24]  694 	push	acc
      0000BA 12r00r00         [24]  695 	lcall	_printf
      0000BD 15 81            [12]  696 	dec	sp
      0000BF 15 81            [12]  697 	dec	sp
      0000C1 15 81            [12]  698 	dec	sp
                                    699 ;	pwm.c:57: printf(" P - POWER DOWN MODE\n\r");
      0000C3 74r82            [12]  700 	mov	a,#___str_7
      0000C5 C0 E0            [24]  701 	push	acc
      0000C7 74s00            [12]  702 	mov	a,#(___str_7 >> 8)
      0000C9 C0 E0            [24]  703 	push	acc
      0000CB 74 80            [12]  704 	mov	a,#0x80
      0000CD C0 E0            [24]  705 	push	acc
      0000CF 12r00r00         [24]  706 	lcall	_printf
      0000D2 15 81            [12]  707 	dec	sp
      0000D4 15 81            [12]  708 	dec	sp
      0000D6 15 81            [12]  709 	dec	sp
                                    710 ;	pwm.c:59: TCON = 0x01;
      0000D8 75 88 01         [24]  711 	mov	_TCON,#0x01
                                    712 ;	pwm.c:60: IE = 0x81;
      0000DB 75 A8 81         [24]  713 	mov	_IE,#0x81
                                    714 ;	pwm.c:62: while(1)
      0000DE                        715 00110$:
                                    716 ;	pwm.c:65: command = getchar();    // Wait for input
      0000DE 12r00r1F         [24]  717 	lcall	_getchar
      0000E1 AE 82            [24]  718 	mov	r6,dpl
                                    719 ;	pwm.c:68: putchar(command);
      0000E3 8E 05            [24]  720 	mov	ar5,r6
      0000E5 7F 00            [12]  721 	mov	r7,#0x00
      0000E7 8D 82            [24]  722 	mov	dpl,r5
      0000E9 8F 83            [24]  723 	mov	dph,r7
      0000EB C0 06            [24]  724 	push	ar6
      0000ED 12r00r00         [24]  725 	lcall	_putchar
                                    726 ;	pwm.c:69: printf("\n\r");        // New line after command
      0000F0 74r99            [12]  727 	mov	a,#___str_8
      0000F2 C0 E0            [24]  728 	push	acc
      0000F4 74s00            [12]  729 	mov	a,#(___str_8 >> 8)
      0000F6 C0 E0            [24]  730 	push	acc
      0000F8 74 80            [12]  731 	mov	a,#0x80
      0000FA C0 E0            [24]  732 	push	acc
      0000FC 12r00r00         [24]  733 	lcall	_printf
      0000FF 15 81            [12]  734 	dec	sp
      000101 15 81            [12]  735 	dec	sp
      000103 15 81            [12]  736 	dec	sp
      000105 D0 06            [24]  737 	pop	ar6
                                    738 ;	pwm.c:71: switch(command)
      000107 BE 46 02         [24]  739 	cjne	r6,#0x46,00142$
      00010A 80 23            [24]  740 	sjmp	00103$
      00010C                        741 00142$:
      00010C BE 49 02         [24]  742 	cjne	r6,#0x49,00143$
      00010F 80 28            [24]  743 	sjmp	00105$
      000111                        744 00143$:
      000111 BE 4D 02         [24]  745 	cjne	r6,#0x4d,00144$
      000114 80 1E            [24]  746 	sjmp	00104$
      000116                        747 00144$:
      000116 BE 50 02         [24]  748 	cjne	r6,#0x50,00145$
      000119 80 23            [24]  749 	sjmp	00106$
      00011B                        750 00145$:
      00011B BE 52 02         [24]  751 	cjne	r6,#0x52,00146$
      00011E 80 05            [24]  752 	sjmp	00101$
      000120                        753 00146$:
                                    754 ;	pwm.c:73: case 'R':
      000120 BE 53 20         [24]  755 	cjne	r6,#0x53,00107$
      000123 80 05            [24]  756 	sjmp	00102$
      000125                        757 00101$:
                                    758 ;	pwm.c:74: pwm_start();
      000125 12r01rD2         [24]  759 	lcall	_pwm_start
                                    760 ;	pwm.c:75: break;
                                    761 ;	pwm.c:76: case 'S':
      000128 80 B4            [24]  762 	sjmp	00110$
      00012A                        763 00102$:
                                    764 ;	pwm.c:77: pwm_stop();
      00012A 12r01rEB         [24]  765 	lcall	_pwm_stop
                                    766 ;	pwm.c:78: break;
                                    767 ;	pwm.c:79: case 'F':
      00012D 80 AF            [24]  768 	sjmp	00110$
      00012F                        769 00103$:
                                    770 ;	pwm.c:80: freq_max();
      00012F 12r01r8D         [24]  771 	lcall	_freq_max
                                    772 ;	pwm.c:81: break;
                                    773 ;	pwm.c:82: case 'M':
      000132 80 AA            [24]  774 	sjmp	00110$
      000134                        775 00104$:
                                    776 ;	pwm.c:83: freq_min();
      000134 12r01rA6         [24]  777 	lcall	_freq_min
                                    778 ;	pwm.c:84: break;
                                    779 ;	pwm.c:85: case 'I':
      000137 80 A5            [24]  780 	sjmp	00110$
      000139                        781 00105$:
                                    782 ;	pwm.c:86: idle_mode();
      000139 12r01r5B         [24]  783 	lcall	_idle_mode
                                    784 ;	pwm.c:87: break;
                                    785 ;	pwm.c:88: case 'P':
      00013C 80 A0            [24]  786 	sjmp	00110$
      00013E                        787 00106$:
                                    788 ;	pwm.c:89: power_down_mode();
      00013E 12r01r74         [24]  789 	lcall	_power_down_mode
                                    790 ;	pwm.c:90: break;
                                    791 ;	pwm.c:91: default:
      000141 80 9B            [24]  792 	sjmp	00110$
      000143                        793 00107$:
                                    794 ;	pwm.c:92: printf("Invalid Command\n\r");
      000143 74r9C            [12]  795 	mov	a,#___str_9
      000145 C0 E0            [24]  796 	push	acc
      000147 74s00            [12]  797 	mov	a,#(___str_9 >> 8)
      000149 C0 E0            [24]  798 	push	acc
      00014B 74 80            [12]  799 	mov	a,#0x80
      00014D C0 E0            [24]  800 	push	acc
      00014F 12r00r00         [24]  801 	lcall	_printf
      000152 15 81            [12]  802 	dec	sp
      000154 15 81            [12]  803 	dec	sp
      000156 15 81            [12]  804 	dec	sp
                                    805 ;	pwm.c:93: }
                                    806 ;	pwm.c:95: }
      000158 02r00rDE         [24]  807 	ljmp	00110$
                                    808 ;------------------------------------------------------------
                                    809 ;Allocation info for local variables in function 'idle_mode'
                                    810 ;------------------------------------------------------------
                                    811 ;	pwm.c:104: void idle_mode()
                                    812 ;	-----------------------------------------
                                    813 ;	 function idle_mode
                                    814 ;	-----------------------------------------
      00015B                        815 _idle_mode:
                                    816 ;	pwm.c:106: printf("IDLE MODE\n\r");
      00015B 74rAE            [12]  817 	mov	a,#___str_10
      00015D C0 E0            [24]  818 	push	acc
      00015F 74s00            [12]  819 	mov	a,#(___str_10 >> 8)
      000161 C0 E0            [24]  820 	push	acc
      000163 74 80            [12]  821 	mov	a,#0x80
      000165 C0 E0            [24]  822 	push	acc
      000167 12r00r00         [24]  823 	lcall	_printf
      00016A 15 81            [12]  824 	dec	sp
      00016C 15 81            [12]  825 	dec	sp
      00016E 15 81            [12]  826 	dec	sp
                                    827 ;	pwm.c:107: PCON = 0x01;
      000170 75 87 01         [24]  828 	mov	_PCON,#0x01
                                    829 ;	pwm.c:108: }
      000173 22               [24]  830 	ret
                                    831 ;------------------------------------------------------------
                                    832 ;Allocation info for local variables in function 'power_down_mode'
                                    833 ;------------------------------------------------------------
                                    834 ;	pwm.c:110: void power_down_mode()
                                    835 ;	-----------------------------------------
                                    836 ;	 function power_down_mode
                                    837 ;	-----------------------------------------
      000174                        838 _power_down_mode:
                                    839 ;	pwm.c:112: printf("POWER DOWN MODE\n\r");
      000174 74rBA            [12]  840 	mov	a,#___str_11
      000176 C0 E0            [24]  841 	push	acc
      000178 74s00            [12]  842 	mov	a,#(___str_11 >> 8)
      00017A C0 E0            [24]  843 	push	acc
      00017C 74 80            [12]  844 	mov	a,#0x80
      00017E C0 E0            [24]  845 	push	acc
      000180 12r00r00         [24]  846 	lcall	_printf
      000183 15 81            [12]  847 	dec	sp
      000185 15 81            [12]  848 	dec	sp
      000187 15 81            [12]  849 	dec	sp
                                    850 ;	pwm.c:113: PCON = 0x02;
      000189 75 87 02         [24]  851 	mov	_PCON,#0x02
                                    852 ;	pwm.c:114: }
      00018C 22               [24]  853 	ret
                                    854 ;------------------------------------------------------------
                                    855 ;Allocation info for local variables in function 'freq_max'
                                    856 ;------------------------------------------------------------
                                    857 ;	pwm.c:115: void freq_max()
                                    858 ;	-----------------------------------------
                                    859 ;	 function freq_max
                                    860 ;	-----------------------------------------
      00018D                        861 _freq_max:
                                    862 ;	pwm.c:117: printf("MAXIMUM FREQUENCY\n\r");
      00018D 74rCC            [12]  863 	mov	a,#___str_12
      00018F C0 E0            [24]  864 	push	acc
      000191 74s00            [12]  865 	mov	a,#(___str_12 >> 8)
      000193 C0 E0            [24]  866 	push	acc
      000195 74 80            [12]  867 	mov	a,#0x80
      000197 C0 E0            [24]  868 	push	acc
      000199 12r00r00         [24]  869 	lcall	_printf
      00019C 15 81            [12]  870 	dec	sp
      00019E 15 81            [12]  871 	dec	sp
      0001A0 15 81            [12]  872 	dec	sp
                                    873 ;	pwm.c:118: CKRL = 0xFF;
      0001A2 75 97 FF         [24]  874 	mov	_CKRL,#0xff
                                    875 ;	pwm.c:119: }
      0001A5 22               [24]  876 	ret
                                    877 ;------------------------------------------------------------
                                    878 ;Allocation info for local variables in function 'freq_min'
                                    879 ;------------------------------------------------------------
                                    880 ;	pwm.c:121: void freq_min()
                                    881 ;	-----------------------------------------
                                    882 ;	 function freq_min
                                    883 ;	-----------------------------------------
      0001A6                        884 _freq_min:
                                    885 ;	pwm.c:123: printf("MINIMUM FREQUENCY\n\r");
      0001A6 74rE0            [12]  886 	mov	a,#___str_13
      0001A8 C0 E0            [24]  887 	push	acc
      0001AA 74s00            [12]  888 	mov	a,#(___str_13 >> 8)
      0001AC C0 E0            [24]  889 	push	acc
      0001AE 74 80            [12]  890 	mov	a,#0x80
      0001B0 C0 E0            [24]  891 	push	acc
      0001B2 12r00r00         [24]  892 	lcall	_printf
      0001B5 15 81            [12]  893 	dec	sp
      0001B7 15 81            [12]  894 	dec	sp
      0001B9 15 81            [12]  895 	dec	sp
                                    896 ;	pwm.c:124: CKRL = 0x00;
      0001BB 75 97 00         [24]  897 	mov	_CKRL,#0x00
                                    898 ;	pwm.c:125: }
      0001BE 22               [24]  899 	ret
                                    900 ;------------------------------------------------------------
                                    901 ;Allocation info for local variables in function 'pwm_init'
                                    902 ;------------------------------------------------------------
                                    903 ;	pwm.c:126: void pwm_init()
                                    904 ;	-----------------------------------------
                                    905 ;	 function pwm_init
                                    906 ;	-----------------------------------------
      0001BF                        907 _pwm_init:
                                    908 ;	pwm.c:128: CMOD = 0X82;
      0001BF 75 D9 82         [24]  909 	mov	_CMOD,#0x82
                                    910 ;	pwm.c:129: CL = 0X00;
      0001C2 75 E9 00         [24]  911 	mov	_CL,#0x00
                                    912 ;	pwm.c:130: CH = 0X00;
      0001C5 75 F9 00         [24]  913 	mov	_CH,#0x00
                                    914 ;	pwm.c:132: CCAP0L = 0X1C;
      0001C8 75 EA 1C         [24]  915 	mov	_CCAP0L,#0x1c
                                    916 ;	pwm.c:133: CCAP0H = 0X1C;
      0001CB 75 FA 1C         [24]  917 	mov	_CCAP0H,#0x1c
                                    918 ;	pwm.c:134: CCAPM0 = 0X42;
      0001CE 75 DA 42         [24]  919 	mov	_CCAPM0,#0x42
                                    920 ;	pwm.c:135: }
      0001D1 22               [24]  921 	ret
                                    922 ;------------------------------------------------------------
                                    923 ;Allocation info for local variables in function 'pwm_start'
                                    924 ;------------------------------------------------------------
                                    925 ;	pwm.c:137: void pwm_start()
                                    926 ;	-----------------------------------------
                                    927 ;	 function pwm_start
                                    928 ;	-----------------------------------------
      0001D2                        929 _pwm_start:
                                    930 ;	pwm.c:139: printf("PWM START\n\r");
      0001D2 74rF4            [12]  931 	mov	a,#___str_14
      0001D4 C0 E0            [24]  932 	push	acc
      0001D6 74s00            [12]  933 	mov	a,#(___str_14 >> 8)
      0001D8 C0 E0            [24]  934 	push	acc
      0001DA 74 80            [12]  935 	mov	a,#0x80
      0001DC C0 E0            [24]  936 	push	acc
      0001DE 12r00r00         [24]  937 	lcall	_printf
      0001E1 15 81            [12]  938 	dec	sp
      0001E3 15 81            [12]  939 	dec	sp
      0001E5 15 81            [12]  940 	dec	sp
                                    941 ;	pwm.c:140: CCON = 0x40;
      0001E7 75 D8 40         [24]  942 	mov	_CCON,#0x40
                                    943 ;	pwm.c:141: }
      0001EA 22               [24]  944 	ret
                                    945 ;------------------------------------------------------------
                                    946 ;Allocation info for local variables in function 'pwm_stop'
                                    947 ;------------------------------------------------------------
                                    948 ;	pwm.c:143: void pwm_stop()
                                    949 ;	-----------------------------------------
                                    950 ;	 function pwm_stop
                                    951 ;	-----------------------------------------
      0001EB                        952 _pwm_stop:
                                    953 ;	pwm.c:145: printf("PWM STOP\n\r");
      0001EB 74r00            [12]  954 	mov	a,#___str_15
      0001ED C0 E0            [24]  955 	push	acc
      0001EF 74s01            [12]  956 	mov	a,#(___str_15 >> 8)
      0001F1 C0 E0            [24]  957 	push	acc
      0001F3 74 80            [12]  958 	mov	a,#0x80
      0001F5 C0 E0            [24]  959 	push	acc
      0001F7 12r00r00         [24]  960 	lcall	_printf
      0001FA 15 81            [12]  961 	dec	sp
      0001FC 15 81            [12]  962 	dec	sp
      0001FE 15 81            [12]  963 	dec	sp
                                    964 ;	pwm.c:146: CCON = 0x00;
      000200 75 D8 00         [24]  965 	mov	_CCON,#0x00
                                    966 ;	pwm.c:147: }
      000203 22               [24]  967 	ret
                                    968 	.area CSEG    (CODE)
                                    969 	.area CONST   (CODE)
                                    970 	.area CONST   (CODE)
      000000                        971 ___str_0:
      000000 50 43 41 20 4D 4F 44   972 	.ascii "PCA MODE : PWM"
             45 20 3A 20 50 57 4D
      00000E 0A                     973 	.db 0x0a
      00000F 0D                     974 	.db 0x0d
      000010 00                     975 	.db 0x00
                                    976 	.area CSEG    (CODE)
                                    977 	.area CONST   (CODE)
      000011                        978 ___str_1:
      000011 43 4F 4D 4D 41 4E 44   979 	.ascii "COMMANDS :"
             53 20 3A
      00001B 0A                     980 	.db 0x0a
      00001C 0D                     981 	.db 0x0d
      00001D 00                     982 	.db 0x00
                                    983 	.area CSEG    (CODE)
                                    984 	.area CONST   (CODE)
      00001E                        985 ___str_2:
      00001E 20 52 20 2D 20 52 55   986 	.ascii " R - RUN PWM"
             4E 20 50 57 4D
      00002A 0A                     987 	.db 0x0a
      00002B 0D                     988 	.db 0x0d
      00002C 00                     989 	.db 0x00
                                    990 	.area CSEG    (CODE)
                                    991 	.area CONST   (CODE)
      00002D                        992 ___str_3:
      00002D 20 53 20 2D 20 53 54   993 	.ascii " S - STOP PWM"
             4F 50 20 50 57 4D
      00003A 0A                     994 	.db 0x0a
      00003B 0D                     995 	.db 0x0d
      00003C 00                     996 	.db 0x00
                                    997 	.area CSEG    (CODE)
                                    998 	.area CONST   (CODE)
      00003D                        999 ___str_4:
      00003D 20 46 20 2D 20 4D 41  1000 	.ascii " F - MAX FREQUENCY MODE"
             58 20 46 52 45 51 55
             45 4E 43 59 20 4D 4F
             44 45
      000054 0A                    1001 	.db 0x0a
      000055 0D                    1002 	.db 0x0d
      000056 00                    1003 	.db 0x00
                                   1004 	.area CSEG    (CODE)
                                   1005 	.area CONST   (CODE)
      000057                       1006 ___str_5:
      000057 20 4D 20 2D 20 4D 49  1007 	.ascii " M - MIN FREQUENCY MODE"
             4E 20 46 52 45 51 55
             45 4E 43 59 20 4D 4F
             44 45
      00006E 0A                    1008 	.db 0x0a
      00006F 0D                    1009 	.db 0x0d
      000070 00                    1010 	.db 0x00
                                   1011 	.area CSEG    (CODE)
                                   1012 	.area CONST   (CODE)
      000071                       1013 ___str_6:
      000071 20 49 20 2D 20 49 44  1014 	.ascii " I - IDLE MODE"
             4C 45 20 4D 4F 44 45
      00007F 0A                    1015 	.db 0x0a
      000080 0D                    1016 	.db 0x0d
      000081 00                    1017 	.db 0x00
                                   1018 	.area CSEG    (CODE)
                                   1019 	.area CONST   (CODE)
      000082                       1020 ___str_7:
      000082 20 50 20 2D 20 50 4F  1021 	.ascii " P - POWER DOWN MODE"
             57 45 52 20 44 4F 57
             4E 20 4D 4F 44 45
      000096 0A                    1022 	.db 0x0a
      000097 0D                    1023 	.db 0x0d
      000098 00                    1024 	.db 0x00
                                   1025 	.area CSEG    (CODE)
                                   1026 	.area CONST   (CODE)
      000099                       1027 ___str_8:
      000099 0A                    1028 	.db 0x0a
      00009A 0D                    1029 	.db 0x0d
      00009B 00                    1030 	.db 0x00
                                   1031 	.area CSEG    (CODE)
                                   1032 	.area CONST   (CODE)
      00009C                       1033 ___str_9:
      00009C 49 6E 76 61 6C 69 64  1034 	.ascii "Invalid Command"
             20 43 6F 6D 6D 61 6E
             64
      0000AB 0A                    1035 	.db 0x0a
      0000AC 0D                    1036 	.db 0x0d
      0000AD 00                    1037 	.db 0x00
                                   1038 	.area CSEG    (CODE)
                                   1039 	.area CONST   (CODE)
      0000AE                       1040 ___str_10:
      0000AE 49 44 4C 45 20 4D 4F  1041 	.ascii "IDLE MODE"
             44 45
      0000B7 0A                    1042 	.db 0x0a
      0000B8 0D                    1043 	.db 0x0d
      0000B9 00                    1044 	.db 0x00
                                   1045 	.area CSEG    (CODE)
                                   1046 	.area CONST   (CODE)
      0000BA                       1047 ___str_11:
      0000BA 50 4F 57 45 52 20 44  1048 	.ascii "POWER DOWN MODE"
             4F 57 4E 20 4D 4F 44
             45
      0000C9 0A                    1049 	.db 0x0a
      0000CA 0D                    1050 	.db 0x0d
      0000CB 00                    1051 	.db 0x00
                                   1052 	.area CSEG    (CODE)
                                   1053 	.area CONST   (CODE)
      0000CC                       1054 ___str_12:
      0000CC 4D 41 58 49 4D 55 4D  1055 	.ascii "MAXIMUM FREQUENCY"
             20 46 52 45 51 55 45
             4E 43 59
      0000DD 0A                    1056 	.db 0x0a
      0000DE 0D                    1057 	.db 0x0d
      0000DF 00                    1058 	.db 0x00
                                   1059 	.area CSEG    (CODE)
                                   1060 	.area CONST   (CODE)
      0000E0                       1061 ___str_13:
      0000E0 4D 49 4E 49 4D 55 4D  1062 	.ascii "MINIMUM FREQUENCY"
             20 46 52 45 51 55 45
             4E 43 59
      0000F1 0A                    1063 	.db 0x0a
      0000F2 0D                    1064 	.db 0x0d
      0000F3 00                    1065 	.db 0x00
                                   1066 	.area CSEG    (CODE)
                                   1067 	.area CONST   (CODE)
      0000F4                       1068 ___str_14:
      0000F4 50 57 4D 20 53 54 41  1069 	.ascii "PWM START"
             52 54
      0000FD 0A                    1070 	.db 0x0a
      0000FE 0D                    1071 	.db 0x0d
      0000FF 00                    1072 	.db 0x00
                                   1073 	.area CSEG    (CODE)
                                   1074 	.area CONST   (CODE)
      000100                       1075 ___str_15:
      000100 50 57 4D 20 53 54 4F  1076 	.ascii "PWM STOP"
             50
      000108 0A                    1077 	.db 0x0a
      000109 0D                    1078 	.db 0x0d
      00010A 00                    1079 	.db 0x00
                                   1080 	.area CSEG    (CODE)
                                   1081 	.area XINIT   (CODE)
                                   1082 	.area CABS    (ABS,CODE)
