                                      1 ;--------------------------------------------------------
                                      2 ; File Created by SDCC : free open source ANSI-C Compiler
                                      3 ; Version 4.0.0 #11528 (Linux)
                                      4 ;--------------------------------------------------------
                                      5 	.module pwm
                                      6 	.optsdcc -mmcs51 --model-large
                                      7 	
                                      8 ;--------------------------------------------------------
                                      9 ; Public variables in this module
                                     10 ;--------------------------------------------------------
                                     11 	.globl _main
                                     12 	.globl _external_ISR
                                     13 	.globl _getchar
                                     14 	.globl _putchar
                                     15 	.globl _init_uart
                                     16 	.globl _printf
                                     17 	.globl _TF1
                                     18 	.globl _TR1
                                     19 	.globl _TF0
                                     20 	.globl _TR0
                                     21 	.globl _IE1
                                     22 	.globl _IT1
                                     23 	.globl _IE0
                                     24 	.globl _IT0
                                     25 	.globl _SM0
                                     26 	.globl _SM1
                                     27 	.globl _SM2
                                     28 	.globl _REN
                                     29 	.globl _TB8
                                     30 	.globl _RB8
                                     31 	.globl _TI
                                     32 	.globl _RI
                                     33 	.globl _CY
                                     34 	.globl _AC
                                     35 	.globl _F0
                                     36 	.globl _RS1
                                     37 	.globl _RS0
                                     38 	.globl _OV
                                     39 	.globl _F1
                                     40 	.globl _P
                                     41 	.globl _RD
                                     42 	.globl _WR
                                     43 	.globl _T1
                                     44 	.globl _T0
                                     45 	.globl _INT1
                                     46 	.globl _INT0
                                     47 	.globl _TXD0
                                     48 	.globl _TXD
                                     49 	.globl _RXD0
                                     50 	.globl _RXD
                                     51 	.globl _P3_7
                                     52 	.globl _P3_6
                                     53 	.globl _P3_5
                                     54 	.globl _P3_4
                                     55 	.globl _P3_3
                                     56 	.globl _P3_2
                                     57 	.globl _P3_1
                                     58 	.globl _P3_0
                                     59 	.globl _P2_7
                                     60 	.globl _P2_6
                                     61 	.globl _P2_5
                                     62 	.globl _P2_4
                                     63 	.globl _P2_3
                                     64 	.globl _P2_2
                                     65 	.globl _P2_1
                                     66 	.globl _P2_0
                                     67 	.globl _P1_7
                                     68 	.globl _P1_6
                                     69 	.globl _P1_5
                                     70 	.globl _P1_4
                                     71 	.globl _P1_3
                                     72 	.globl _P1_2
                                     73 	.globl _P1_1
                                     74 	.globl _P1_0
                                     75 	.globl _P0_7
                                     76 	.globl _P0_6
                                     77 	.globl _P0_5
                                     78 	.globl _P0_4
                                     79 	.globl _P0_3
                                     80 	.globl _P0_2
                                     81 	.globl _P0_1
                                     82 	.globl _P0_0
                                     83 	.globl _PS
                                     84 	.globl _PT1
                                     85 	.globl _PX1
                                     86 	.globl _PT0
                                     87 	.globl _PX0
                                     88 	.globl _EA
                                     89 	.globl _ES
                                     90 	.globl _ET1
                                     91 	.globl _EX1
                                     92 	.globl _ET0
                                     93 	.globl _EX0
                                     94 	.globl _BREG_F7
                                     95 	.globl _BREG_F6
                                     96 	.globl _BREG_F5
                                     97 	.globl _BREG_F4
                                     98 	.globl _BREG_F3
                                     99 	.globl _BREG_F2
                                    100 	.globl _BREG_F1
                                    101 	.globl _BREG_F0
                                    102 	.globl _P5_7
                                    103 	.globl _P5_6
                                    104 	.globl _P5_5
                                    105 	.globl _P5_4
                                    106 	.globl _P5_3
                                    107 	.globl _P5_2
                                    108 	.globl _P5_1
                                    109 	.globl _P5_0
                                    110 	.globl _P4_7
                                    111 	.globl _P4_6
                                    112 	.globl _P4_5
                                    113 	.globl _P4_4
                                    114 	.globl _P4_3
                                    115 	.globl _P4_2
                                    116 	.globl _P4_1
                                    117 	.globl _P4_0
                                    118 	.globl _PX0L
                                    119 	.globl _PT0L
                                    120 	.globl _PX1L
                                    121 	.globl _PT1L
                                    122 	.globl _PSL
                                    123 	.globl _PT2L
                                    124 	.globl _PPCL
                                    125 	.globl _EC
                                    126 	.globl _CCF0
                                    127 	.globl _CCF1
                                    128 	.globl _CCF2
                                    129 	.globl _CCF3
                                    130 	.globl _CCF4
                                    131 	.globl _CR
                                    132 	.globl _CF
                                    133 	.globl _TF2
                                    134 	.globl _EXF2
                                    135 	.globl _RCLK
                                    136 	.globl _TCLK
                                    137 	.globl _EXEN2
                                    138 	.globl _TR2
                                    139 	.globl _C_T2
                                    140 	.globl _CP_RL2
                                    141 	.globl _T2CON_7
                                    142 	.globl _T2CON_6
                                    143 	.globl _T2CON_5
                                    144 	.globl _T2CON_4
                                    145 	.globl _T2CON_3
                                    146 	.globl _T2CON_2
                                    147 	.globl _T2CON_1
                                    148 	.globl _T2CON_0
                                    149 	.globl _PT2
                                    150 	.globl _ET2
                                    151 	.globl _TMOD
                                    152 	.globl _TL1
                                    153 	.globl _TL0
                                    154 	.globl _TH1
                                    155 	.globl _TH0
                                    156 	.globl _TCON
                                    157 	.globl _SP
                                    158 	.globl _SCON
                                    159 	.globl _SBUF0
                                    160 	.globl _SBUF
                                    161 	.globl _PSW
                                    162 	.globl _PCON
                                    163 	.globl _P3
                                    164 	.globl _P2
                                    165 	.globl _P1
                                    166 	.globl _P0
                                    167 	.globl _IP
                                    168 	.globl _IE
                                    169 	.globl _DP0L
                                    170 	.globl _DPL
                                    171 	.globl _DP0H
                                    172 	.globl _DPH
                                    173 	.globl _B
                                    174 	.globl _ACC
                                    175 	.globl _EECON
                                    176 	.globl _KBF
                                    177 	.globl _KBE
                                    178 	.globl _KBLS
                                    179 	.globl _BRL
                                    180 	.globl _BDRCON
                                    181 	.globl _T2MOD
                                    182 	.globl _SPDAT
                                    183 	.globl _SPSTA
                                    184 	.globl _SPCON
                                    185 	.globl _SADEN
                                    186 	.globl _SADDR
                                    187 	.globl _WDTPRG
                                    188 	.globl _WDTRST
                                    189 	.globl _P5
                                    190 	.globl _P4
                                    191 	.globl _IPH1
                                    192 	.globl _IPL1
                                    193 	.globl _IPH0
                                    194 	.globl _IPL0
                                    195 	.globl _IEN1
                                    196 	.globl _IEN0
                                    197 	.globl _CMOD
                                    198 	.globl _CL
                                    199 	.globl _CH
                                    200 	.globl _CCON
                                    201 	.globl _CCAPM4
                                    202 	.globl _CCAPM3
                                    203 	.globl _CCAPM2
                                    204 	.globl _CCAPM1
                                    205 	.globl _CCAPM0
                                    206 	.globl _CCAP4L
                                    207 	.globl _CCAP3L
                                    208 	.globl _CCAP2L
                                    209 	.globl _CCAP1L
                                    210 	.globl _CCAP0L
                                    211 	.globl _CCAP4H
                                    212 	.globl _CCAP3H
                                    213 	.globl _CCAP2H
                                    214 	.globl _CCAP1H
                                    215 	.globl _CCAP0H
                                    216 	.globl _CKCON1
                                    217 	.globl _CKCON0
                                    218 	.globl _CKRL
                                    219 	.globl _AUXR1
                                    220 	.globl _AUXR
                                    221 	.globl _TH2
                                    222 	.globl _TL2
                                    223 	.globl _RCAP2H
                                    224 	.globl _RCAP2L
                                    225 	.globl _T2CON
                                    226 	.globl _idle_mode
                                    227 	.globl _power_down_mode
                                    228 	.globl _freq_max
                                    229 	.globl _freq_min
                                    230 	.globl _pwm_init
                                    231 	.globl _pwm_start
                                    232 	.globl _pwm_stop
                                    233 ;--------------------------------------------------------
                                    234 ; special function registers
                                    235 ;--------------------------------------------------------
                                    236 	.area RSEG    (ABS,DATA)
      000000                        237 	.org 0x0000
                           0000C8   238 _T2CON	=	0x00c8
                           0000CA   239 _RCAP2L	=	0x00ca
                           0000CB   240 _RCAP2H	=	0x00cb
                           0000CC   241 _TL2	=	0x00cc
                           0000CD   242 _TH2	=	0x00cd
                           00008E   243 _AUXR	=	0x008e
                           0000A2   244 _AUXR1	=	0x00a2
                           000097   245 _CKRL	=	0x0097
                           00008F   246 _CKCON0	=	0x008f
                           0000AF   247 _CKCON1	=	0x00af
                           0000FA   248 _CCAP0H	=	0x00fa
                           0000FB   249 _CCAP1H	=	0x00fb
                           0000FC   250 _CCAP2H	=	0x00fc
                           0000FD   251 _CCAP3H	=	0x00fd
                           0000FE   252 _CCAP4H	=	0x00fe
                           0000EA   253 _CCAP0L	=	0x00ea
                           0000EB   254 _CCAP1L	=	0x00eb
                           0000EC   255 _CCAP2L	=	0x00ec
                           0000ED   256 _CCAP3L	=	0x00ed
                           0000EE   257 _CCAP4L	=	0x00ee
                           0000DA   258 _CCAPM0	=	0x00da
                           0000DB   259 _CCAPM1	=	0x00db
                           0000DC   260 _CCAPM2	=	0x00dc
                           0000DD   261 _CCAPM3	=	0x00dd
                           0000DE   262 _CCAPM4	=	0x00de
                           0000D8   263 _CCON	=	0x00d8
                           0000F9   264 _CH	=	0x00f9
                           0000E9   265 _CL	=	0x00e9
                           0000D9   266 _CMOD	=	0x00d9
                           0000A8   267 _IEN0	=	0x00a8
                           0000B1   268 _IEN1	=	0x00b1
                           0000B8   269 _IPL0	=	0x00b8
                           0000B7   270 _IPH0	=	0x00b7
                           0000B2   271 _IPL1	=	0x00b2
                           0000B3   272 _IPH1	=	0x00b3
                           0000C0   273 _P4	=	0x00c0
                           0000E8   274 _P5	=	0x00e8
                           0000A6   275 _WDTRST	=	0x00a6
                           0000A7   276 _WDTPRG	=	0x00a7
                           0000A9   277 _SADDR	=	0x00a9
                           0000B9   278 _SADEN	=	0x00b9
                           0000C3   279 _SPCON	=	0x00c3
                           0000C4   280 _SPSTA	=	0x00c4
                           0000C5   281 _SPDAT	=	0x00c5
                           0000C9   282 _T2MOD	=	0x00c9
                           00009B   283 _BDRCON	=	0x009b
                           00009A   284 _BRL	=	0x009a
                           00009C   285 _KBLS	=	0x009c
                           00009D   286 _KBE	=	0x009d
                           00009E   287 _KBF	=	0x009e
                           0000D2   288 _EECON	=	0x00d2
                           0000E0   289 _ACC	=	0x00e0
                           0000F0   290 _B	=	0x00f0
                           000083   291 _DPH	=	0x0083
                           000083   292 _DP0H	=	0x0083
                           000082   293 _DPL	=	0x0082
                           000082   294 _DP0L	=	0x0082
                           0000A8   295 _IE	=	0x00a8
                           0000B8   296 _IP	=	0x00b8
                           000080   297 _P0	=	0x0080
                           000090   298 _P1	=	0x0090
                           0000A0   299 _P2	=	0x00a0
                           0000B0   300 _P3	=	0x00b0
                           000087   301 _PCON	=	0x0087
                           0000D0   302 _PSW	=	0x00d0
                           000099   303 _SBUF	=	0x0099
                           000099   304 _SBUF0	=	0x0099
                           000098   305 _SCON	=	0x0098
                           000081   306 _SP	=	0x0081
                           000088   307 _TCON	=	0x0088
                           00008C   308 _TH0	=	0x008c
                           00008D   309 _TH1	=	0x008d
                           00008A   310 _TL0	=	0x008a
                           00008B   311 _TL1	=	0x008b
                           000089   312 _TMOD	=	0x0089
                                    313 ;--------------------------------------------------------
                                    314 ; special function bits
                                    315 ;--------------------------------------------------------
                                    316 	.area RSEG    (ABS,DATA)
      000000                        317 	.org 0x0000
                           0000AD   318 _ET2	=	0x00ad
                           0000BD   319 _PT2	=	0x00bd
                           0000C8   320 _T2CON_0	=	0x00c8
                           0000C9   321 _T2CON_1	=	0x00c9
                           0000CA   322 _T2CON_2	=	0x00ca
                           0000CB   323 _T2CON_3	=	0x00cb
                           0000CC   324 _T2CON_4	=	0x00cc
                           0000CD   325 _T2CON_5	=	0x00cd
                           0000CE   326 _T2CON_6	=	0x00ce
                           0000CF   327 _T2CON_7	=	0x00cf
                           0000C8   328 _CP_RL2	=	0x00c8
                           0000C9   329 _C_T2	=	0x00c9
                           0000CA   330 _TR2	=	0x00ca
                           0000CB   331 _EXEN2	=	0x00cb
                           0000CC   332 _TCLK	=	0x00cc
                           0000CD   333 _RCLK	=	0x00cd
                           0000CE   334 _EXF2	=	0x00ce
                           0000CF   335 _TF2	=	0x00cf
                           0000DF   336 _CF	=	0x00df
                           0000DE   337 _CR	=	0x00de
                           0000DC   338 _CCF4	=	0x00dc
                           0000DB   339 _CCF3	=	0x00db
                           0000DA   340 _CCF2	=	0x00da
                           0000D9   341 _CCF1	=	0x00d9
                           0000D8   342 _CCF0	=	0x00d8
                           0000AE   343 _EC	=	0x00ae
                           0000BE   344 _PPCL	=	0x00be
                           0000BD   345 _PT2L	=	0x00bd
                           0000BC   346 _PSL	=	0x00bc
                           0000BB   347 _PT1L	=	0x00bb
                           0000BA   348 _PX1L	=	0x00ba
                           0000B9   349 _PT0L	=	0x00b9
                           0000B8   350 _PX0L	=	0x00b8
                           0000C0   351 _P4_0	=	0x00c0
                           0000C1   352 _P4_1	=	0x00c1
                           0000C2   353 _P4_2	=	0x00c2
                           0000C3   354 _P4_3	=	0x00c3
                           0000C4   355 _P4_4	=	0x00c4
                           0000C5   356 _P4_5	=	0x00c5
                           0000C6   357 _P4_6	=	0x00c6
                           0000C7   358 _P4_7	=	0x00c7
                           0000E8   359 _P5_0	=	0x00e8
                           0000E9   360 _P5_1	=	0x00e9
                           0000EA   361 _P5_2	=	0x00ea
                           0000EB   362 _P5_3	=	0x00eb
                           0000EC   363 _P5_4	=	0x00ec
                           0000ED   364 _P5_5	=	0x00ed
                           0000EE   365 _P5_6	=	0x00ee
                           0000EF   366 _P5_7	=	0x00ef
                           0000F0   367 _BREG_F0	=	0x00f0
                           0000F1   368 _BREG_F1	=	0x00f1
                           0000F2   369 _BREG_F2	=	0x00f2
                           0000F3   370 _BREG_F3	=	0x00f3
                           0000F4   371 _BREG_F4	=	0x00f4
                           0000F5   372 _BREG_F5	=	0x00f5
                           0000F6   373 _BREG_F6	=	0x00f6
                           0000F7   374 _BREG_F7	=	0x00f7
                           0000A8   375 _EX0	=	0x00a8
                           0000A9   376 _ET0	=	0x00a9
                           0000AA   377 _EX1	=	0x00aa
                           0000AB   378 _ET1	=	0x00ab
                           0000AC   379 _ES	=	0x00ac
                           0000AF   380 _EA	=	0x00af
                           0000B8   381 _PX0	=	0x00b8
                           0000B9   382 _PT0	=	0x00b9
                           0000BA   383 _PX1	=	0x00ba
                           0000BB   384 _PT1	=	0x00bb
                           0000BC   385 _PS	=	0x00bc
                           000080   386 _P0_0	=	0x0080
                           000081   387 _P0_1	=	0x0081
                           000082   388 _P0_2	=	0x0082
                           000083   389 _P0_3	=	0x0083
                           000084   390 _P0_4	=	0x0084
                           000085   391 _P0_5	=	0x0085
                           000086   392 _P0_6	=	0x0086
                           000087   393 _P0_7	=	0x0087
                           000090   394 _P1_0	=	0x0090
                           000091   395 _P1_1	=	0x0091
                           000092   396 _P1_2	=	0x0092
                           000093   397 _P1_3	=	0x0093
                           000094   398 _P1_4	=	0x0094
                           000095   399 _P1_5	=	0x0095
                           000096   400 _P1_6	=	0x0096
                           000097   401 _P1_7	=	0x0097
                           0000A0   402 _P2_0	=	0x00a0
                           0000A1   403 _P2_1	=	0x00a1
                           0000A2   404 _P2_2	=	0x00a2
                           0000A3   405 _P2_3	=	0x00a3
                           0000A4   406 _P2_4	=	0x00a4
                           0000A5   407 _P2_5	=	0x00a5
                           0000A6   408 _P2_6	=	0x00a6
                           0000A7   409 _P2_7	=	0x00a7
                           0000B0   410 _P3_0	=	0x00b0
                           0000B1   411 _P3_1	=	0x00b1
                           0000B2   412 _P3_2	=	0x00b2
                           0000B3   413 _P3_3	=	0x00b3
                           0000B4   414 _P3_4	=	0x00b4
                           0000B5   415 _P3_5	=	0x00b5
                           0000B6   416 _P3_6	=	0x00b6
                           0000B7   417 _P3_7	=	0x00b7
                           0000B0   418 _RXD	=	0x00b0
                           0000B0   419 _RXD0	=	0x00b0
                           0000B1   420 _TXD	=	0x00b1
                           0000B1   421 _TXD0	=	0x00b1
                           0000B2   422 _INT0	=	0x00b2
                           0000B3   423 _INT1	=	0x00b3
                           0000B4   424 _T0	=	0x00b4
                           0000B5   425 _T1	=	0x00b5
                           0000B6   426 _WR	=	0x00b6
                           0000B7   427 _RD	=	0x00b7
                           0000D0   428 _P	=	0x00d0
                           0000D1   429 _F1	=	0x00d1
                           0000D2   430 _OV	=	0x00d2
                           0000D3   431 _RS0	=	0x00d3
                           0000D4   432 _RS1	=	0x00d4
                           0000D5   433 _F0	=	0x00d5
                           0000D6   434 _AC	=	0x00d6
                           0000D7   435 _CY	=	0x00d7
                           000098   436 _RI	=	0x0098
                           000099   437 _TI	=	0x0099
                           00009A   438 _RB8	=	0x009a
                           00009B   439 _TB8	=	0x009b
                           00009C   440 _REN	=	0x009c
                           00009D   441 _SM2	=	0x009d
                           00009E   442 _SM1	=	0x009e
                           00009F   443 _SM0	=	0x009f
                           000088   444 _IT0	=	0x0088
                           000089   445 _IE0	=	0x0089
                           00008A   446 _IT1	=	0x008a
                           00008B   447 _IE1	=	0x008b
                           00008C   448 _TR0	=	0x008c
                           00008D   449 _TF0	=	0x008d
                           00008E   450 _TR1	=	0x008e
                           00008F   451 _TF1	=	0x008f
                                    452 ;--------------------------------------------------------
                                    453 ; overlayable register banks
                                    454 ;--------------------------------------------------------
                                    455 	.area REG_BANK_0	(REL,OVR,DATA)
      000000                        456 	.ds 8
                                    457 ;--------------------------------------------------------
                                    458 ; overlayable bit register bank
                                    459 ;--------------------------------------------------------
                                    460 	.area BIT_BANK	(REL,OVR,DATA)
      000000                        461 bits:
      000000                        462 	.ds 1
                           008000   463 	b0 = bits[0]
                           008100   464 	b1 = bits[1]
                           008200   465 	b2 = bits[2]
                           008300   466 	b3 = bits[3]
                           008400   467 	b4 = bits[4]
                           008500   468 	b5 = bits[5]
                           008600   469 	b6 = bits[6]
                           008700   470 	b7 = bits[7]
                                    471 ;--------------------------------------------------------
                                    472 ; internal ram data
                                    473 ;--------------------------------------------------------
                                    474 	.area DSEG    (DATA)
                                    475 ;--------------------------------------------------------
                                    476 ; overlayable items in internal ram 
                                    477 ;--------------------------------------------------------
                                    478 ;--------------------------------------------------------
                                    479 ; Stack segment in internal ram 
                                    480 ;--------------------------------------------------------
                                    481 	.area	SSEG
      000000                        482 __start__stack:
      000000                        483 	.ds	1
                                    484 
                                    485 ;--------------------------------------------------------
                                    486 ; indirectly addressable internal ram data
                                    487 ;--------------------------------------------------------
                                    488 	.area ISEG    (DATA)
                                    489 ;--------------------------------------------------------
                                    490 ; absolute internal ram data
                                    491 ;--------------------------------------------------------
                                    492 	.area IABS    (ABS,DATA)
                                    493 	.area IABS    (ABS,DATA)
                                    494 ;--------------------------------------------------------
                                    495 ; bit data
                                    496 ;--------------------------------------------------------
                                    497 	.area BSEG    (BIT)
                                    498 ;--------------------------------------------------------
                                    499 ; paged external ram data
                                    500 ;--------------------------------------------------------
                                    501 	.area PSEG    (PAG,XDATA)
                                    502 ;--------------------------------------------------------
                                    503 ; external ram data
                                    504 ;--------------------------------------------------------
                                    505 	.area XSEG    (XDATA)
      000000                        506 _putchar_chr_65536_15:
      000000                        507 	.ds 2
                                    508 ;--------------------------------------------------------
                                    509 ; absolute external ram data
                                    510 ;--------------------------------------------------------
                                    511 	.area XABS    (ABS,XDATA)
                                    512 ;--------------------------------------------------------
                                    513 ; external initialized ram data
                                    514 ;--------------------------------------------------------
                                    515 	.area XISEG   (XDATA)
                                    516 	.area HOME    (CODE)
                                    517 	.area GSINIT0 (CODE)
                                    518 	.area GSINIT1 (CODE)
                                    519 	.area GSINIT2 (CODE)
                                    520 	.area GSINIT3 (CODE)
                                    521 	.area GSINIT4 (CODE)
                                    522 	.area GSINIT5 (CODE)
                                    523 	.area GSINIT  (CODE)
                                    524 	.area GSFINAL (CODE)
                                    525 	.area CSEG    (CODE)
                                    526 ;--------------------------------------------------------
                                    527 ; interrupt vector 
                                    528 ;--------------------------------------------------------
                                    529 	.area HOME    (CODE)
      000000                        530 __interrupt_vect:
      000000 02r00r00         [24]  531 	ljmp	__sdcc_gsinit_startup
      000003 02r00r37         [24]  532 	ljmp	_external_ISR
                                    533 ;--------------------------------------------------------
                                    534 ; global & static initialisations
                                    535 ;--------------------------------------------------------
                                    536 	.area HOME    (CODE)
                                    537 	.area GSINIT  (CODE)
                                    538 	.area GSFINAL (CODE)
                                    539 	.area GSINIT  (CODE)
                                    540 	.globl __sdcc_gsinit_startup
                                    541 	.globl __sdcc_program_startup
                                    542 	.globl __start__stack
                                    543 	.globl __mcs51_genXINIT
                                    544 	.globl __mcs51_genXRAMCLEAR
                                    545 	.globl __mcs51_genRAMCLEAR
                                    546 	.area GSFINAL (CODE)
      000000 02r00r06         [24]  547 	ljmp	__sdcc_program_startup
                                    548 ;--------------------------------------------------------
                                    549 ; Home
                                    550 ;--------------------------------------------------------
                                    551 	.area HOME    (CODE)
                                    552 	.area HOME    (CODE)
      000006                        553 __sdcc_program_startup:
      000006 02r00r88         [24]  554 	ljmp	_main
                                    555 ;	return from main will return to caller
                                    556 ;--------------------------------------------------------
                                    557 ; code
                                    558 ;--------------------------------------------------------
                                    559 	.area CSEG    (CODE)
                                    560 ;------------------------------------------------------------
                                    561 ;Allocation info for local variables in function 'init_uart'
                                    562 ;------------------------------------------------------------
                                    563 ;	pwm.c:13: void init_uart(void)
                                    564 ;	-----------------------------------------
                                    565 ;	 function init_uart
                                    566 ;	-----------------------------------------
      000000                        567 _init_uart:
                           000007   568 	ar7 = 0x07
                           000006   569 	ar6 = 0x06
                           000005   570 	ar5 = 0x05
                           000004   571 	ar4 = 0x04
                           000003   572 	ar3 = 0x03
                           000002   573 	ar2 = 0x02
                           000001   574 	ar1 = 0x01
                           000000   575 	ar0 = 0x00
                                    576 ;	pwm.c:15: SCON = 0x50;               // Serial mode 1, 8-bit UART, enable receiver
      000000 75 98 50         [24]  577 	mov	_SCON,#0x50
                                    578 ;	pwm.c:16: TMOD = 0x20;               // Timer 1, mode 2 (8-bit auto-reload)
      000003 75 89 20         [24]  579 	mov	_TMOD,#0x20
                                    580 ;	pwm.c:17: TH1 = 0xFD;                // 9600 baud rate
      000006 75 8D FD         [24]  581 	mov	_TH1,#0xfd
                                    582 ;	pwm.c:18: TR1 = 1;                   // Start timer 1
                                    583 ;	assignBit
      000009 D2 8E            [12]  584 	setb	_TR1
                                    585 ;	pwm.c:19: }
      00000B 22               [24]  586 	ret
                                    587 ;------------------------------------------------------------
                                    588 ;Allocation info for local variables in function 'putchar'
                                    589 ;------------------------------------------------------------
                                    590 ;chr                       Allocated with name '_putchar_chr_65536_15'
                                    591 ;------------------------------------------------------------
                                    592 ;	pwm.c:21: int putchar(int chr)
                                    593 ;	-----------------------------------------
                                    594 ;	 function putchar
                                    595 ;	-----------------------------------------
      00000C                        596 _putchar:
      00000C AF 83            [24]  597 	mov	r7,dph
      00000E E5 82            [12]  598 	mov	a,dpl
      000010 90r00r00         [24]  599 	mov	dptr,#_putchar_chr_65536_15
      000013 F0               [24]  600 	movx	@dptr,a
      000014 EF               [12]  601 	mov	a,r7
      000015 A3               [24]  602 	inc	dptr
      000016 F0               [24]  603 	movx	@dptr,a
                                    604 ;	pwm.c:23: SBUF = chr;                 // Load character to send
      000017 90r00r00         [24]  605 	mov	dptr,#_putchar_chr_65536_15
      00001A E0               [24]  606 	movx	a,@dptr
      00001B FE               [12]  607 	mov	r6,a
      00001C A3               [24]  608 	inc	dptr
      00001D E0               [24]  609 	movx	a,@dptr
      00001E 8E 99            [24]  610 	mov	_SBUF,r6
                                    611 ;	pwm.c:24: while(!TI);                 // Wait for transmission complete
      000020                        612 00101$:
                                    613 ;	pwm.c:26: TI = 0;                     // Clear transmission flag
                                    614 ;	assignBit
      000020 10 99 02         [24]  615 	jbc	_TI,00114$
      000023 80 FB            [24]  616 	sjmp	00101$
      000025                        617 00114$:
                                    618 ;	pwm.c:27: return 1;
      000025 90 00 01         [24]  619 	mov	dptr,#0x0001
                                    620 ;	pwm.c:28: }
      000028 22               [24]  621 	ret
                                    622 ;------------------------------------------------------------
                                    623 ;Allocation info for local variables in function 'getchar'
                                    624 ;------------------------------------------------------------
                                    625 ;a                         Allocated with name '_getchar_a_65537_19'
                                    626 ;------------------------------------------------------------
                                    627 ;	pwm.c:30: int getchar(void){
                                    628 ;	-----------------------------------------
                                    629 ;	 function getchar
                                    630 ;	-----------------------------------------
      000029                        631 _getchar:
                                    632 ;	pwm.c:31: while(!RI);                 // Wait for character reception
      000029                        633 00101$:
      000029 30 98 FD         [24]  634 	jnb	_RI,00101$
                                    635 ;	pwm.c:32: int a = SBUF;               // Get received character
      00002C AE 99            [24]  636 	mov	r6,_SBUF
      00002E 7F 00            [12]  637 	mov	r7,#0x00
                                    638 ;	pwm.c:34: RI = 0;                     // Clear reception flag
                                    639 ;	assignBit
      000030 C2 98            [12]  640 	clr	_RI
                                    641 ;	pwm.c:35: return a;
      000032 8E 82            [24]  642 	mov	dpl,r6
      000034 8F 83            [24]  643 	mov	dph,r7
                                    644 ;	pwm.c:36: }
      000036 22               [24]  645 	ret
                                    646 ;------------------------------------------------------------
                                    647 ;Allocation info for local variables in function 'external_ISR'
                                    648 ;------------------------------------------------------------
                                    649 ;	pwm.c:39: void external_ISR(void) __interrupt (0)
                                    650 ;	-----------------------------------------
                                    651 ;	 function external_ISR
                                    652 ;	-----------------------------------------
      000037                        653 _external_ISR:
      000037 C0*00            [24]  654 	push	bits
      000039 C0 E0            [24]  655 	push	acc
      00003B C0 F0            [24]  656 	push	b
      00003D C0 82            [24]  657 	push	dpl
      00003F C0 83            [24]  658 	push	dph
      000041 C0 07            [24]  659 	push	(0+7)
      000043 C0 06            [24]  660 	push	(0+6)
      000045 C0 05            [24]  661 	push	(0+5)
      000047 C0 04            [24]  662 	push	(0+4)
      000049 C0 03            [24]  663 	push	(0+3)
      00004B C0 02            [24]  664 	push	(0+2)
      00004D C0 01            [24]  665 	push	(0+1)
      00004F C0 00            [24]  666 	push	(0+0)
      000051 C0 D0            [24]  667 	push	psw
      000053 75 D0 00         [24]  668 	mov	psw,#0x00
                                    669 ;	pwm.c:41: printf("EXIT FROM IDEL MODE\n\r");
      000056 74r00            [12]  670 	mov	a,#___str_0
      000058 C0 E0            [24]  671 	push	acc
      00005A 74s00            [12]  672 	mov	a,#(___str_0 >> 8)
      00005C C0 E0            [24]  673 	push	acc
      00005E 74 80            [12]  674 	mov	a,#0x80
      000060 C0 E0            [24]  675 	push	acc
      000062 12r00r00         [24]  676 	lcall	_printf
      000065 15 81            [12]  677 	dec	sp
      000067 15 81            [12]  678 	dec	sp
      000069 15 81            [12]  679 	dec	sp
                                    680 ;	pwm.c:42: }
      00006B D0 D0            [24]  681 	pop	psw
      00006D D0 00            [24]  682 	pop	(0+0)
      00006F D0 01            [24]  683 	pop	(0+1)
      000071 D0 02            [24]  684 	pop	(0+2)
      000073 D0 03            [24]  685 	pop	(0+3)
      000075 D0 04            [24]  686 	pop	(0+4)
      000077 D0 05            [24]  687 	pop	(0+5)
      000079 D0 06            [24]  688 	pop	(0+6)
      00007B D0 07            [24]  689 	pop	(0+7)
      00007D D0 83            [24]  690 	pop	dph
      00007F D0 82            [24]  691 	pop	dpl
      000081 D0 F0            [24]  692 	pop	b
      000083 D0 E0            [24]  693 	pop	acc
      000085 D0*00            [24]  694 	pop	bits
      000087 32               [24]  695 	reti
                                    696 ;------------------------------------------------------------
                                    697 ;Allocation info for local variables in function 'main'
                                    698 ;------------------------------------------------------------
                                    699 ;command                   Allocated with name '_main_command_131072_24'
                                    700 ;------------------------------------------------------------
                                    701 ;	pwm.c:44: void main(void)
                                    702 ;	-----------------------------------------
                                    703 ;	 function main
                                    704 ;	-----------------------------------------
      000088                        705 _main:
                                    706 ;	pwm.c:46: CKCON0 |= 0x09;
      000088 43 8F 09         [24]  707 	orl	_CKCON0,#0x09
                                    708 ;	pwm.c:47: init_uart();
      00008B 12r00r00         [24]  709 	lcall	_init_uart
                                    710 ;	pwm.c:48: printf("X2 mode initialized\n\r");
      00008E 74r16            [12]  711 	mov	a,#___str_1
      000090 C0 E0            [24]  712 	push	acc
      000092 74s00            [12]  713 	mov	a,#(___str_1 >> 8)
      000094 C0 E0            [24]  714 	push	acc
      000096 74 80            [12]  715 	mov	a,#0x80
      000098 C0 E0            [24]  716 	push	acc
      00009A 12r00r00         [24]  717 	lcall	_printf
      00009D 15 81            [12]  718 	dec	sp
      00009F 15 81            [12]  719 	dec	sp
      0000A1 15 81            [12]  720 	dec	sp
                                    721 ;	pwm.c:49: pwm_init();
      0000A3 12r01rF9         [24]  722 	lcall	_pwm_init
                                    723 ;	pwm.c:50: printf("PCA MODE : PWM\n\r");
      0000A6 74r2C            [12]  724 	mov	a,#___str_2
      0000A8 C0 E0            [24]  725 	push	acc
      0000AA 74s00            [12]  726 	mov	a,#(___str_2 >> 8)
      0000AC C0 E0            [24]  727 	push	acc
      0000AE 74 80            [12]  728 	mov	a,#0x80
      0000B0 C0 E0            [24]  729 	push	acc
      0000B2 12r00r00         [24]  730 	lcall	_printf
      0000B5 15 81            [12]  731 	dec	sp
      0000B7 15 81            [12]  732 	dec	sp
      0000B9 15 81            [12]  733 	dec	sp
                                    734 ;	pwm.c:54: printf("COMMANDS :\n\r");
      0000BB 74r3D            [12]  735 	mov	a,#___str_3
      0000BD C0 E0            [24]  736 	push	acc
      0000BF 74s00            [12]  737 	mov	a,#(___str_3 >> 8)
      0000C1 C0 E0            [24]  738 	push	acc
      0000C3 74 80            [12]  739 	mov	a,#0x80
      0000C5 C0 E0            [24]  740 	push	acc
      0000C7 12r00r00         [24]  741 	lcall	_printf
      0000CA 15 81            [12]  742 	dec	sp
      0000CC 15 81            [12]  743 	dec	sp
      0000CE 15 81            [12]  744 	dec	sp
                                    745 ;	pwm.c:55: printf(" R - RUN PWM\n\r");
      0000D0 74r4A            [12]  746 	mov	a,#___str_4
      0000D2 C0 E0            [24]  747 	push	acc
      0000D4 74s00            [12]  748 	mov	a,#(___str_4 >> 8)
      0000D6 C0 E0            [24]  749 	push	acc
      0000D8 74 80            [12]  750 	mov	a,#0x80
      0000DA C0 E0            [24]  751 	push	acc
      0000DC 12r00r00         [24]  752 	lcall	_printf
      0000DF 15 81            [12]  753 	dec	sp
      0000E1 15 81            [12]  754 	dec	sp
      0000E3 15 81            [12]  755 	dec	sp
                                    756 ;	pwm.c:56: printf(" S - STOP PWM\n\r");
      0000E5 74r59            [12]  757 	mov	a,#___str_5
      0000E7 C0 E0            [24]  758 	push	acc
      0000E9 74s00            [12]  759 	mov	a,#(___str_5 >> 8)
      0000EB C0 E0            [24]  760 	push	acc
      0000ED 74 80            [12]  761 	mov	a,#0x80
      0000EF C0 E0            [24]  762 	push	acc
      0000F1 12r00r00         [24]  763 	lcall	_printf
      0000F4 15 81            [12]  764 	dec	sp
      0000F6 15 81            [12]  765 	dec	sp
      0000F8 15 81            [12]  766 	dec	sp
                                    767 ;	pwm.c:57: printf(" F - MAX FREQUENCY MODE\n\r");
      0000FA 74r69            [12]  768 	mov	a,#___str_6
      0000FC C0 E0            [24]  769 	push	acc
      0000FE 74s00            [12]  770 	mov	a,#(___str_6 >> 8)
      000100 C0 E0            [24]  771 	push	acc
      000102 74 80            [12]  772 	mov	a,#0x80
      000104 C0 E0            [24]  773 	push	acc
      000106 12r00r00         [24]  774 	lcall	_printf
      000109 15 81            [12]  775 	dec	sp
      00010B 15 81            [12]  776 	dec	sp
      00010D 15 81            [12]  777 	dec	sp
                                    778 ;	pwm.c:58: printf(" M - MIN FREQUENCY MODE\n\r");
      00010F 74r83            [12]  779 	mov	a,#___str_7
      000111 C0 E0            [24]  780 	push	acc
      000113 74s00            [12]  781 	mov	a,#(___str_7 >> 8)
      000115 C0 E0            [24]  782 	push	acc
      000117 74 80            [12]  783 	mov	a,#0x80
      000119 C0 E0            [24]  784 	push	acc
      00011B 12r00r00         [24]  785 	lcall	_printf
      00011E 15 81            [12]  786 	dec	sp
      000120 15 81            [12]  787 	dec	sp
      000122 15 81            [12]  788 	dec	sp
                                    789 ;	pwm.c:59: printf(" I - IDLE MODE\n\r");
      000124 74r9D            [12]  790 	mov	a,#___str_8
      000126 C0 E0            [24]  791 	push	acc
      000128 74s00            [12]  792 	mov	a,#(___str_8 >> 8)
      00012A C0 E0            [24]  793 	push	acc
      00012C 74 80            [12]  794 	mov	a,#0x80
      00012E C0 E0            [24]  795 	push	acc
      000130 12r00r00         [24]  796 	lcall	_printf
      000133 15 81            [12]  797 	dec	sp
      000135 15 81            [12]  798 	dec	sp
      000137 15 81            [12]  799 	dec	sp
                                    800 ;	pwm.c:60: printf(" P - POWER DOWN MODE\n\r");
      000139 74rAE            [12]  801 	mov	a,#___str_9
      00013B C0 E0            [24]  802 	push	acc
      00013D 74s00            [12]  803 	mov	a,#(___str_9 >> 8)
      00013F C0 E0            [24]  804 	push	acc
      000141 74 80            [12]  805 	mov	a,#0x80
      000143 C0 E0            [24]  806 	push	acc
      000145 12r00r00         [24]  807 	lcall	_printf
      000148 15 81            [12]  808 	dec	sp
      00014A 15 81            [12]  809 	dec	sp
      00014C 15 81            [12]  810 	dec	sp
                                    811 ;	pwm.c:62: TCON = 0x01;
      00014E 75 88 01         [24]  812 	mov	_TCON,#0x01
                                    813 ;	pwm.c:63: IE = 0x81;
      000151 75 A8 81         [24]  814 	mov	_IE,#0x81
                                    815 ;	pwm.c:64: while(1)
      000154                        816 00114$:
                                    817 ;	pwm.c:66: char command = getchar();
      000154 12r00r29         [24]  818 	lcall	_getchar
      000157 AE 82            [24]  819 	mov	r6,dpl
      000159 AF 83            [24]  820 	mov	r7,dph
                                    821 ;	pwm.c:67: if(command == 'R')
      00015B BE 52 07         [24]  822 	cjne	r6,#0x52,00102$
                                    823 ;	pwm.c:70: pwm_start();
      00015E C0 06            [24]  824 	push	ar6
      000160 12r02r0C         [24]  825 	lcall	_pwm_start
      000163 D0 06            [24]  826 	pop	ar6
      000165                        827 00102$:
                                    828 ;	pwm.c:72: if(command == 'S')
      000165 BE 53 07         [24]  829 	cjne	r6,#0x53,00104$
                                    830 ;	pwm.c:75: pwm_stop();
      000168 C0 06            [24]  831 	push	ar6
      00016A 12r02r25         [24]  832 	lcall	_pwm_stop
      00016D D0 06            [24]  833 	pop	ar6
      00016F                        834 00104$:
                                    835 ;	pwm.c:77: if(command == 'F')
      00016F BE 46 07         [24]  836 	cjne	r6,#0x46,00106$
                                    837 ;	pwm.c:80: freq_max();
      000172 C0 06            [24]  838 	push	ar6
      000174 12r01rC7         [24]  839 	lcall	_freq_max
      000177 D0 06            [24]  840 	pop	ar6
      000179                        841 00106$:
                                    842 ;	pwm.c:82: if(command == 'M')
      000179 BE 4D 07         [24]  843 	cjne	r6,#0x4d,00108$
                                    844 ;	pwm.c:85: freq_min();
      00017C C0 06            [24]  845 	push	ar6
      00017E 12r01rE0         [24]  846 	lcall	_freq_min
      000181 D0 06            [24]  847 	pop	ar6
      000183                        848 00108$:
                                    849 ;	pwm.c:87: if(command == 'I')
      000183 BE 49 07         [24]  850 	cjne	r6,#0x49,00110$
                                    851 ;	pwm.c:89: idle_mode();
      000186 C0 06            [24]  852 	push	ar6
      000188 12r01r95         [24]  853 	lcall	_idle_mode
      00018B D0 06            [24]  854 	pop	ar6
      00018D                        855 00110$:
                                    856 ;	pwm.c:91: if(command == 'P')
      00018D BE 50 C4         [24]  857 	cjne	r6,#0x50,00114$
                                    858 ;	pwm.c:93: power_down_mode();
      000190 12r01rAE         [24]  859 	lcall	_power_down_mode
                                    860 ;	pwm.c:97: }
      000193 80 BF            [24]  861 	sjmp	00114$
                                    862 ;------------------------------------------------------------
                                    863 ;Allocation info for local variables in function 'idle_mode'
                                    864 ;------------------------------------------------------------
                                    865 ;	pwm.c:106: void idle_mode()
                                    866 ;	-----------------------------------------
                                    867 ;	 function idle_mode
                                    868 ;	-----------------------------------------
      000195                        869 _idle_mode:
                                    870 ;	pwm.c:108: printf("IDLE MODE\n\r");
      000195 74rC5            [12]  871 	mov	a,#___str_10
      000197 C0 E0            [24]  872 	push	acc
      000199 74s00            [12]  873 	mov	a,#(___str_10 >> 8)
      00019B C0 E0            [24]  874 	push	acc
      00019D 74 80            [12]  875 	mov	a,#0x80
      00019F C0 E0            [24]  876 	push	acc
      0001A1 12r00r00         [24]  877 	lcall	_printf
      0001A4 15 81            [12]  878 	dec	sp
      0001A6 15 81            [12]  879 	dec	sp
      0001A8 15 81            [12]  880 	dec	sp
                                    881 ;	pwm.c:109: PCON = 0x01;
      0001AA 75 87 01         [24]  882 	mov	_PCON,#0x01
                                    883 ;	pwm.c:110: }
      0001AD 22               [24]  884 	ret
                                    885 ;------------------------------------------------------------
                                    886 ;Allocation info for local variables in function 'power_down_mode'
                                    887 ;------------------------------------------------------------
                                    888 ;	pwm.c:112: void power_down_mode()
                                    889 ;	-----------------------------------------
                                    890 ;	 function power_down_mode
                                    891 ;	-----------------------------------------
      0001AE                        892 _power_down_mode:
                                    893 ;	pwm.c:114: printf("POWER DOWN MODE\n\r");
      0001AE 74rD1            [12]  894 	mov	a,#___str_11
      0001B0 C0 E0            [24]  895 	push	acc
      0001B2 74s00            [12]  896 	mov	a,#(___str_11 >> 8)
      0001B4 C0 E0            [24]  897 	push	acc
      0001B6 74 80            [12]  898 	mov	a,#0x80
      0001B8 C0 E0            [24]  899 	push	acc
      0001BA 12r00r00         [24]  900 	lcall	_printf
      0001BD 15 81            [12]  901 	dec	sp
      0001BF 15 81            [12]  902 	dec	sp
      0001C1 15 81            [12]  903 	dec	sp
                                    904 ;	pwm.c:115: PCON = 0x02;
      0001C3 75 87 02         [24]  905 	mov	_PCON,#0x02
                                    906 ;	pwm.c:116: }
      0001C6 22               [24]  907 	ret
                                    908 ;------------------------------------------------------------
                                    909 ;Allocation info for local variables in function 'freq_max'
                                    910 ;------------------------------------------------------------
                                    911 ;	pwm.c:117: void freq_max()
                                    912 ;	-----------------------------------------
                                    913 ;	 function freq_max
                                    914 ;	-----------------------------------------
      0001C7                        915 _freq_max:
                                    916 ;	pwm.c:119: printf("MAXIMUM FREQUENCY\n\r");
      0001C7 74rE3            [12]  917 	mov	a,#___str_12
      0001C9 C0 E0            [24]  918 	push	acc
      0001CB 74s00            [12]  919 	mov	a,#(___str_12 >> 8)
      0001CD C0 E0            [24]  920 	push	acc
      0001CF 74 80            [12]  921 	mov	a,#0x80
      0001D1 C0 E0            [24]  922 	push	acc
      0001D3 12r00r00         [24]  923 	lcall	_printf
      0001D6 15 81            [12]  924 	dec	sp
      0001D8 15 81            [12]  925 	dec	sp
      0001DA 15 81            [12]  926 	dec	sp
                                    927 ;	pwm.c:120: CKRL = 0xFF;
      0001DC 75 97 FF         [24]  928 	mov	_CKRL,#0xff
                                    929 ;	pwm.c:121: }
      0001DF 22               [24]  930 	ret
                                    931 ;------------------------------------------------------------
                                    932 ;Allocation info for local variables in function 'freq_min'
                                    933 ;------------------------------------------------------------
                                    934 ;	pwm.c:123: void freq_min()
                                    935 ;	-----------------------------------------
                                    936 ;	 function freq_min
                                    937 ;	-----------------------------------------
      0001E0                        938 _freq_min:
                                    939 ;	pwm.c:125: printf("MINIMUM FREQUENCY\n\r");
      0001E0 74rF7            [12]  940 	mov	a,#___str_13
      0001E2 C0 E0            [24]  941 	push	acc
      0001E4 74s00            [12]  942 	mov	a,#(___str_13 >> 8)
      0001E6 C0 E0            [24]  943 	push	acc
      0001E8 74 80            [12]  944 	mov	a,#0x80
      0001EA C0 E0            [24]  945 	push	acc
      0001EC 12r00r00         [24]  946 	lcall	_printf
      0001EF 15 81            [12]  947 	dec	sp
      0001F1 15 81            [12]  948 	dec	sp
      0001F3 15 81            [12]  949 	dec	sp
                                    950 ;	pwm.c:126: CKRL = 0x00;
      0001F5 75 97 00         [24]  951 	mov	_CKRL,#0x00
                                    952 ;	pwm.c:127: }
      0001F8 22               [24]  953 	ret
                                    954 ;------------------------------------------------------------
                                    955 ;Allocation info for local variables in function 'pwm_init'
                                    956 ;------------------------------------------------------------
                                    957 ;	pwm.c:128: void pwm_init()
                                    958 ;	-----------------------------------------
                                    959 ;	 function pwm_init
                                    960 ;	-----------------------------------------
      0001F9                        961 _pwm_init:
                                    962 ;	pwm.c:130: CMOD = 0X82;
      0001F9 75 D9 82         [24]  963 	mov	_CMOD,#0x82
                                    964 ;	pwm.c:131: CL = 0X00;
      0001FC 75 E9 00         [24]  965 	mov	_CL,#0x00
                                    966 ;	pwm.c:132: CH = 0X00;
      0001FF 75 F9 00         [24]  967 	mov	_CH,#0x00
                                    968 ;	pwm.c:134: CCAP0L = 0X1C;
      000202 75 EA 1C         [24]  969 	mov	_CCAP0L,#0x1c
                                    970 ;	pwm.c:135: CCAP0H = 0X1C;
      000205 75 FA 1C         [24]  971 	mov	_CCAP0H,#0x1c
                                    972 ;	pwm.c:136: CCAPM0 = 0X42;
      000208 75 DA 42         [24]  973 	mov	_CCAPM0,#0x42
                                    974 ;	pwm.c:137: }
      00020B 22               [24]  975 	ret
                                    976 ;------------------------------------------------------------
                                    977 ;Allocation info for local variables in function 'pwm_start'
                                    978 ;------------------------------------------------------------
                                    979 ;	pwm.c:139: void pwm_start()
                                    980 ;	-----------------------------------------
                                    981 ;	 function pwm_start
                                    982 ;	-----------------------------------------
      00020C                        983 _pwm_start:
                                    984 ;	pwm.c:141: printf("PWM START\n\r");
      00020C 74r0B            [12]  985 	mov	a,#___str_14
      00020E C0 E0            [24]  986 	push	acc
      000210 74s01            [12]  987 	mov	a,#(___str_14 >> 8)
      000212 C0 E0            [24]  988 	push	acc
      000214 74 80            [12]  989 	mov	a,#0x80
      000216 C0 E0            [24]  990 	push	acc
      000218 12r00r00         [24]  991 	lcall	_printf
      00021B 15 81            [12]  992 	dec	sp
      00021D 15 81            [12]  993 	dec	sp
      00021F 15 81            [12]  994 	dec	sp
                                    995 ;	pwm.c:142: CCON = 0x40;
      000221 75 D8 40         [24]  996 	mov	_CCON,#0x40
                                    997 ;	pwm.c:143: }
      000224 22               [24]  998 	ret
                                    999 ;------------------------------------------------------------
                                   1000 ;Allocation info for local variables in function 'pwm_stop'
                                   1001 ;------------------------------------------------------------
                                   1002 ;	pwm.c:145: void pwm_stop()
                                   1003 ;	-----------------------------------------
                                   1004 ;	 function pwm_stop
                                   1005 ;	-----------------------------------------
      000225                       1006 _pwm_stop:
                                   1007 ;	pwm.c:147: printf("PWM STOP\n\r");
      000225 74r17            [12] 1008 	mov	a,#___str_15
      000227 C0 E0            [24] 1009 	push	acc
      000229 74s01            [12] 1010 	mov	a,#(___str_15 >> 8)
      00022B C0 E0            [24] 1011 	push	acc
      00022D 74 80            [12] 1012 	mov	a,#0x80
      00022F C0 E0            [24] 1013 	push	acc
      000231 12r00r00         [24] 1014 	lcall	_printf
      000234 15 81            [12] 1015 	dec	sp
      000236 15 81            [12] 1016 	dec	sp
      000238 15 81            [12] 1017 	dec	sp
                                   1018 ;	pwm.c:148: CCON = 0x00;
      00023A 75 D8 00         [24] 1019 	mov	_CCON,#0x00
                                   1020 ;	pwm.c:149: }
      00023D 22               [24] 1021 	ret
                                   1022 	.area CSEG    (CODE)
                                   1023 	.area CONST   (CODE)
                                   1024 	.area CONST   (CODE)
      000000                       1025 ___str_0:
      000000 45 58 49 54 20 46 52  1026 	.ascii "EXIT FROM IDEL MODE"
             4F 4D 20 49 44 45 4C
             20 4D 4F 44 45
      000013 0A                    1027 	.db 0x0a
      000014 0D                    1028 	.db 0x0d
      000015 00                    1029 	.db 0x00
                                   1030 	.area CSEG    (CODE)
                                   1031 	.area CONST   (CODE)
      000016                       1032 ___str_1:
      000016 58 32 20 6D 6F 64 65  1033 	.ascii "X2 mode initialized"
             20 69 6E 69 74 69 61
             6C 69 7A 65 64
      000029 0A                    1034 	.db 0x0a
      00002A 0D                    1035 	.db 0x0d
      00002B 00                    1036 	.db 0x00
                                   1037 	.area CSEG    (CODE)
                                   1038 	.area CONST   (CODE)
      00002C                       1039 ___str_2:
      00002C 50 43 41 20 4D 4F 44  1040 	.ascii "PCA MODE : PWM"
             45 20 3A 20 50 57 4D
      00003A 0A                    1041 	.db 0x0a
      00003B 0D                    1042 	.db 0x0d
      00003C 00                    1043 	.db 0x00
                                   1044 	.area CSEG    (CODE)
                                   1045 	.area CONST   (CODE)
      00003D                       1046 ___str_3:
      00003D 43 4F 4D 4D 41 4E 44  1047 	.ascii "COMMANDS :"
             53 20 3A
      000047 0A                    1048 	.db 0x0a
      000048 0D                    1049 	.db 0x0d
      000049 00                    1050 	.db 0x00
                                   1051 	.area CSEG    (CODE)
                                   1052 	.area CONST   (CODE)
      00004A                       1053 ___str_4:
      00004A 20 52 20 2D 20 52 55  1054 	.ascii " R - RUN PWM"
             4E 20 50 57 4D
      000056 0A                    1055 	.db 0x0a
      000057 0D                    1056 	.db 0x0d
      000058 00                    1057 	.db 0x00
                                   1058 	.area CSEG    (CODE)
                                   1059 	.area CONST   (CODE)
      000059                       1060 ___str_5:
      000059 20 53 20 2D 20 53 54  1061 	.ascii " S - STOP PWM"
             4F 50 20 50 57 4D
      000066 0A                    1062 	.db 0x0a
      000067 0D                    1063 	.db 0x0d
      000068 00                    1064 	.db 0x00
                                   1065 	.area CSEG    (CODE)
                                   1066 	.area CONST   (CODE)
      000069                       1067 ___str_6:
      000069 20 46 20 2D 20 4D 41  1068 	.ascii " F - MAX FREQUENCY MODE"
             58 20 46 52 45 51 55
             45 4E 43 59 20 4D 4F
             44 45
      000080 0A                    1069 	.db 0x0a
      000081 0D                    1070 	.db 0x0d
      000082 00                    1071 	.db 0x00
                                   1072 	.area CSEG    (CODE)
                                   1073 	.area CONST   (CODE)
      000083                       1074 ___str_7:
      000083 20 4D 20 2D 20 4D 49  1075 	.ascii " M - MIN FREQUENCY MODE"
             4E 20 46 52 45 51 55
             45 4E 43 59 20 4D 4F
             44 45
      00009A 0A                    1076 	.db 0x0a
      00009B 0D                    1077 	.db 0x0d
      00009C 00                    1078 	.db 0x00
                                   1079 	.area CSEG    (CODE)
                                   1080 	.area CONST   (CODE)
      00009D                       1081 ___str_8:
      00009D 20 49 20 2D 20 49 44  1082 	.ascii " I - IDLE MODE"
             4C 45 20 4D 4F 44 45
      0000AB 0A                    1083 	.db 0x0a
      0000AC 0D                    1084 	.db 0x0d
      0000AD 00                    1085 	.db 0x00
                                   1086 	.area CSEG    (CODE)
                                   1087 	.area CONST   (CODE)
      0000AE                       1088 ___str_9:
      0000AE 20 50 20 2D 20 50 4F  1089 	.ascii " P - POWER DOWN MODE"
             57 45 52 20 44 4F 57
             4E 20 4D 4F 44 45
      0000C2 0A                    1090 	.db 0x0a
      0000C3 0D                    1091 	.db 0x0d
      0000C4 00                    1092 	.db 0x00
                                   1093 	.area CSEG    (CODE)
                                   1094 	.area CONST   (CODE)
      0000C5                       1095 ___str_10:
      0000C5 49 44 4C 45 20 4D 4F  1096 	.ascii "IDLE MODE"
             44 45
      0000CE 0A                    1097 	.db 0x0a
      0000CF 0D                    1098 	.db 0x0d
      0000D0 00                    1099 	.db 0x00
                                   1100 	.area CSEG    (CODE)
                                   1101 	.area CONST   (CODE)
      0000D1                       1102 ___str_11:
      0000D1 50 4F 57 45 52 20 44  1103 	.ascii "POWER DOWN MODE"
             4F 57 4E 20 4D 4F 44
             45
      0000E0 0A                    1104 	.db 0x0a
      0000E1 0D                    1105 	.db 0x0d
      0000E2 00                    1106 	.db 0x00
                                   1107 	.area CSEG    (CODE)
                                   1108 	.area CONST   (CODE)
      0000E3                       1109 ___str_12:
      0000E3 4D 41 58 49 4D 55 4D  1110 	.ascii "MAXIMUM FREQUENCY"
             20 46 52 45 51 55 45
             4E 43 59
      0000F4 0A                    1111 	.db 0x0a
      0000F5 0D                    1112 	.db 0x0d
      0000F6 00                    1113 	.db 0x00
                                   1114 	.area CSEG    (CODE)
                                   1115 	.area CONST   (CODE)
      0000F7                       1116 ___str_13:
      0000F7 4D 49 4E 49 4D 55 4D  1117 	.ascii "MINIMUM FREQUENCY"
             20 46 52 45 51 55 45
             4E 43 59
      000108 0A                    1118 	.db 0x0a
      000109 0D                    1119 	.db 0x0d
      00010A 00                    1120 	.db 0x00
                                   1121 	.area CSEG    (CODE)
                                   1122 	.area CONST   (CODE)
      00010B                       1123 ___str_14:
      00010B 50 57 4D 20 53 54 41  1124 	.ascii "PWM START"
             52 54
      000114 0A                    1125 	.db 0x0a
      000115 0D                    1126 	.db 0x0d
      000116 00                    1127 	.db 0x00
                                   1128 	.area CSEG    (CODE)
                                   1129 	.area CONST   (CODE)
      000117                       1130 ___str_15:
      000117 50 57 4D 20 53 54 4F  1131 	.ascii "PWM STOP"
             50
      00011F 0A                    1132 	.db 0x0a
      000120 0D                    1133 	.db 0x0d
      000121 00                    1134 	.db 0x00
                                   1135 	.area CSEG    (CODE)
                                   1136 	.area XINIT   (CODE)
                                   1137 	.area CABS    (ABS,CODE)
