                                      1 ;--------------------------------------------------------
                                      2 ; File Created by SDCC : free open source ANSI-C Compiler
                                      3 ; Version 4.0.0 #11528 (Linux)
                                      4 ;--------------------------------------------------------
                                      5 	.module waves
                                      6 	.optsdcc -mmcs51 --model-large
                                      7 	
                                      8 ;--------------------------------------------------------
                                      9 ; Public variables in this module
                                     10 ;--------------------------------------------------------
                                     11 	.globl _ramp_dac_values
                                     12 	.globl _trig_dac_values
                                     13 	.globl _dac_values
                                     14 ;--------------------------------------------------------
                                     15 ; special function registers
                                     16 ;--------------------------------------------------------
                                     17 	.area RSEG    (ABS,DATA)
      000000                         18 	.org 0x0000
                                     19 ;--------------------------------------------------------
                                     20 ; special function bits
                                     21 ;--------------------------------------------------------
                                     22 	.area RSEG    (ABS,DATA)
      000000                         23 	.org 0x0000
                                     24 ;--------------------------------------------------------
                                     25 ; overlayable register banks
                                     26 ;--------------------------------------------------------
                                     27 	.area REG_BANK_0	(REL,OVR,DATA)
      000000                         28 	.ds 8
                                     29 ;--------------------------------------------------------
                                     30 ; internal ram data
                                     31 ;--------------------------------------------------------
                                     32 	.area DSEG    (DATA)
                                     33 ;--------------------------------------------------------
                                     34 ; overlayable items in internal ram 
                                     35 ;--------------------------------------------------------
                                     36 ;--------------------------------------------------------
                                     37 ; indirectly addressable internal ram data
                                     38 ;--------------------------------------------------------
                                     39 	.area ISEG    (DATA)
                                     40 ;--------------------------------------------------------
                                     41 ; absolute internal ram data
                                     42 ;--------------------------------------------------------
                                     43 	.area IABS    (ABS,DATA)
                                     44 	.area IABS    (ABS,DATA)
                                     45 ;--------------------------------------------------------
                                     46 ; bit data
                                     47 ;--------------------------------------------------------
                                     48 	.area BSEG    (BIT)
                                     49 ;--------------------------------------------------------
                                     50 ; paged external ram data
                                     51 ;--------------------------------------------------------
                                     52 	.area PSEG    (PAG,XDATA)
                                     53 ;--------------------------------------------------------
                                     54 ; external ram data
                                     55 ;--------------------------------------------------------
                                     56 	.area XSEG    (XDATA)
                                     57 ;--------------------------------------------------------
                                     58 ; absolute external ram data
                                     59 ;--------------------------------------------------------
                                     60 	.area XABS    (ABS,XDATA)
                                     61 ;--------------------------------------------------------
                                     62 ; external initialized ram data
                                     63 ;--------------------------------------------------------
                                     64 	.area XISEG   (XDATA)
                                     65 	.area HOME    (CODE)
                                     66 	.area GSINIT0 (CODE)
                                     67 	.area GSINIT1 (CODE)
                                     68 	.area GSINIT2 (CODE)
                                     69 	.area GSINIT3 (CODE)
                                     70 	.area GSINIT4 (CODE)
                                     71 	.area GSINIT5 (CODE)
                                     72 	.area GSINIT  (CODE)
                                     73 	.area GSFINAL (CODE)
                                     74 	.area CSEG    (CODE)
                                     75 ;--------------------------------------------------------
                                     76 ; global & static initialisations
                                     77 ;--------------------------------------------------------
                                     78 	.area HOME    (CODE)
                                     79 	.area GSINIT  (CODE)
                                     80 	.area GSFINAL (CODE)
                                     81 	.area GSINIT  (CODE)
                                     82 ;--------------------------------------------------------
                                     83 ; Home
                                     84 ;--------------------------------------------------------
                                     85 	.area HOME    (CODE)
                                     86 	.area HOME    (CODE)
                                     87 ;--------------------------------------------------------
                                     88 ; code
                                     89 ;--------------------------------------------------------
                                     90 	.area CSEG    (CODE)
                                     91 	.area CSEG    (CODE)
                                     92 	.area CONST   (CODE)
      000000                         93 _dac_values:
      000000 80 00                   94 	.byte #0x80, #0x00	;  128
      000002 83 00                   95 	.byte #0x83, #0x00	;  131
      000004 86 00                   96 	.byte #0x86, #0x00	;  134
      000006 89 00                   97 	.byte #0x89, #0x00	;  137
      000008 8C 00                   98 	.byte #0x8c, #0x00	;  140
      00000A 90 00                   99 	.byte #0x90, #0x00	;  144
      00000C 93 00                  100 	.byte #0x93, #0x00	;  147
      00000E 96 00                  101 	.byte #0x96, #0x00	;  150
      000010 99 00                  102 	.byte #0x99, #0x00	;  153
      000012 9C 00                  103 	.byte #0x9c, #0x00	;  156
      000014 9F 00                  104 	.byte #0x9f, #0x00	;  159
      000016 A2 00                  105 	.byte #0xa2, #0x00	;  162
      000018 A5 00                  106 	.byte #0xa5, #0x00	;  165
      00001A A8 00                  107 	.byte #0xa8, #0x00	;  168
      00001C AB 00                  108 	.byte #0xab, #0x00	;  171
      00001E AE 00                  109 	.byte #0xae, #0x00	;  174
      000020 B1 00                  110 	.byte #0xb1, #0x00	;  177
      000022 B3 00                  111 	.byte #0xb3, #0x00	;  179
      000024 B6 00                  112 	.byte #0xb6, #0x00	;  182
      000026 B9 00                  113 	.byte #0xb9, #0x00	;  185
      000028 BC 00                  114 	.byte #0xbc, #0x00	;  188
      00002A BF 00                  115 	.byte #0xbf, #0x00	;  191
      00002C C1 00                  116 	.byte #0xc1, #0x00	;  193
      00002E C4 00                  117 	.byte #0xc4, #0x00	;  196
      000030 C7 00                  118 	.byte #0xc7, #0x00	;  199
      000032 C9 00                  119 	.byte #0xc9, #0x00	;  201
      000034 CC 00                  120 	.byte #0xcc, #0x00	;  204
      000036 CE 00                  121 	.byte #0xce, #0x00	;  206
      000038 D1 00                  122 	.byte #0xd1, #0x00	;  209
      00003A D3 00                  123 	.byte #0xd3, #0x00	;  211
      00003C D5 00                  124 	.byte #0xd5, #0x00	;  213
      00003E D8 00                  125 	.byte #0xd8, #0x00	;  216
      000040 DA 00                  126 	.byte #0xda, #0x00	;  218
      000042 DC 00                  127 	.byte #0xdc, #0x00	;  220
      000044 DE 00                  128 	.byte #0xde, #0x00	;  222
      000046 E0 00                  129 	.byte #0xe0, #0x00	;  224
      000048 E2 00                  130 	.byte #0xe2, #0x00	;  226
      00004A E4 00                  131 	.byte #0xe4, #0x00	;  228
      00004C E6 00                  132 	.byte #0xe6, #0x00	;  230
      00004E E8 00                  133 	.byte #0xe8, #0x00	;  232
      000050 EA 00                  134 	.byte #0xea, #0x00	;  234
      000052 EB 00                  135 	.byte #0xeb, #0x00	;  235
      000054 ED 00                  136 	.byte #0xed, #0x00	;  237
      000056 EF 00                  137 	.byte #0xef, #0x00	;  239
      000058 F0 00                  138 	.byte #0xf0, #0x00	;  240
      00005A F1 00                  139 	.byte #0xf1, #0x00	;  241
      00005C F3 00                  140 	.byte #0xf3, #0x00	;  243
      00005E F4 00                  141 	.byte #0xf4, #0x00	;  244
      000060 F5 00                  142 	.byte #0xf5, #0x00	;  245
      000062 F6 00                  143 	.byte #0xf6, #0x00	;  246
      000064 F8 00                  144 	.byte #0xf8, #0x00	;  248
      000066 F9 00                  145 	.byte #0xf9, #0x00	;  249
      000068 FA 00                  146 	.byte #0xfa, #0x00	;  250
      00006A FA 00                  147 	.byte #0xfa, #0x00	;  250
      00006C FB 00                  148 	.byte #0xfb, #0x00	;  251
      00006E FC 00                  149 	.byte #0xfc, #0x00	;  252
      000070 FD 00                  150 	.byte #0xfd, #0x00	;  253
      000072 FD 00                  151 	.byte #0xfd, #0x00	;  253
      000074 FE 00                  152 	.byte #0xfe, #0x00	;  254
      000076 FE 00                  153 	.byte #0xfe, #0x00	;  254
      000078 FE 00                  154 	.byte #0xfe, #0x00	;  254
      00007A FF 00                  155 	.byte #0xff, #0x00	;  255
      00007C FF 00                  156 	.byte #0xff, #0x00	;  255
      00007E FF 00                  157 	.byte #0xff, #0x00	;  255
      000080 FF 00                  158 	.byte #0xff, #0x00	;  255
      000082 FF 00                  159 	.byte #0xff, #0x00	;  255
      000084 FF 00                  160 	.byte #0xff, #0x00	;  255
      000086 FF 00                  161 	.byte #0xff, #0x00	;  255
      000088 FE 00                  162 	.byte #0xfe, #0x00	;  254
      00008A FE 00                  163 	.byte #0xfe, #0x00	;  254
      00008C FE 00                  164 	.byte #0xfe, #0x00	;  254
      00008E FD 00                  165 	.byte #0xfd, #0x00	;  253
      000090 FD 00                  166 	.byte #0xfd, #0x00	;  253
      000092 FC 00                  167 	.byte #0xfc, #0x00	;  252
      000094 FB 00                  168 	.byte #0xfb, #0x00	;  251
      000096 FA 00                  169 	.byte #0xfa, #0x00	;  250
      000098 FA 00                  170 	.byte #0xfa, #0x00	;  250
      00009A F9 00                  171 	.byte #0xf9, #0x00	;  249
      00009C F8 00                  172 	.byte #0xf8, #0x00	;  248
      00009E F6 00                  173 	.byte #0xf6, #0x00	;  246
      0000A0 F5 00                  174 	.byte #0xf5, #0x00	;  245
      0000A2 F4 00                  175 	.byte #0xf4, #0x00	;  244
      0000A4 F3 00                  176 	.byte #0xf3, #0x00	;  243
      0000A6 F1 00                  177 	.byte #0xf1, #0x00	;  241
      0000A8 F0 00                  178 	.byte #0xf0, #0x00	;  240
      0000AA EF 00                  179 	.byte #0xef, #0x00	;  239
      0000AC ED 00                  180 	.byte #0xed, #0x00	;  237
      0000AE EB 00                  181 	.byte #0xeb, #0x00	;  235
      0000B0 EA 00                  182 	.byte #0xea, #0x00	;  234
      0000B2 E8 00                  183 	.byte #0xe8, #0x00	;  232
      0000B4 E6 00                  184 	.byte #0xe6, #0x00	;  230
      0000B6 E4 00                  185 	.byte #0xe4, #0x00	;  228
      0000B8 E2 00                  186 	.byte #0xe2, #0x00	;  226
      0000BA E0 00                  187 	.byte #0xe0, #0x00	;  224
      0000BC DE 00                  188 	.byte #0xde, #0x00	;  222
      0000BE DC 00                  189 	.byte #0xdc, #0x00	;  220
      0000C0 DA 00                  190 	.byte #0xda, #0x00	;  218
      0000C2 D8 00                  191 	.byte #0xd8, #0x00	;  216
      0000C4 D5 00                  192 	.byte #0xd5, #0x00	;  213
      0000C6 D3 00                  193 	.byte #0xd3, #0x00	;  211
      0000C8 D1 00                  194 	.byte #0xd1, #0x00	;  209
      0000CA CE 00                  195 	.byte #0xce, #0x00	;  206
      0000CC CC 00                  196 	.byte #0xcc, #0x00	;  204
      0000CE C9 00                  197 	.byte #0xc9, #0x00	;  201
      0000D0 C7 00                  198 	.byte #0xc7, #0x00	;  199
      0000D2 C4 00                  199 	.byte #0xc4, #0x00	;  196
      0000D4 C1 00                  200 	.byte #0xc1, #0x00	;  193
      0000D6 BF 00                  201 	.byte #0xbf, #0x00	;  191
      0000D8 BC 00                  202 	.byte #0xbc, #0x00	;  188
      0000DA B9 00                  203 	.byte #0xb9, #0x00	;  185
      0000DC B6 00                  204 	.byte #0xb6, #0x00	;  182
      0000DE B3 00                  205 	.byte #0xb3, #0x00	;  179
      0000E0 B1 00                  206 	.byte #0xb1, #0x00	;  177
      0000E2 AE 00                  207 	.byte #0xae, #0x00	;  174
      0000E4 AB 00                  208 	.byte #0xab, #0x00	;  171
      0000E6 A8 00                  209 	.byte #0xa8, #0x00	;  168
      0000E8 A5 00                  210 	.byte #0xa5, #0x00	;  165
      0000EA A2 00                  211 	.byte #0xa2, #0x00	;  162
      0000EC 9F 00                  212 	.byte #0x9f, #0x00	;  159
      0000EE 9C 00                  213 	.byte #0x9c, #0x00	;  156
      0000F0 99 00                  214 	.byte #0x99, #0x00	;  153
      0000F2 96 00                  215 	.byte #0x96, #0x00	;  150
      0000F4 93 00                  216 	.byte #0x93, #0x00	;  147
      0000F6 90 00                  217 	.byte #0x90, #0x00	;  144
      0000F8 8C 00                  218 	.byte #0x8c, #0x00	;  140
      0000FA 89 00                  219 	.byte #0x89, #0x00	;  137
      0000FC 86 00                  220 	.byte #0x86, #0x00	;  134
      0000FE 83 00                  221 	.byte #0x83, #0x00	;  131
      000100 80 00                  222 	.byte #0x80, #0x00	;  128
      000102 7D 00                  223 	.byte #0x7d, #0x00	;  125
      000104 7A 00                  224 	.byte #0x7a, #0x00	;  122
      000106 77 00                  225 	.byte #0x77, #0x00	;  119
      000108 74 00                  226 	.byte #0x74, #0x00	;  116
      00010A 70 00                  227 	.byte #0x70, #0x00	;  112
      00010C 6D 00                  228 	.byte #0x6d, #0x00	;  109
      00010E 6A 00                  229 	.byte #0x6a, #0x00	;  106
      000110 67 00                  230 	.byte #0x67, #0x00	;  103
      000112 64 00                  231 	.byte #0x64, #0x00	;  100
      000114 61 00                  232 	.byte #0x61, #0x00	;  97
      000116 5E 00                  233 	.byte #0x5e, #0x00	;  94
      000118 5B 00                  234 	.byte #0x5b, #0x00	;  91
      00011A 58 00                  235 	.byte #0x58, #0x00	;  88
      00011C 55 00                  236 	.byte #0x55, #0x00	;  85
      00011E 52 00                  237 	.byte #0x52, #0x00	;  82
      000120 4F 00                  238 	.byte #0x4f, #0x00	;  79
      000122 4D 00                  239 	.byte #0x4d, #0x00	;  77
      000124 4A 00                  240 	.byte #0x4a, #0x00	;  74
      000126 47 00                  241 	.byte #0x47, #0x00	;  71
      000128 44 00                  242 	.byte #0x44, #0x00	;  68
      00012A 41 00                  243 	.byte #0x41, #0x00	;  65
      00012C 3F 00                  244 	.byte #0x3f, #0x00	;  63
      00012E 3C 00                  245 	.byte #0x3c, #0x00	;  60
      000130 39 00                  246 	.byte #0x39, #0x00	;  57
      000132 37 00                  247 	.byte #0x37, #0x00	;  55
      000134 34 00                  248 	.byte #0x34, #0x00	;  52
      000136 32 00                  249 	.byte #0x32, #0x00	;  50
      000138 2F 00                  250 	.byte #0x2f, #0x00	;  47
      00013A 2D 00                  251 	.byte #0x2d, #0x00	;  45
      00013C 2B 00                  252 	.byte #0x2b, #0x00	;  43
      00013E 28 00                  253 	.byte #0x28, #0x00	;  40
      000140 26 00                  254 	.byte #0x26, #0x00	;  38
      000142 24 00                  255 	.byte #0x24, #0x00	;  36
      000144 22 00                  256 	.byte #0x22, #0x00	;  34
      000146 20 00                  257 	.byte #0x20, #0x00	;  32
      000148 1E 00                  258 	.byte #0x1e, #0x00	;  30
      00014A 1C 00                  259 	.byte #0x1c, #0x00	;  28
      00014C 1A 00                  260 	.byte #0x1a, #0x00	;  26
      00014E 18 00                  261 	.byte #0x18, #0x00	;  24
      000150 16 00                  262 	.byte #0x16, #0x00	;  22
      000152 15 00                  263 	.byte #0x15, #0x00	;  21
      000154 13 00                  264 	.byte #0x13, #0x00	;  19
      000156 11 00                  265 	.byte #0x11, #0x00	;  17
      000158 10 00                  266 	.byte #0x10, #0x00	;  16
      00015A 0F 00                  267 	.byte #0x0f, #0x00	;  15
      00015C 0D 00                  268 	.byte #0x0d, #0x00	;  13
      00015E 0C 00                  269 	.byte #0x0c, #0x00	;  12
      000160 0B 00                  270 	.byte #0x0b, #0x00	;  11
      000162 0A 00                  271 	.byte #0x0a, #0x00	;  10
      000164 08 00                  272 	.byte #0x08, #0x00	;  8
      000166 07 00                  273 	.byte #0x07, #0x00	;  7
      000168 06 00                  274 	.byte #0x06, #0x00	;  6
      00016A 06 00                  275 	.byte #0x06, #0x00	;  6
      00016C 05 00                  276 	.byte #0x05, #0x00	;  5
      00016E 04 00                  277 	.byte #0x04, #0x00	;  4
      000170 03 00                  278 	.byte #0x03, #0x00	;  3
      000172 03 00                  279 	.byte #0x03, #0x00	;  3
      000174 02 00                  280 	.byte #0x02, #0x00	;  2
      000176 02 00                  281 	.byte #0x02, #0x00	;  2
      000178 02 00                  282 	.byte #0x02, #0x00	;  2
      00017A 01 00                  283 	.byte #0x01, #0x00	;  1
      00017C 01 00                  284 	.byte #0x01, #0x00	;  1
      00017E 01 00                  285 	.byte #0x01, #0x00	;  1
      000180 01 00                  286 	.byte #0x01, #0x00	;  1
      000182 01 00                  287 	.byte #0x01, #0x00	;  1
      000184 01 00                  288 	.byte #0x01, #0x00	;  1
      000186 01 00                  289 	.byte #0x01, #0x00	;  1
      000188 02 00                  290 	.byte #0x02, #0x00	;  2
      00018A 02 00                  291 	.byte #0x02, #0x00	;  2
      00018C 02 00                  292 	.byte #0x02, #0x00	;  2
      00018E 03 00                  293 	.byte #0x03, #0x00	;  3
      000190 03 00                  294 	.byte #0x03, #0x00	;  3
      000192 04 00                  295 	.byte #0x04, #0x00	;  4
      000194 05 00                  296 	.byte #0x05, #0x00	;  5
      000196 06 00                  297 	.byte #0x06, #0x00	;  6
      000198 06 00                  298 	.byte #0x06, #0x00	;  6
      00019A 07 00                  299 	.byte #0x07, #0x00	;  7
      00019C 08 00                  300 	.byte #0x08, #0x00	;  8
      00019E 0A 00                  301 	.byte #0x0a, #0x00	;  10
      0001A0 0B 00                  302 	.byte #0x0b, #0x00	;  11
      0001A2 0C 00                  303 	.byte #0x0c, #0x00	;  12
      0001A4 0D 00                  304 	.byte #0x0d, #0x00	;  13
      0001A6 0F 00                  305 	.byte #0x0f, #0x00	;  15
      0001A8 10 00                  306 	.byte #0x10, #0x00	;  16
      0001AA 11 00                  307 	.byte #0x11, #0x00	;  17
      0001AC 13 00                  308 	.byte #0x13, #0x00	;  19
      0001AE 15 00                  309 	.byte #0x15, #0x00	;  21
      0001B0 16 00                  310 	.byte #0x16, #0x00	;  22
      0001B2 18 00                  311 	.byte #0x18, #0x00	;  24
      0001B4 1A 00                  312 	.byte #0x1a, #0x00	;  26
      0001B6 1C 00                  313 	.byte #0x1c, #0x00	;  28
      0001B8 1E 00                  314 	.byte #0x1e, #0x00	;  30
      0001BA 20 00                  315 	.byte #0x20, #0x00	;  32
      0001BC 22 00                  316 	.byte #0x22, #0x00	;  34
      0001BE 24 00                  317 	.byte #0x24, #0x00	;  36
      0001C0 26 00                  318 	.byte #0x26, #0x00	;  38
      0001C2 28 00                  319 	.byte #0x28, #0x00	;  40
      0001C4 2B 00                  320 	.byte #0x2b, #0x00	;  43
      0001C6 2D 00                  321 	.byte #0x2d, #0x00	;  45
      0001C8 2F 00                  322 	.byte #0x2f, #0x00	;  47
      0001CA 32 00                  323 	.byte #0x32, #0x00	;  50
      0001CC 34 00                  324 	.byte #0x34, #0x00	;  52
      0001CE 37 00                  325 	.byte #0x37, #0x00	;  55
      0001D0 39 00                  326 	.byte #0x39, #0x00	;  57
      0001D2 3C 00                  327 	.byte #0x3c, #0x00	;  60
      0001D4 3F 00                  328 	.byte #0x3f, #0x00	;  63
      0001D6 41 00                  329 	.byte #0x41, #0x00	;  65
      0001D8 44 00                  330 	.byte #0x44, #0x00	;  68
      0001DA 47 00                  331 	.byte #0x47, #0x00	;  71
      0001DC 4A 00                  332 	.byte #0x4a, #0x00	;  74
      0001DE 4D 00                  333 	.byte #0x4d, #0x00	;  77
      0001E0 4F 00                  334 	.byte #0x4f, #0x00	;  79
      0001E2 52 00                  335 	.byte #0x52, #0x00	;  82
      0001E4 55 00                  336 	.byte #0x55, #0x00	;  85
      0001E6 58 00                  337 	.byte #0x58, #0x00	;  88
      0001E8 5B 00                  338 	.byte #0x5b, #0x00	;  91
      0001EA 5E 00                  339 	.byte #0x5e, #0x00	;  94
      0001EC 61 00                  340 	.byte #0x61, #0x00	;  97
      0001EE 64 00                  341 	.byte #0x64, #0x00	;  100
      0001F0 67 00                  342 	.byte #0x67, #0x00	;  103
      0001F2 6A 00                  343 	.byte #0x6a, #0x00	;  106
      0001F4 6D 00                  344 	.byte #0x6d, #0x00	;  109
      0001F6 70 00                  345 	.byte #0x70, #0x00	;  112
      0001F8 74 00                  346 	.byte #0x74, #0x00	;  116
      0001FA 77 00                  347 	.byte #0x77, #0x00	;  119
      0001FC 7A 00                  348 	.byte #0x7a, #0x00	;  122
      0001FE 7D 00                  349 	.byte #0x7d, #0x00	;  125
      000200                        350 _trig_dac_values:
      000200 00 00                  351 	.byte #0x00, #0x00	;  0
      000202 01 00                  352 	.byte #0x01, #0x00	;  1
      000204 02 00                  353 	.byte #0x02, #0x00	;  2
      000206 03 00                  354 	.byte #0x03, #0x00	;  3
      000208 04 00                  355 	.byte #0x04, #0x00	;  4
      00020A 05 00                  356 	.byte #0x05, #0x00	;  5
      00020C 06 00                  357 	.byte #0x06, #0x00	;  6
      00020E 07 00                  358 	.byte #0x07, #0x00	;  7
      000210 08 00                  359 	.byte #0x08, #0x00	;  8
      000212 09 00                  360 	.byte #0x09, #0x00	;  9
      000214 0A 00                  361 	.byte #0x0a, #0x00	;  10
      000216 0B 00                  362 	.byte #0x0b, #0x00	;  11
      000218 0C 00                  363 	.byte #0x0c, #0x00	;  12
      00021A 0D 00                  364 	.byte #0x0d, #0x00	;  13
      00021C 0E 00                  365 	.byte #0x0e, #0x00	;  14
      00021E 0F 00                  366 	.byte #0x0f, #0x00	;  15
      000220 10 00                  367 	.byte #0x10, #0x00	;  16
      000222 11 00                  368 	.byte #0x11, #0x00	;  17
      000224 12 00                  369 	.byte #0x12, #0x00	;  18
      000226 13 00                  370 	.byte #0x13, #0x00	;  19
      000228 14 00                  371 	.byte #0x14, #0x00	;  20
      00022A 15 00                  372 	.byte #0x15, #0x00	;  21
      00022C 16 00                  373 	.byte #0x16, #0x00	;  22
      00022E 17 00                  374 	.byte #0x17, #0x00	;  23
      000230 18 00                  375 	.byte #0x18, #0x00	;  24
      000232 19 00                  376 	.byte #0x19, #0x00	;  25
      000234 1A 00                  377 	.byte #0x1a, #0x00	;  26
      000236 1B 00                  378 	.byte #0x1b, #0x00	;  27
      000238 1C 00                  379 	.byte #0x1c, #0x00	;  28
      00023A 1D 00                  380 	.byte #0x1d, #0x00	;  29
      00023C 1E 00                  381 	.byte #0x1e, #0x00	;  30
      00023E 1F 00                  382 	.byte #0x1f, #0x00	;  31
      000240 20 00                  383 	.byte #0x20, #0x00	;  32
      000242 21 00                  384 	.byte #0x21, #0x00	;  33
      000244 22 00                  385 	.byte #0x22, #0x00	;  34
      000246 23 00                  386 	.byte #0x23, #0x00	;  35
      000248 24 00                  387 	.byte #0x24, #0x00	;  36
      00024A 25 00                  388 	.byte #0x25, #0x00	;  37
      00024C 26 00                  389 	.byte #0x26, #0x00	;  38
      00024E 27 00                  390 	.byte #0x27, #0x00	;  39
      000250 28 00                  391 	.byte #0x28, #0x00	;  40
      000252 29 00                  392 	.byte #0x29, #0x00	;  41
      000254 2A 00                  393 	.byte #0x2a, #0x00	;  42
      000256 2B 00                  394 	.byte #0x2b, #0x00	;  43
      000258 2C 00                  395 	.byte #0x2c, #0x00	;  44
      00025A 2D 00                  396 	.byte #0x2d, #0x00	;  45
      00025C 2E 00                  397 	.byte #0x2e, #0x00	;  46
      00025E 2F 00                  398 	.byte #0x2f, #0x00	;  47
      000260 30 00                  399 	.byte #0x30, #0x00	;  48
      000262 31 00                  400 	.byte #0x31, #0x00	;  49
      000264 32 00                  401 	.byte #0x32, #0x00	;  50
      000266 33 00                  402 	.byte #0x33, #0x00	;  51
      000268 34 00                  403 	.byte #0x34, #0x00	;  52
      00026A 35 00                  404 	.byte #0x35, #0x00	;  53
      00026C 36 00                  405 	.byte #0x36, #0x00	;  54
      00026E 37 00                  406 	.byte #0x37, #0x00	;  55
      000270 38 00                  407 	.byte #0x38, #0x00	;  56
      000272 39 00                  408 	.byte #0x39, #0x00	;  57
      000274 3A 00                  409 	.byte #0x3a, #0x00	;  58
      000276 3B 00                  410 	.byte #0x3b, #0x00	;  59
      000278 3C 00                  411 	.byte #0x3c, #0x00	;  60
      00027A 3D 00                  412 	.byte #0x3d, #0x00	;  61
      00027C 3E 00                  413 	.byte #0x3e, #0x00	;  62
      00027E 3F 00                  414 	.byte #0x3f, #0x00	;  63
      000280 40 00                  415 	.byte #0x40, #0x00	;  64
      000282 41 00                  416 	.byte #0x41, #0x00	;  65
      000284 42 00                  417 	.byte #0x42, #0x00	;  66
      000286 43 00                  418 	.byte #0x43, #0x00	;  67
      000288 44 00                  419 	.byte #0x44, #0x00	;  68
      00028A 45 00                  420 	.byte #0x45, #0x00	;  69
      00028C 46 00                  421 	.byte #0x46, #0x00	;  70
      00028E 47 00                  422 	.byte #0x47, #0x00	;  71
      000290 48 00                  423 	.byte #0x48, #0x00	;  72
      000292 49 00                  424 	.byte #0x49, #0x00	;  73
      000294 4A 00                  425 	.byte #0x4a, #0x00	;  74
      000296 4B 00                  426 	.byte #0x4b, #0x00	;  75
      000298 4C 00                  427 	.byte #0x4c, #0x00	;  76
      00029A 4D 00                  428 	.byte #0x4d, #0x00	;  77
      00029C 4E 00                  429 	.byte #0x4e, #0x00	;  78
      00029E 4F 00                  430 	.byte #0x4f, #0x00	;  79
      0002A0 50 00                  431 	.byte #0x50, #0x00	;  80
      0002A2 51 00                  432 	.byte #0x51, #0x00	;  81
      0002A4 52 00                  433 	.byte #0x52, #0x00	;  82
      0002A6 53 00                  434 	.byte #0x53, #0x00	;  83
      0002A8 54 00                  435 	.byte #0x54, #0x00	;  84
      0002AA 55 00                  436 	.byte #0x55, #0x00	;  85
      0002AC 56 00                  437 	.byte #0x56, #0x00	;  86
      0002AE 57 00                  438 	.byte #0x57, #0x00	;  87
      0002B0 58 00                  439 	.byte #0x58, #0x00	;  88
      0002B2 59 00                  440 	.byte #0x59, #0x00	;  89
      0002B4 5A 00                  441 	.byte #0x5a, #0x00	;  90
      0002B6 5B 00                  442 	.byte #0x5b, #0x00	;  91
      0002B8 5C 00                  443 	.byte #0x5c, #0x00	;  92
      0002BA 5D 00                  444 	.byte #0x5d, #0x00	;  93
      0002BC 5E 00                  445 	.byte #0x5e, #0x00	;  94
      0002BE 5F 00                  446 	.byte #0x5f, #0x00	;  95
      0002C0 60 00                  447 	.byte #0x60, #0x00	;  96
      0002C2 61 00                  448 	.byte #0x61, #0x00	;  97
      0002C4 62 00                  449 	.byte #0x62, #0x00	;  98
      0002C6 63 00                  450 	.byte #0x63, #0x00	;  99
      0002C8 64 00                  451 	.byte #0x64, #0x00	;  100
      0002CA 65 00                  452 	.byte #0x65, #0x00	;  101
      0002CC 66 00                  453 	.byte #0x66, #0x00	;  102
      0002CE 67 00                  454 	.byte #0x67, #0x00	;  103
      0002D0 68 00                  455 	.byte #0x68, #0x00	;  104
      0002D2 69 00                  456 	.byte #0x69, #0x00	;  105
      0002D4 6A 00                  457 	.byte #0x6a, #0x00	;  106
      0002D6 6B 00                  458 	.byte #0x6b, #0x00	;  107
      0002D8 6C 00                  459 	.byte #0x6c, #0x00	;  108
      0002DA 6D 00                  460 	.byte #0x6d, #0x00	;  109
      0002DC 6E 00                  461 	.byte #0x6e, #0x00	;  110
      0002DE 6F 00                  462 	.byte #0x6f, #0x00	;  111
      0002E0 70 00                  463 	.byte #0x70, #0x00	;  112
      0002E2 71 00                  464 	.byte #0x71, #0x00	;  113
      0002E4 72 00                  465 	.byte #0x72, #0x00	;  114
      0002E6 73 00                  466 	.byte #0x73, #0x00	;  115
      0002E8 74 00                  467 	.byte #0x74, #0x00	;  116
      0002EA 75 00                  468 	.byte #0x75, #0x00	;  117
      0002EC 76 00                  469 	.byte #0x76, #0x00	;  118
      0002EE 77 00                  470 	.byte #0x77, #0x00	;  119
      0002F0 78 00                  471 	.byte #0x78, #0x00	;  120
      0002F2 79 00                  472 	.byte #0x79, #0x00	;  121
      0002F4 7A 00                  473 	.byte #0x7a, #0x00	;  122
      0002F6 7B 00                  474 	.byte #0x7b, #0x00	;  123
      0002F8 7C 00                  475 	.byte #0x7c, #0x00	;  124
      0002FA 7D 00                  476 	.byte #0x7d, #0x00	;  125
      0002FC 7E 00                  477 	.byte #0x7e, #0x00	;  126
      0002FE 7F 00                  478 	.byte #0x7f, #0x00	;  127
      000300 80 00                  479 	.byte #0x80, #0x00	;  128
      000302 81 00                  480 	.byte #0x81, #0x00	;  129
      000304 82 00                  481 	.byte #0x82, #0x00	;  130
      000306 83 00                  482 	.byte #0x83, #0x00	;  131
      000308 84 00                  483 	.byte #0x84, #0x00	;  132
      00030A 85 00                  484 	.byte #0x85, #0x00	;  133
      00030C 86 00                  485 	.byte #0x86, #0x00	;  134
      00030E 87 00                  486 	.byte #0x87, #0x00	;  135
      000310 88 00                  487 	.byte #0x88, #0x00	;  136
      000312 89 00                  488 	.byte #0x89, #0x00	;  137
      000314 8A 00                  489 	.byte #0x8a, #0x00	;  138
      000316 8B 00                  490 	.byte #0x8b, #0x00	;  139
      000318 8C 00                  491 	.byte #0x8c, #0x00	;  140
      00031A 8D 00                  492 	.byte #0x8d, #0x00	;  141
      00031C 8E 00                  493 	.byte #0x8e, #0x00	;  142
      00031E 8F 00                  494 	.byte #0x8f, #0x00	;  143
      000320 90 00                  495 	.byte #0x90, #0x00	;  144
      000322 91 00                  496 	.byte #0x91, #0x00	;  145
      000324 92 00                  497 	.byte #0x92, #0x00	;  146
      000326 93 00                  498 	.byte #0x93, #0x00	;  147
      000328 94 00                  499 	.byte #0x94, #0x00	;  148
      00032A 95 00                  500 	.byte #0x95, #0x00	;  149
      00032C 96 00                  501 	.byte #0x96, #0x00	;  150
      00032E 97 00                  502 	.byte #0x97, #0x00	;  151
      000330 98 00                  503 	.byte #0x98, #0x00	;  152
      000332 99 00                  504 	.byte #0x99, #0x00	;  153
      000334 9A 00                  505 	.byte #0x9a, #0x00	;  154
      000336 9B 00                  506 	.byte #0x9b, #0x00	;  155
      000338 9C 00                  507 	.byte #0x9c, #0x00	;  156
      00033A 9D 00                  508 	.byte #0x9d, #0x00	;  157
      00033C 9E 00                  509 	.byte #0x9e, #0x00	;  158
      00033E 9F 00                  510 	.byte #0x9f, #0x00	;  159
      000340 A0 00                  511 	.byte #0xa0, #0x00	;  160
      000342 A1 00                  512 	.byte #0xa1, #0x00	;  161
      000344 A2 00                  513 	.byte #0xa2, #0x00	;  162
      000346 A3 00                  514 	.byte #0xa3, #0x00	;  163
      000348 A4 00                  515 	.byte #0xa4, #0x00	;  164
      00034A A5 00                  516 	.byte #0xa5, #0x00	;  165
      00034C A6 00                  517 	.byte #0xa6, #0x00	;  166
      00034E A7 00                  518 	.byte #0xa7, #0x00	;  167
      000350 A8 00                  519 	.byte #0xa8, #0x00	;  168
      000352 A9 00                  520 	.byte #0xa9, #0x00	;  169
      000354 AA 00                  521 	.byte #0xaa, #0x00	;  170
      000356 AB 00                  522 	.byte #0xab, #0x00	;  171
      000358 AC 00                  523 	.byte #0xac, #0x00	;  172
      00035A AD 00                  524 	.byte #0xad, #0x00	;  173
      00035C AE 00                  525 	.byte #0xae, #0x00	;  174
      00035E AF 00                  526 	.byte #0xaf, #0x00	;  175
      000360 B0 00                  527 	.byte #0xb0, #0x00	;  176
      000362 B1 00                  528 	.byte #0xb1, #0x00	;  177
      000364 B2 00                  529 	.byte #0xb2, #0x00	;  178
      000366 B3 00                  530 	.byte #0xb3, #0x00	;  179
      000368 B4 00                  531 	.byte #0xb4, #0x00	;  180
      00036A B5 00                  532 	.byte #0xb5, #0x00	;  181
      00036C B6 00                  533 	.byte #0xb6, #0x00	;  182
      00036E B7 00                  534 	.byte #0xb7, #0x00	;  183
      000370 B8 00                  535 	.byte #0xb8, #0x00	;  184
      000372 B9 00                  536 	.byte #0xb9, #0x00	;  185
      000374 BA 00                  537 	.byte #0xba, #0x00	;  186
      000376 BB 00                  538 	.byte #0xbb, #0x00	;  187
      000378 BC 00                  539 	.byte #0xbc, #0x00	;  188
      00037A BD 00                  540 	.byte #0xbd, #0x00	;  189
      00037C BE 00                  541 	.byte #0xbe, #0x00	;  190
      00037E BF 00                  542 	.byte #0xbf, #0x00	;  191
      000380 C0 00                  543 	.byte #0xc0, #0x00	;  192
      000382 C1 00                  544 	.byte #0xc1, #0x00	;  193
      000384 C2 00                  545 	.byte #0xc2, #0x00	;  194
      000386 C3 00                  546 	.byte #0xc3, #0x00	;  195
      000388 C4 00                  547 	.byte #0xc4, #0x00	;  196
      00038A C5 00                  548 	.byte #0xc5, #0x00	;  197
      00038C C6 00                  549 	.byte #0xc6, #0x00	;  198
      00038E C7 00                  550 	.byte #0xc7, #0x00	;  199
      000390 C8 00                  551 	.byte #0xc8, #0x00	;  200
      000392 C9 00                  552 	.byte #0xc9, #0x00	;  201
      000394 CA 00                  553 	.byte #0xca, #0x00	;  202
      000396 CB 00                  554 	.byte #0xcb, #0x00	;  203
      000398 CC 00                  555 	.byte #0xcc, #0x00	;  204
      00039A CD 00                  556 	.byte #0xcd, #0x00	;  205
      00039C CE 00                  557 	.byte #0xce, #0x00	;  206
      00039E CF 00                  558 	.byte #0xcf, #0x00	;  207
      0003A0 D0 00                  559 	.byte #0xd0, #0x00	;  208
      0003A2 D1 00                  560 	.byte #0xd1, #0x00	;  209
      0003A4 D2 00                  561 	.byte #0xd2, #0x00	;  210
      0003A6 D3 00                  562 	.byte #0xd3, #0x00	;  211
      0003A8 D4 00                  563 	.byte #0xd4, #0x00	;  212
      0003AA D5 00                  564 	.byte #0xd5, #0x00	;  213
      0003AC D6 00                  565 	.byte #0xd6, #0x00	;  214
      0003AE D7 00                  566 	.byte #0xd7, #0x00	;  215
      0003B0 D8 00                  567 	.byte #0xd8, #0x00	;  216
      0003B2 D9 00                  568 	.byte #0xd9, #0x00	;  217
      0003B4 DA 00                  569 	.byte #0xda, #0x00	;  218
      0003B6 DB 00                  570 	.byte #0xdb, #0x00	;  219
      0003B8 DC 00                  571 	.byte #0xdc, #0x00	;  220
      0003BA DD 00                  572 	.byte #0xdd, #0x00	;  221
      0003BC DE 00                  573 	.byte #0xde, #0x00	;  222
      0003BE DF 00                  574 	.byte #0xdf, #0x00	;  223
      0003C0 E0 00                  575 	.byte #0xe0, #0x00	;  224
      0003C2 E1 00                  576 	.byte #0xe1, #0x00	;  225
      0003C4 E2 00                  577 	.byte #0xe2, #0x00	;  226
      0003C6 E3 00                  578 	.byte #0xe3, #0x00	;  227
      0003C8 E4 00                  579 	.byte #0xe4, #0x00	;  228
      0003CA E5 00                  580 	.byte #0xe5, #0x00	;  229
      0003CC E6 00                  581 	.byte #0xe6, #0x00	;  230
      0003CE E7 00                  582 	.byte #0xe7, #0x00	;  231
      0003D0 E8 00                  583 	.byte #0xe8, #0x00	;  232
      0003D2 E9 00                  584 	.byte #0xe9, #0x00	;  233
      0003D4 EA 00                  585 	.byte #0xea, #0x00	;  234
      0003D6 EB 00                  586 	.byte #0xeb, #0x00	;  235
      0003D8 EC 00                  587 	.byte #0xec, #0x00	;  236
      0003DA ED 00                  588 	.byte #0xed, #0x00	;  237
      0003DC EE 00                  589 	.byte #0xee, #0x00	;  238
      0003DE EF 00                  590 	.byte #0xef, #0x00	;  239
      0003E0 F0 00                  591 	.byte #0xf0, #0x00	;  240
      0003E2 F1 00                  592 	.byte #0xf1, #0x00	;  241
      0003E4 F2 00                  593 	.byte #0xf2, #0x00	;  242
      0003E6 F3 00                  594 	.byte #0xf3, #0x00	;  243
      0003E8 F4 00                  595 	.byte #0xf4, #0x00	;  244
      0003EA F5 00                  596 	.byte #0xf5, #0x00	;  245
      0003EC F6 00                  597 	.byte #0xf6, #0x00	;  246
      0003EE F7 00                  598 	.byte #0xf7, #0x00	;  247
      0003F0 F8 00                  599 	.byte #0xf8, #0x00	;  248
      0003F2 F9 00                  600 	.byte #0xf9, #0x00	;  249
      0003F4 FA 00                  601 	.byte #0xfa, #0x00	;  250
      0003F6 FB 00                  602 	.byte #0xfb, #0x00	;  251
      0003F8 FC 00                  603 	.byte #0xfc, #0x00	;  252
      0003FA FD 00                  604 	.byte #0xfd, #0x00	;  253
      0003FC FE 00                  605 	.byte #0xfe, #0x00	;  254
      0003FE FF 00                  606 	.byte #0xff, #0x00	;  255
      000400 FF 00                  607 	.byte #0xff, #0x00	;  255
      000402 FE 00                  608 	.byte #0xfe, #0x00	;  254
      000404 FD 00                  609 	.byte #0xfd, #0x00	;  253
      000406 FC 00                  610 	.byte #0xfc, #0x00	;  252
      000408 FB 00                  611 	.byte #0xfb, #0x00	;  251
      00040A FA 00                  612 	.byte #0xfa, #0x00	;  250
      00040C F9 00                  613 	.byte #0xf9, #0x00	;  249
      00040E F8 00                  614 	.byte #0xf8, #0x00	;  248
      000410 F7 00                  615 	.byte #0xf7, #0x00	;  247
      000412 F6 00                  616 	.byte #0xf6, #0x00	;  246
      000414 F5 00                  617 	.byte #0xf5, #0x00	;  245
      000416 F4 00                  618 	.byte #0xf4, #0x00	;  244
      000418 F3 00                  619 	.byte #0xf3, #0x00	;  243
      00041A F2 00                  620 	.byte #0xf2, #0x00	;  242
      00041C F1 00                  621 	.byte #0xf1, #0x00	;  241
      00041E F0 00                  622 	.byte #0xf0, #0x00	;  240
      000420 EF 00                  623 	.byte #0xef, #0x00	;  239
      000422 EE 00                  624 	.byte #0xee, #0x00	;  238
      000424 ED 00                  625 	.byte #0xed, #0x00	;  237
      000426 EC 00                  626 	.byte #0xec, #0x00	;  236
      000428 EB 00                  627 	.byte #0xeb, #0x00	;  235
      00042A EA 00                  628 	.byte #0xea, #0x00	;  234
      00042C E9 00                  629 	.byte #0xe9, #0x00	;  233
      00042E E8 00                  630 	.byte #0xe8, #0x00	;  232
      000430 E7 00                  631 	.byte #0xe7, #0x00	;  231
      000432 E6 00                  632 	.byte #0xe6, #0x00	;  230
      000434 E5 00                  633 	.byte #0xe5, #0x00	;  229
      000436 E4 00                  634 	.byte #0xe4, #0x00	;  228
      000438 E3 00                  635 	.byte #0xe3, #0x00	;  227
      00043A E2 00                  636 	.byte #0xe2, #0x00	;  226
      00043C E1 00                  637 	.byte #0xe1, #0x00	;  225
      00043E E0 00                  638 	.byte #0xe0, #0x00	;  224
      000440 DF 00                  639 	.byte #0xdf, #0x00	;  223
      000442 DE 00                  640 	.byte #0xde, #0x00	;  222
      000444 DD 00                  641 	.byte #0xdd, #0x00	;  221
      000446 DC 00                  642 	.byte #0xdc, #0x00	;  220
      000448 DB 00                  643 	.byte #0xdb, #0x00	;  219
      00044A DA 00                  644 	.byte #0xda, #0x00	;  218
      00044C D9 00                  645 	.byte #0xd9, #0x00	;  217
      00044E D8 00                  646 	.byte #0xd8, #0x00	;  216
      000450 D7 00                  647 	.byte #0xd7, #0x00	;  215
      000452 D6 00                  648 	.byte #0xd6, #0x00	;  214
      000454 D5 00                  649 	.byte #0xd5, #0x00	;  213
      000456 D4 00                  650 	.byte #0xd4, #0x00	;  212
      000458 D3 00                  651 	.byte #0xd3, #0x00	;  211
      00045A D2 00                  652 	.byte #0xd2, #0x00	;  210
      00045C D1 00                  653 	.byte #0xd1, #0x00	;  209
      00045E D0 00                  654 	.byte #0xd0, #0x00	;  208
      000460 CF 00                  655 	.byte #0xcf, #0x00	;  207
      000462 CE 00                  656 	.byte #0xce, #0x00	;  206
      000464 CD 00                  657 	.byte #0xcd, #0x00	;  205
      000466 CC 00                  658 	.byte #0xcc, #0x00	;  204
      000468 CB 00                  659 	.byte #0xcb, #0x00	;  203
      00046A CA 00                  660 	.byte #0xca, #0x00	;  202
      00046C C9 00                  661 	.byte #0xc9, #0x00	;  201
      00046E C8 00                  662 	.byte #0xc8, #0x00	;  200
      000470 C7 00                  663 	.byte #0xc7, #0x00	;  199
      000472 C6 00                  664 	.byte #0xc6, #0x00	;  198
      000474 C5 00                  665 	.byte #0xc5, #0x00	;  197
      000476 C4 00                  666 	.byte #0xc4, #0x00	;  196
      000478 C3 00                  667 	.byte #0xc3, #0x00	;  195
      00047A C2 00                  668 	.byte #0xc2, #0x00	;  194
      00047C C1 00                  669 	.byte #0xc1, #0x00	;  193
      00047E C0 00                  670 	.byte #0xc0, #0x00	;  192
      000480 BF 00                  671 	.byte #0xbf, #0x00	;  191
      000482 BE 00                  672 	.byte #0xbe, #0x00	;  190
      000484 BD 00                  673 	.byte #0xbd, #0x00	;  189
      000486 BC 00                  674 	.byte #0xbc, #0x00	;  188
      000488 BB 00                  675 	.byte #0xbb, #0x00	;  187
      00048A BA 00                  676 	.byte #0xba, #0x00	;  186
      00048C B9 00                  677 	.byte #0xb9, #0x00	;  185
      00048E B8 00                  678 	.byte #0xb8, #0x00	;  184
      000490 B7 00                  679 	.byte #0xb7, #0x00	;  183
      000492 B6 00                  680 	.byte #0xb6, #0x00	;  182
      000494 B5 00                  681 	.byte #0xb5, #0x00	;  181
      000496 B4 00                  682 	.byte #0xb4, #0x00	;  180
      000498 B3 00                  683 	.byte #0xb3, #0x00	;  179
      00049A B2 00                  684 	.byte #0xb2, #0x00	;  178
      00049C B1 00                  685 	.byte #0xb1, #0x00	;  177
      00049E B0 00                  686 	.byte #0xb0, #0x00	;  176
      0004A0 AF 00                  687 	.byte #0xaf, #0x00	;  175
      0004A2 AE 00                  688 	.byte #0xae, #0x00	;  174
      0004A4 AD 00                  689 	.byte #0xad, #0x00	;  173
      0004A6 AC 00                  690 	.byte #0xac, #0x00	;  172
      0004A8 AB 00                  691 	.byte #0xab, #0x00	;  171
      0004AA AA 00                  692 	.byte #0xaa, #0x00	;  170
      0004AC A9 00                  693 	.byte #0xa9, #0x00	;  169
      0004AE A8 00                  694 	.byte #0xa8, #0x00	;  168
      0004B0 A7 00                  695 	.byte #0xa7, #0x00	;  167
      0004B2 A6 00                  696 	.byte #0xa6, #0x00	;  166
      0004B4 A5 00                  697 	.byte #0xa5, #0x00	;  165
      0004B6 A4 00                  698 	.byte #0xa4, #0x00	;  164
      0004B8 A3 00                  699 	.byte #0xa3, #0x00	;  163
      0004BA A2 00                  700 	.byte #0xa2, #0x00	;  162
      0004BC A1 00                  701 	.byte #0xa1, #0x00	;  161
      0004BE A0 00                  702 	.byte #0xa0, #0x00	;  160
      0004C0 9F 00                  703 	.byte #0x9f, #0x00	;  159
      0004C2 9E 00                  704 	.byte #0x9e, #0x00	;  158
      0004C4 9D 00                  705 	.byte #0x9d, #0x00	;  157
      0004C6 9C 00                  706 	.byte #0x9c, #0x00	;  156
      0004C8 9B 00                  707 	.byte #0x9b, #0x00	;  155
      0004CA 9A 00                  708 	.byte #0x9a, #0x00	;  154
      0004CC 99 00                  709 	.byte #0x99, #0x00	;  153
      0004CE 98 00                  710 	.byte #0x98, #0x00	;  152
      0004D0 97 00                  711 	.byte #0x97, #0x00	;  151
      0004D2 96 00                  712 	.byte #0x96, #0x00	;  150
      0004D4 95 00                  713 	.byte #0x95, #0x00	;  149
      0004D6 94 00                  714 	.byte #0x94, #0x00	;  148
      0004D8 93 00                  715 	.byte #0x93, #0x00	;  147
      0004DA 92 00                  716 	.byte #0x92, #0x00	;  146
      0004DC 91 00                  717 	.byte #0x91, #0x00	;  145
      0004DE 90 00                  718 	.byte #0x90, #0x00	;  144
      0004E0 8F 00                  719 	.byte #0x8f, #0x00	;  143
      0004E2 8E 00                  720 	.byte #0x8e, #0x00	;  142
      0004E4 8D 00                  721 	.byte #0x8d, #0x00	;  141
      0004E6 8C 00                  722 	.byte #0x8c, #0x00	;  140
      0004E8 8B 00                  723 	.byte #0x8b, #0x00	;  139
      0004EA 8A 00                  724 	.byte #0x8a, #0x00	;  138
      0004EC 89 00                  725 	.byte #0x89, #0x00	;  137
      0004EE 88 00                  726 	.byte #0x88, #0x00	;  136
      0004F0 87 00                  727 	.byte #0x87, #0x00	;  135
      0004F2 86 00                  728 	.byte #0x86, #0x00	;  134
      0004F4 85 00                  729 	.byte #0x85, #0x00	;  133
      0004F6 84 00                  730 	.byte #0x84, #0x00	;  132
      0004F8 83 00                  731 	.byte #0x83, #0x00	;  131
      0004FA 82 00                  732 	.byte #0x82, #0x00	;  130
      0004FC 81 00                  733 	.byte #0x81, #0x00	;  129
      0004FE 80 00                  734 	.byte #0x80, #0x00	;  128
      000500 7F 00                  735 	.byte #0x7f, #0x00	;  127
      000502 7E 00                  736 	.byte #0x7e, #0x00	;  126
      000504 7D 00                  737 	.byte #0x7d, #0x00	;  125
      000506 7C 00                  738 	.byte #0x7c, #0x00	;  124
      000508 7B 00                  739 	.byte #0x7b, #0x00	;  123
      00050A 7A 00                  740 	.byte #0x7a, #0x00	;  122
      00050C 79 00                  741 	.byte #0x79, #0x00	;  121
      00050E 78 00                  742 	.byte #0x78, #0x00	;  120
      000510 77 00                  743 	.byte #0x77, #0x00	;  119
      000512 76 00                  744 	.byte #0x76, #0x00	;  118
      000514 75 00                  745 	.byte #0x75, #0x00	;  117
      000516 74 00                  746 	.byte #0x74, #0x00	;  116
      000518 73 00                  747 	.byte #0x73, #0x00	;  115
      00051A 72 00                  748 	.byte #0x72, #0x00	;  114
      00051C 71 00                  749 	.byte #0x71, #0x00	;  113
      00051E 70 00                  750 	.byte #0x70, #0x00	;  112
      000520 6F 00                  751 	.byte #0x6f, #0x00	;  111
      000522 6E 00                  752 	.byte #0x6e, #0x00	;  110
      000524 6D 00                  753 	.byte #0x6d, #0x00	;  109
      000526 6C 00                  754 	.byte #0x6c, #0x00	;  108
      000528 6B 00                  755 	.byte #0x6b, #0x00	;  107
      00052A 6A 00                  756 	.byte #0x6a, #0x00	;  106
      00052C 69 00                  757 	.byte #0x69, #0x00	;  105
      00052E 68 00                  758 	.byte #0x68, #0x00	;  104
      000530 67 00                  759 	.byte #0x67, #0x00	;  103
      000532 66 00                  760 	.byte #0x66, #0x00	;  102
      000534 65 00                  761 	.byte #0x65, #0x00	;  101
      000536 64 00                  762 	.byte #0x64, #0x00	;  100
      000538 63 00                  763 	.byte #0x63, #0x00	;  99
      00053A 62 00                  764 	.byte #0x62, #0x00	;  98
      00053C 61 00                  765 	.byte #0x61, #0x00	;  97
      00053E 60 00                  766 	.byte #0x60, #0x00	;  96
      000540 5F 00                  767 	.byte #0x5f, #0x00	;  95
      000542 5E 00                  768 	.byte #0x5e, #0x00	;  94
      000544 5D 00                  769 	.byte #0x5d, #0x00	;  93
      000546 5C 00                  770 	.byte #0x5c, #0x00	;  92
      000548 5B 00                  771 	.byte #0x5b, #0x00	;  91
      00054A 5A 00                  772 	.byte #0x5a, #0x00	;  90
      00054C 59 00                  773 	.byte #0x59, #0x00	;  89
      00054E 58 00                  774 	.byte #0x58, #0x00	;  88
      000550 57 00                  775 	.byte #0x57, #0x00	;  87
      000552 56 00                  776 	.byte #0x56, #0x00	;  86
      000554 55 00                  777 	.byte #0x55, #0x00	;  85
      000556 54 00                  778 	.byte #0x54, #0x00	;  84
      000558 53 00                  779 	.byte #0x53, #0x00	;  83
      00055A 52 00                  780 	.byte #0x52, #0x00	;  82
      00055C 51 00                  781 	.byte #0x51, #0x00	;  81
      00055E 50 00                  782 	.byte #0x50, #0x00	;  80
      000560 4F 00                  783 	.byte #0x4f, #0x00	;  79
      000562 4E 00                  784 	.byte #0x4e, #0x00	;  78
      000564 4D 00                  785 	.byte #0x4d, #0x00	;  77
      000566 4C 00                  786 	.byte #0x4c, #0x00	;  76
      000568 4B 00                  787 	.byte #0x4b, #0x00	;  75
      00056A 4A 00                  788 	.byte #0x4a, #0x00	;  74
      00056C 49 00                  789 	.byte #0x49, #0x00	;  73
      00056E 48 00                  790 	.byte #0x48, #0x00	;  72
      000570 47 00                  791 	.byte #0x47, #0x00	;  71
      000572 46 00                  792 	.byte #0x46, #0x00	;  70
      000574 45 00                  793 	.byte #0x45, #0x00	;  69
      000576 44 00                  794 	.byte #0x44, #0x00	;  68
      000578 43 00                  795 	.byte #0x43, #0x00	;  67
      00057A 42 00                  796 	.byte #0x42, #0x00	;  66
      00057C 41 00                  797 	.byte #0x41, #0x00	;  65
      00057E 40 00                  798 	.byte #0x40, #0x00	;  64
      000580 3F 00                  799 	.byte #0x3f, #0x00	;  63
      000582 3E 00                  800 	.byte #0x3e, #0x00	;  62
      000584 3D 00                  801 	.byte #0x3d, #0x00	;  61
      000586 3C 00                  802 	.byte #0x3c, #0x00	;  60
      000588 3B 00                  803 	.byte #0x3b, #0x00	;  59
      00058A 3A 00                  804 	.byte #0x3a, #0x00	;  58
      00058C 39 00                  805 	.byte #0x39, #0x00	;  57
      00058E 38 00                  806 	.byte #0x38, #0x00	;  56
      000590 37 00                  807 	.byte #0x37, #0x00	;  55
      000592 36 00                  808 	.byte #0x36, #0x00	;  54
      000594 35 00                  809 	.byte #0x35, #0x00	;  53
      000596 34 00                  810 	.byte #0x34, #0x00	;  52
      000598 33 00                  811 	.byte #0x33, #0x00	;  51
      00059A 32 00                  812 	.byte #0x32, #0x00	;  50
      00059C 31 00                  813 	.byte #0x31, #0x00	;  49
      00059E 30 00                  814 	.byte #0x30, #0x00	;  48
      0005A0 2F 00                  815 	.byte #0x2f, #0x00	;  47
      0005A2 2E 00                  816 	.byte #0x2e, #0x00	;  46
      0005A4 2D 00                  817 	.byte #0x2d, #0x00	;  45
      0005A6 2C 00                  818 	.byte #0x2c, #0x00	;  44
      0005A8 2B 00                  819 	.byte #0x2b, #0x00	;  43
      0005AA 2A 00                  820 	.byte #0x2a, #0x00	;  42
      0005AC 29 00                  821 	.byte #0x29, #0x00	;  41
      0005AE 28 00                  822 	.byte #0x28, #0x00	;  40
      0005B0 27 00                  823 	.byte #0x27, #0x00	;  39
      0005B2 26 00                  824 	.byte #0x26, #0x00	;  38
      0005B4 25 00                  825 	.byte #0x25, #0x00	;  37
      0005B6 24 00                  826 	.byte #0x24, #0x00	;  36
      0005B8 23 00                  827 	.byte #0x23, #0x00	;  35
      0005BA 22 00                  828 	.byte #0x22, #0x00	;  34
      0005BC 21 00                  829 	.byte #0x21, #0x00	;  33
      0005BE 20 00                  830 	.byte #0x20, #0x00	;  32
      0005C0 1F 00                  831 	.byte #0x1f, #0x00	;  31
      0005C2 1E 00                  832 	.byte #0x1e, #0x00	;  30
      0005C4 1D 00                  833 	.byte #0x1d, #0x00	;  29
      0005C6 1C 00                  834 	.byte #0x1c, #0x00	;  28
      0005C8 1B 00                  835 	.byte #0x1b, #0x00	;  27
      0005CA 1A 00                  836 	.byte #0x1a, #0x00	;  26
      0005CC 19 00                  837 	.byte #0x19, #0x00	;  25
      0005CE 18 00                  838 	.byte #0x18, #0x00	;  24
      0005D0 17 00                  839 	.byte #0x17, #0x00	;  23
      0005D2 16 00                  840 	.byte #0x16, #0x00	;  22
      0005D4 15 00                  841 	.byte #0x15, #0x00	;  21
      0005D6 14 00                  842 	.byte #0x14, #0x00	;  20
      0005D8 13 00                  843 	.byte #0x13, #0x00	;  19
      0005DA 12 00                  844 	.byte #0x12, #0x00	;  18
      0005DC 11 00                  845 	.byte #0x11, #0x00	;  17
      0005DE 10 00                  846 	.byte #0x10, #0x00	;  16
      0005E0 0F 00                  847 	.byte #0x0f, #0x00	;  15
      0005E2 0E 00                  848 	.byte #0x0e, #0x00	;  14
      0005E4 0D 00                  849 	.byte #0x0d, #0x00	;  13
      0005E6 0C 00                  850 	.byte #0x0c, #0x00	;  12
      0005E8 0B 00                  851 	.byte #0x0b, #0x00	;  11
      0005EA 0A 00                  852 	.byte #0x0a, #0x00	;  10
      0005EC 09 00                  853 	.byte #0x09, #0x00	;  9
      0005EE 08 00                  854 	.byte #0x08, #0x00	;  8
      0005F0 07 00                  855 	.byte #0x07, #0x00	;  7
      0005F2 06 00                  856 	.byte #0x06, #0x00	;  6
      0005F4 05 00                  857 	.byte #0x05, #0x00	;  5
      0005F6 04 00                  858 	.byte #0x04, #0x00	;  4
      0005F8 03 00                  859 	.byte #0x03, #0x00	;  3
      0005FA 02 00                  860 	.byte #0x02, #0x00	;  2
      0005FC 01 00                  861 	.byte #0x01, #0x00	;  1
      0005FE 00 00                  862 	.byte #0x00, #0x00	;  0
      000600                        863 _ramp_dac_values:
      000600 00 00                  864 	.byte #0x00, #0x00	;  0
      000602 01 00                  865 	.byte #0x01, #0x00	;  1
      000604 02 00                  866 	.byte #0x02, #0x00	;  2
      000606 03 00                  867 	.byte #0x03, #0x00	;  3
      000608 04 00                  868 	.byte #0x04, #0x00	;  4
      00060A 05 00                  869 	.byte #0x05, #0x00	;  5
      00060C 06 00                  870 	.byte #0x06, #0x00	;  6
      00060E 07 00                  871 	.byte #0x07, #0x00	;  7
      000610 08 00                  872 	.byte #0x08, #0x00	;  8
      000612 09 00                  873 	.byte #0x09, #0x00	;  9
      000614 0A 00                  874 	.byte #0x0a, #0x00	;  10
      000616 0B 00                  875 	.byte #0x0b, #0x00	;  11
      000618 0C 00                  876 	.byte #0x0c, #0x00	;  12
      00061A 0D 00                  877 	.byte #0x0d, #0x00	;  13
      00061C 0E 00                  878 	.byte #0x0e, #0x00	;  14
      00061E 0F 00                  879 	.byte #0x0f, #0x00	;  15
      000620 10 00                  880 	.byte #0x10, #0x00	;  16
      000622 11 00                  881 	.byte #0x11, #0x00	;  17
      000624 12 00                  882 	.byte #0x12, #0x00	;  18
      000626 13 00                  883 	.byte #0x13, #0x00	;  19
      000628 14 00                  884 	.byte #0x14, #0x00	;  20
      00062A 15 00                  885 	.byte #0x15, #0x00	;  21
      00062C 16 00                  886 	.byte #0x16, #0x00	;  22
      00062E 17 00                  887 	.byte #0x17, #0x00	;  23
      000630 18 00                  888 	.byte #0x18, #0x00	;  24
      000632 19 00                  889 	.byte #0x19, #0x00	;  25
      000634 1A 00                  890 	.byte #0x1a, #0x00	;  26
      000636 1B 00                  891 	.byte #0x1b, #0x00	;  27
      000638 1C 00                  892 	.byte #0x1c, #0x00	;  28
      00063A 1D 00                  893 	.byte #0x1d, #0x00	;  29
      00063C 1E 00                  894 	.byte #0x1e, #0x00	;  30
      00063E 1F 00                  895 	.byte #0x1f, #0x00	;  31
      000640 20 00                  896 	.byte #0x20, #0x00	;  32
      000642 21 00                  897 	.byte #0x21, #0x00	;  33
      000644 22 00                  898 	.byte #0x22, #0x00	;  34
      000646 23 00                  899 	.byte #0x23, #0x00	;  35
      000648 24 00                  900 	.byte #0x24, #0x00	;  36
      00064A 25 00                  901 	.byte #0x25, #0x00	;  37
      00064C 26 00                  902 	.byte #0x26, #0x00	;  38
      00064E 27 00                  903 	.byte #0x27, #0x00	;  39
      000650 28 00                  904 	.byte #0x28, #0x00	;  40
      000652 29 00                  905 	.byte #0x29, #0x00	;  41
      000654 2A 00                  906 	.byte #0x2a, #0x00	;  42
      000656 2B 00                  907 	.byte #0x2b, #0x00	;  43
      000658 2C 00                  908 	.byte #0x2c, #0x00	;  44
      00065A 2D 00                  909 	.byte #0x2d, #0x00	;  45
      00065C 2E 00                  910 	.byte #0x2e, #0x00	;  46
      00065E 2F 00                  911 	.byte #0x2f, #0x00	;  47
      000660 30 00                  912 	.byte #0x30, #0x00	;  48
      000662 31 00                  913 	.byte #0x31, #0x00	;  49
      000664 32 00                  914 	.byte #0x32, #0x00	;  50
      000666 33 00                  915 	.byte #0x33, #0x00	;  51
      000668 34 00                  916 	.byte #0x34, #0x00	;  52
      00066A 35 00                  917 	.byte #0x35, #0x00	;  53
      00066C 36 00                  918 	.byte #0x36, #0x00	;  54
      00066E 37 00                  919 	.byte #0x37, #0x00	;  55
      000670 38 00                  920 	.byte #0x38, #0x00	;  56
      000672 39 00                  921 	.byte #0x39, #0x00	;  57
      000674 3A 00                  922 	.byte #0x3a, #0x00	;  58
      000676 3B 00                  923 	.byte #0x3b, #0x00	;  59
      000678 3C 00                  924 	.byte #0x3c, #0x00	;  60
      00067A 3D 00                  925 	.byte #0x3d, #0x00	;  61
      00067C 3E 00                  926 	.byte #0x3e, #0x00	;  62
      00067E 3F 00                  927 	.byte #0x3f, #0x00	;  63
      000680 40 00                  928 	.byte #0x40, #0x00	;  64
      000682 41 00                  929 	.byte #0x41, #0x00	;  65
      000684 42 00                  930 	.byte #0x42, #0x00	;  66
      000686 43 00                  931 	.byte #0x43, #0x00	;  67
      000688 44 00                  932 	.byte #0x44, #0x00	;  68
      00068A 45 00                  933 	.byte #0x45, #0x00	;  69
      00068C 46 00                  934 	.byte #0x46, #0x00	;  70
      00068E 47 00                  935 	.byte #0x47, #0x00	;  71
      000690 48 00                  936 	.byte #0x48, #0x00	;  72
      000692 49 00                  937 	.byte #0x49, #0x00	;  73
      000694 4A 00                  938 	.byte #0x4a, #0x00	;  74
      000696 4B 00                  939 	.byte #0x4b, #0x00	;  75
      000698 4C 00                  940 	.byte #0x4c, #0x00	;  76
      00069A 4D 00                  941 	.byte #0x4d, #0x00	;  77
      00069C 4E 00                  942 	.byte #0x4e, #0x00	;  78
      00069E 4F 00                  943 	.byte #0x4f, #0x00	;  79
      0006A0 50 00                  944 	.byte #0x50, #0x00	;  80
      0006A2 51 00                  945 	.byte #0x51, #0x00	;  81
      0006A4 52 00                  946 	.byte #0x52, #0x00	;  82
      0006A6 53 00                  947 	.byte #0x53, #0x00	;  83
      0006A8 54 00                  948 	.byte #0x54, #0x00	;  84
      0006AA 55 00                  949 	.byte #0x55, #0x00	;  85
      0006AC 56 00                  950 	.byte #0x56, #0x00	;  86
      0006AE 57 00                  951 	.byte #0x57, #0x00	;  87
      0006B0 58 00                  952 	.byte #0x58, #0x00	;  88
      0006B2 59 00                  953 	.byte #0x59, #0x00	;  89
      0006B4 5A 00                  954 	.byte #0x5a, #0x00	;  90
      0006B6 5B 00                  955 	.byte #0x5b, #0x00	;  91
      0006B8 5C 00                  956 	.byte #0x5c, #0x00	;  92
      0006BA 5D 00                  957 	.byte #0x5d, #0x00	;  93
      0006BC 5E 00                  958 	.byte #0x5e, #0x00	;  94
      0006BE 5F 00                  959 	.byte #0x5f, #0x00	;  95
      0006C0 60 00                  960 	.byte #0x60, #0x00	;  96
      0006C2 61 00                  961 	.byte #0x61, #0x00	;  97
      0006C4 62 00                  962 	.byte #0x62, #0x00	;  98
      0006C6 63 00                  963 	.byte #0x63, #0x00	;  99
      0006C8 64 00                  964 	.byte #0x64, #0x00	;  100
      0006CA 65 00                  965 	.byte #0x65, #0x00	;  101
      0006CC 66 00                  966 	.byte #0x66, #0x00	;  102
      0006CE 67 00                  967 	.byte #0x67, #0x00	;  103
      0006D0 68 00                  968 	.byte #0x68, #0x00	;  104
      0006D2 69 00                  969 	.byte #0x69, #0x00	;  105
      0006D4 6A 00                  970 	.byte #0x6a, #0x00	;  106
      0006D6 6B 00                  971 	.byte #0x6b, #0x00	;  107
      0006D8 6C 00                  972 	.byte #0x6c, #0x00	;  108
      0006DA 6D 00                  973 	.byte #0x6d, #0x00	;  109
      0006DC 6E 00                  974 	.byte #0x6e, #0x00	;  110
      0006DE 6F 00                  975 	.byte #0x6f, #0x00	;  111
      0006E0 70 00                  976 	.byte #0x70, #0x00	;  112
      0006E2 71 00                  977 	.byte #0x71, #0x00	;  113
      0006E4 72 00                  978 	.byte #0x72, #0x00	;  114
      0006E6 73 00                  979 	.byte #0x73, #0x00	;  115
      0006E8 74 00                  980 	.byte #0x74, #0x00	;  116
      0006EA 75 00                  981 	.byte #0x75, #0x00	;  117
      0006EC 76 00                  982 	.byte #0x76, #0x00	;  118
      0006EE 77 00                  983 	.byte #0x77, #0x00	;  119
      0006F0 78 00                  984 	.byte #0x78, #0x00	;  120
      0006F2 79 00                  985 	.byte #0x79, #0x00	;  121
      0006F4 7A 00                  986 	.byte #0x7a, #0x00	;  122
      0006F6 7B 00                  987 	.byte #0x7b, #0x00	;  123
      0006F8 7C 00                  988 	.byte #0x7c, #0x00	;  124
      0006FA 7D 00                  989 	.byte #0x7d, #0x00	;  125
      0006FC 7E 00                  990 	.byte #0x7e, #0x00	;  126
      0006FE 7F 00                  991 	.byte #0x7f, #0x00	;  127
      000700 80 00                  992 	.byte #0x80, #0x00	;  128
      000702 81 00                  993 	.byte #0x81, #0x00	;  129
      000704 82 00                  994 	.byte #0x82, #0x00	;  130
      000706 83 00                  995 	.byte #0x83, #0x00	;  131
      000708 84 00                  996 	.byte #0x84, #0x00	;  132
      00070A 85 00                  997 	.byte #0x85, #0x00	;  133
      00070C 86 00                  998 	.byte #0x86, #0x00	;  134
      00070E 87 00                  999 	.byte #0x87, #0x00	;  135
      000710 88 00                 1000 	.byte #0x88, #0x00	;  136
      000712 89 00                 1001 	.byte #0x89, #0x00	;  137
      000714 8A 00                 1002 	.byte #0x8a, #0x00	;  138
      000716 8B 00                 1003 	.byte #0x8b, #0x00	;  139
      000718 8C 00                 1004 	.byte #0x8c, #0x00	;  140
      00071A 8D 00                 1005 	.byte #0x8d, #0x00	;  141
      00071C 8E 00                 1006 	.byte #0x8e, #0x00	;  142
      00071E 8F 00                 1007 	.byte #0x8f, #0x00	;  143
      000720 90 00                 1008 	.byte #0x90, #0x00	;  144
      000722 91 00                 1009 	.byte #0x91, #0x00	;  145
      000724 92 00                 1010 	.byte #0x92, #0x00	;  146
      000726 93 00                 1011 	.byte #0x93, #0x00	;  147
      000728 94 00                 1012 	.byte #0x94, #0x00	;  148
      00072A 95 00                 1013 	.byte #0x95, #0x00	;  149
      00072C 96 00                 1014 	.byte #0x96, #0x00	;  150
      00072E 97 00                 1015 	.byte #0x97, #0x00	;  151
      000730 98 00                 1016 	.byte #0x98, #0x00	;  152
      000732 99 00                 1017 	.byte #0x99, #0x00	;  153
      000734 9A 00                 1018 	.byte #0x9a, #0x00	;  154
      000736 9B 00                 1019 	.byte #0x9b, #0x00	;  155
      000738 9C 00                 1020 	.byte #0x9c, #0x00	;  156
      00073A 9D 00                 1021 	.byte #0x9d, #0x00	;  157
      00073C 9E 00                 1022 	.byte #0x9e, #0x00	;  158
      00073E 9F 00                 1023 	.byte #0x9f, #0x00	;  159
      000740 A0 00                 1024 	.byte #0xa0, #0x00	;  160
      000742 A1 00                 1025 	.byte #0xa1, #0x00	;  161
      000744 A2 00                 1026 	.byte #0xa2, #0x00	;  162
      000746 A3 00                 1027 	.byte #0xa3, #0x00	;  163
      000748 A4 00                 1028 	.byte #0xa4, #0x00	;  164
      00074A A5 00                 1029 	.byte #0xa5, #0x00	;  165
      00074C A6 00                 1030 	.byte #0xa6, #0x00	;  166
      00074E A7 00                 1031 	.byte #0xa7, #0x00	;  167
      000750 A8 00                 1032 	.byte #0xa8, #0x00	;  168
      000752 A9 00                 1033 	.byte #0xa9, #0x00	;  169
      000754 AA 00                 1034 	.byte #0xaa, #0x00	;  170
      000756 AB 00                 1035 	.byte #0xab, #0x00	;  171
      000758 AC 00                 1036 	.byte #0xac, #0x00	;  172
      00075A AD 00                 1037 	.byte #0xad, #0x00	;  173
      00075C AE 00                 1038 	.byte #0xae, #0x00	;  174
      00075E AF 00                 1039 	.byte #0xaf, #0x00	;  175
      000760 B0 00                 1040 	.byte #0xb0, #0x00	;  176
      000762 B1 00                 1041 	.byte #0xb1, #0x00	;  177
      000764 B2 00                 1042 	.byte #0xb2, #0x00	;  178
      000766 B3 00                 1043 	.byte #0xb3, #0x00	;  179
      000768 B4 00                 1044 	.byte #0xb4, #0x00	;  180
      00076A B5 00                 1045 	.byte #0xb5, #0x00	;  181
      00076C B6 00                 1046 	.byte #0xb6, #0x00	;  182
      00076E B7 00                 1047 	.byte #0xb7, #0x00	;  183
      000770 B8 00                 1048 	.byte #0xb8, #0x00	;  184
      000772 B9 00                 1049 	.byte #0xb9, #0x00	;  185
      000774 BA 00                 1050 	.byte #0xba, #0x00	;  186
      000776 BB 00                 1051 	.byte #0xbb, #0x00	;  187
      000778 BC 00                 1052 	.byte #0xbc, #0x00	;  188
      00077A BD 00                 1053 	.byte #0xbd, #0x00	;  189
      00077C BE 00                 1054 	.byte #0xbe, #0x00	;  190
      00077E BF 00                 1055 	.byte #0xbf, #0x00	;  191
      000780 C0 00                 1056 	.byte #0xc0, #0x00	;  192
      000782 C1 00                 1057 	.byte #0xc1, #0x00	;  193
      000784 C2 00                 1058 	.byte #0xc2, #0x00	;  194
      000786 C3 00                 1059 	.byte #0xc3, #0x00	;  195
      000788 C4 00                 1060 	.byte #0xc4, #0x00	;  196
      00078A C5 00                 1061 	.byte #0xc5, #0x00	;  197
      00078C C6 00                 1062 	.byte #0xc6, #0x00	;  198
      00078E C7 00                 1063 	.byte #0xc7, #0x00	;  199
      000790 C8 00                 1064 	.byte #0xc8, #0x00	;  200
      000792 C9 00                 1065 	.byte #0xc9, #0x00	;  201
      000794 CA 00                 1066 	.byte #0xca, #0x00	;  202
      000796 CB 00                 1067 	.byte #0xcb, #0x00	;  203
      000798 CC 00                 1068 	.byte #0xcc, #0x00	;  204
      00079A CD 00                 1069 	.byte #0xcd, #0x00	;  205
      00079C CE 00                 1070 	.byte #0xce, #0x00	;  206
      00079E CF 00                 1071 	.byte #0xcf, #0x00	;  207
      0007A0 D0 00                 1072 	.byte #0xd0, #0x00	;  208
      0007A2 D1 00                 1073 	.byte #0xd1, #0x00	;  209
      0007A4 D2 00                 1074 	.byte #0xd2, #0x00	;  210
      0007A6 D3 00                 1075 	.byte #0xd3, #0x00	;  211
      0007A8 D4 00                 1076 	.byte #0xd4, #0x00	;  212
      0007AA D5 00                 1077 	.byte #0xd5, #0x00	;  213
      0007AC D6 00                 1078 	.byte #0xd6, #0x00	;  214
      0007AE D7 00                 1079 	.byte #0xd7, #0x00	;  215
      0007B0 D8 00                 1080 	.byte #0xd8, #0x00	;  216
      0007B2 D9 00                 1081 	.byte #0xd9, #0x00	;  217
      0007B4 DA 00                 1082 	.byte #0xda, #0x00	;  218
      0007B6 DB 00                 1083 	.byte #0xdb, #0x00	;  219
      0007B8 DC 00                 1084 	.byte #0xdc, #0x00	;  220
      0007BA DD 00                 1085 	.byte #0xdd, #0x00	;  221
      0007BC DE 00                 1086 	.byte #0xde, #0x00	;  222
      0007BE DF 00                 1087 	.byte #0xdf, #0x00	;  223
      0007C0 E0 00                 1088 	.byte #0xe0, #0x00	;  224
      0007C2 E1 00                 1089 	.byte #0xe1, #0x00	;  225
      0007C4 E2 00                 1090 	.byte #0xe2, #0x00	;  226
      0007C6 E3 00                 1091 	.byte #0xe3, #0x00	;  227
      0007C8 E4 00                 1092 	.byte #0xe4, #0x00	;  228
      0007CA E5 00                 1093 	.byte #0xe5, #0x00	;  229
      0007CC E6 00                 1094 	.byte #0xe6, #0x00	;  230
      0007CE E7 00                 1095 	.byte #0xe7, #0x00	;  231
      0007D0 E8 00                 1096 	.byte #0xe8, #0x00	;  232
      0007D2 E9 00                 1097 	.byte #0xe9, #0x00	;  233
      0007D4 EA 00                 1098 	.byte #0xea, #0x00	;  234
      0007D6 EB 00                 1099 	.byte #0xeb, #0x00	;  235
      0007D8 EC 00                 1100 	.byte #0xec, #0x00	;  236
      0007DA ED 00                 1101 	.byte #0xed, #0x00	;  237
      0007DC EE 00                 1102 	.byte #0xee, #0x00	;  238
      0007DE EF 00                 1103 	.byte #0xef, #0x00	;  239
      0007E0 F0 00                 1104 	.byte #0xf0, #0x00	;  240
      0007E2 F1 00                 1105 	.byte #0xf1, #0x00	;  241
      0007E4 F2 00                 1106 	.byte #0xf2, #0x00	;  242
      0007E6 F3 00                 1107 	.byte #0xf3, #0x00	;  243
      0007E8 F4 00                 1108 	.byte #0xf4, #0x00	;  244
      0007EA F5 00                 1109 	.byte #0xf5, #0x00	;  245
      0007EC F6 00                 1110 	.byte #0xf6, #0x00	;  246
      0007EE F7 00                 1111 	.byte #0xf7, #0x00	;  247
      0007F0 F8 00                 1112 	.byte #0xf8, #0x00	;  248
      0007F2 F9 00                 1113 	.byte #0xf9, #0x00	;  249
      0007F4 FA 00                 1114 	.byte #0xfa, #0x00	;  250
      0007F6 FB 00                 1115 	.byte #0xfb, #0x00	;  251
      0007F8 FC 00                 1116 	.byte #0xfc, #0x00	;  252
      0007FA FD 00                 1117 	.byte #0xfd, #0x00	;  253
      0007FC FE 00                 1118 	.byte #0xfe, #0x00	;  254
      0007FE FF 00                 1119 	.byte #0xff, #0x00	;  255
                                   1120 	.area XINIT   (CODE)
                                   1121 	.area CABS    (ABS,CODE)
