                                      1 ;--------------------------------------------------------
                                      2 ; File Created by SDCC : free open source ANSI-C Compiler
                                      3 ; Version 4.0.0 #11528 (Linux)
                                      4 ;--------------------------------------------------------
                                      5 	.module SDCC_trial
                                      6 	.optsdcc -mmcs51 --model-small
                                      7 	
                                      8 ;--------------------------------------------------------
                                      9 ; Public variables in this module
                                     10 ;--------------------------------------------------------
                                     11 	.globl _main
                                     12 	.globl _TF1
                                     13 	.globl _TR1
                                     14 	.globl _TF0
                                     15 	.globl _TR0
                                     16 	.globl _IE1
                                     17 	.globl _IT1
                                     18 	.globl _IE0
                                     19 	.globl _IT0
                                     20 	.globl _SM0
                                     21 	.globl _SM1
                                     22 	.globl _SM2
                                     23 	.globl _REN
                                     24 	.globl _TB8
                                     25 	.globl _RB8
                                     26 	.globl _TI
                                     27 	.globl _RI
                                     28 	.globl _CY
                                     29 	.globl _AC
                                     30 	.globl _F0
                                     31 	.globl _RS1
                                     32 	.globl _RS0
                                     33 	.globl _OV
                                     34 	.globl _F1
                                     35 	.globl _P
                                     36 	.globl _RD
                                     37 	.globl _WR
                                     38 	.globl _T1
                                     39 	.globl _T0
                                     40 	.globl _INT1
                                     41 	.globl _INT0
                                     42 	.globl _TXD0
                                     43 	.globl _TXD
                                     44 	.globl _RXD0
                                     45 	.globl _RXD
                                     46 	.globl _P3_7
                                     47 	.globl _P3_6
                                     48 	.globl _P3_5
                                     49 	.globl _P3_4
                                     50 	.globl _P3_3
                                     51 	.globl _P3_2
                                     52 	.globl _P3_1
                                     53 	.globl _P3_0
                                     54 	.globl _P2_7
                                     55 	.globl _P2_6
                                     56 	.globl _P2_5
                                     57 	.globl _P2_4
                                     58 	.globl _P2_3
                                     59 	.globl _P2_2
                                     60 	.globl _P2_1
                                     61 	.globl _P2_0
                                     62 	.globl _P1_7
                                     63 	.globl _P1_6
                                     64 	.globl _P1_5
                                     65 	.globl _P1_4
                                     66 	.globl _P1_3
                                     67 	.globl _P1_2
                                     68 	.globl _P1_1
                                     69 	.globl _P1_0
                                     70 	.globl _P0_7
                                     71 	.globl _P0_6
                                     72 	.globl _P0_5
                                     73 	.globl _P0_4
                                     74 	.globl _P0_3
                                     75 	.globl _P0_2
                                     76 	.globl _P0_1
                                     77 	.globl _P0_0
                                     78 	.globl _PS
                                     79 	.globl _PT1
                                     80 	.globl _PX1
                                     81 	.globl _PT0
                                     82 	.globl _PX0
                                     83 	.globl _EA
                                     84 	.globl _ES
                                     85 	.globl _ET1
                                     86 	.globl _EX1
                                     87 	.globl _ET0
                                     88 	.globl _EX0
                                     89 	.globl _BREG_F7
                                     90 	.globl _BREG_F6
                                     91 	.globl _BREG_F5
                                     92 	.globl _BREG_F4
                                     93 	.globl _BREG_F3
                                     94 	.globl _BREG_F2
                                     95 	.globl _BREG_F1
                                     96 	.globl _BREG_F0
                                     97 	.globl _TMOD
                                     98 	.globl _TL1
                                     99 	.globl _TL0
                                    100 	.globl _TH1
                                    101 	.globl _TH0
                                    102 	.globl _TCON
                                    103 	.globl _SP
                                    104 	.globl _SCON
                                    105 	.globl _SBUF0
                                    106 	.globl _SBUF
                                    107 	.globl _PSW
                                    108 	.globl _PCON
                                    109 	.globl _P3
                                    110 	.globl _P2
                                    111 	.globl _P1
                                    112 	.globl _P0
                                    113 	.globl _IP
                                    114 	.globl _IE
                                    115 	.globl _DP0L
                                    116 	.globl _DPL
                                    117 	.globl _DP0H
                                    118 	.globl _DPH
                                    119 	.globl _B
                                    120 	.globl _ACC
                                    121 	.globl _putchar
                                    122 	.globl _uart
                                    123 	.globl _getchar
                                    124 ;--------------------------------------------------------
                                    125 ; special function registers
                                    126 ;--------------------------------------------------------
                                    127 	.area RSEG    (ABS,DATA)
      000000                        128 	.org 0x0000
                           0000E0   129 _ACC	=	0x00e0
                           0000F0   130 _B	=	0x00f0
                           000083   131 _DPH	=	0x0083
                           000083   132 _DP0H	=	0x0083
                           000082   133 _DPL	=	0x0082
                           000082   134 _DP0L	=	0x0082
                           0000A8   135 _IE	=	0x00a8
                           0000B8   136 _IP	=	0x00b8
                           000080   137 _P0	=	0x0080
                           000090   138 _P1	=	0x0090
                           0000A0   139 _P2	=	0x00a0
                           0000B0   140 _P3	=	0x00b0
                           000087   141 _PCON	=	0x0087
                           0000D0   142 _PSW	=	0x00d0
                           000099   143 _SBUF	=	0x0099
                           000099   144 _SBUF0	=	0x0099
                           000098   145 _SCON	=	0x0098
                           000081   146 _SP	=	0x0081
                           000088   147 _TCON	=	0x0088
                           00008C   148 _TH0	=	0x008c
                           00008D   149 _TH1	=	0x008d
                           00008A   150 _TL0	=	0x008a
                           00008B   151 _TL1	=	0x008b
                           000089   152 _TMOD	=	0x0089
                                    153 ;--------------------------------------------------------
                                    154 ; special function bits
                                    155 ;--------------------------------------------------------
                                    156 	.area RSEG    (ABS,DATA)
      000000                        157 	.org 0x0000
                           0000F0   158 _BREG_F0	=	0x00f0
                           0000F1   159 _BREG_F1	=	0x00f1
                           0000F2   160 _BREG_F2	=	0x00f2
                           0000F3   161 _BREG_F3	=	0x00f3
                           0000F4   162 _BREG_F4	=	0x00f4
                           0000F5   163 _BREG_F5	=	0x00f5
                           0000F6   164 _BREG_F6	=	0x00f6
                           0000F7   165 _BREG_F7	=	0x00f7
                           0000A8   166 _EX0	=	0x00a8
                           0000A9   167 _ET0	=	0x00a9
                           0000AA   168 _EX1	=	0x00aa
                           0000AB   169 _ET1	=	0x00ab
                           0000AC   170 _ES	=	0x00ac
                           0000AF   171 _EA	=	0x00af
                           0000B8   172 _PX0	=	0x00b8
                           0000B9   173 _PT0	=	0x00b9
                           0000BA   174 _PX1	=	0x00ba
                           0000BB   175 _PT1	=	0x00bb
                           0000BC   176 _PS	=	0x00bc
                           000080   177 _P0_0	=	0x0080
                           000081   178 _P0_1	=	0x0081
                           000082   179 _P0_2	=	0x0082
                           000083   180 _P0_3	=	0x0083
                           000084   181 _P0_4	=	0x0084
                           000085   182 _P0_5	=	0x0085
                           000086   183 _P0_6	=	0x0086
                           000087   184 _P0_7	=	0x0087
                           000090   185 _P1_0	=	0x0090
                           000091   186 _P1_1	=	0x0091
                           000092   187 _P1_2	=	0x0092
                           000093   188 _P1_3	=	0x0093
                           000094   189 _P1_4	=	0x0094
                           000095   190 _P1_5	=	0x0095
                           000096   191 _P1_6	=	0x0096
                           000097   192 _P1_7	=	0x0097
                           0000A0   193 _P2_0	=	0x00a0
                           0000A1   194 _P2_1	=	0x00a1
                           0000A2   195 _P2_2	=	0x00a2
                           0000A3   196 _P2_3	=	0x00a3
                           0000A4   197 _P2_4	=	0x00a4
                           0000A5   198 _P2_5	=	0x00a5
                           0000A6   199 _P2_6	=	0x00a6
                           0000A7   200 _P2_7	=	0x00a7
                           0000B0   201 _P3_0	=	0x00b0
                           0000B1   202 _P3_1	=	0x00b1
                           0000B2   203 _P3_2	=	0x00b2
                           0000B3   204 _P3_3	=	0x00b3
                           0000B4   205 _P3_4	=	0x00b4
                           0000B5   206 _P3_5	=	0x00b5
                           0000B6   207 _P3_6	=	0x00b6
                           0000B7   208 _P3_7	=	0x00b7
                           0000B0   209 _RXD	=	0x00b0
                           0000B0   210 _RXD0	=	0x00b0
                           0000B1   211 _TXD	=	0x00b1
                           0000B1   212 _TXD0	=	0x00b1
                           0000B2   213 _INT0	=	0x00b2
                           0000B3   214 _INT1	=	0x00b3
                           0000B4   215 _T0	=	0x00b4
                           0000B5   216 _T1	=	0x00b5
                           0000B6   217 _WR	=	0x00b6
                           0000B7   218 _RD	=	0x00b7
                           0000D0   219 _P	=	0x00d0
                           0000D1   220 _F1	=	0x00d1
                           0000D2   221 _OV	=	0x00d2
                           0000D3   222 _RS0	=	0x00d3
                           0000D4   223 _RS1	=	0x00d4
                           0000D5   224 _F0	=	0x00d5
                           0000D6   225 _AC	=	0x00d6
                           0000D7   226 _CY	=	0x00d7
                           000098   227 _RI	=	0x0098
                           000099   228 _TI	=	0x0099
                           00009A   229 _RB8	=	0x009a
                           00009B   230 _TB8	=	0x009b
                           00009C   231 _REN	=	0x009c
                           00009D   232 _SM2	=	0x009d
                           00009E   233 _SM1	=	0x009e
                           00009F   234 _SM0	=	0x009f
                           000088   235 _IT0	=	0x0088
                           000089   236 _IE0	=	0x0089
                           00008A   237 _IT1	=	0x008a
                           00008B   238 _IE1	=	0x008b
                           00008C   239 _TR0	=	0x008c
                           00008D   240 _TF0	=	0x008d
                           00008E   241 _TR1	=	0x008e
                           00008F   242 _TF1	=	0x008f
                                    243 ;--------------------------------------------------------
                                    244 ; overlayable register banks
                                    245 ;--------------------------------------------------------
                                    246 	.area REG_BANK_0	(REL,OVR,DATA)
      000000                        247 	.ds 8
                                    248 ;--------------------------------------------------------
                                    249 ; internal ram data
                                    250 ;--------------------------------------------------------
                                    251 	.area DSEG    (DATA)
                                    252 ;--------------------------------------------------------
                                    253 ; overlayable items in internal ram 
                                    254 ;--------------------------------------------------------
                                    255 	.area	OSEG    (OVR,DATA)
                                    256 ;--------------------------------------------------------
                                    257 ; Stack segment in internal ram 
                                    258 ;--------------------------------------------------------
                                    259 	.area	SSEG
      000000                        260 __start__stack:
      000000                        261 	.ds	1
                                    262 
                                    263 ;--------------------------------------------------------
                                    264 ; indirectly addressable internal ram data
                                    265 ;--------------------------------------------------------
                                    266 	.area ISEG    (DATA)
                                    267 ;--------------------------------------------------------
                                    268 ; absolute internal ram data
                                    269 ;--------------------------------------------------------
                                    270 	.area IABS    (ABS,DATA)
                                    271 	.area IABS    (ABS,DATA)
                                    272 ;--------------------------------------------------------
                                    273 ; bit data
                                    274 ;--------------------------------------------------------
                                    275 	.area BSEG    (BIT)
                                    276 ;--------------------------------------------------------
                                    277 ; paged external ram data
                                    278 ;--------------------------------------------------------
                                    279 	.area PSEG    (PAG,XDATA)
                                    280 ;--------------------------------------------------------
                                    281 ; external ram data
                                    282 ;--------------------------------------------------------
                                    283 	.area XSEG    (XDATA)
                                    284 ;--------------------------------------------------------
                                    285 ; absolute external ram data
                                    286 ;--------------------------------------------------------
                                    287 	.area XABS    (ABS,XDATA)
                                    288 ;--------------------------------------------------------
                                    289 ; external initialized ram data
                                    290 ;--------------------------------------------------------
                                    291 	.area XISEG   (XDATA)
                                    292 	.area HOME    (CODE)
                                    293 	.area GSINIT0 (CODE)
                                    294 	.area GSINIT1 (CODE)
                                    295 	.area GSINIT2 (CODE)
                                    296 	.area GSINIT3 (CODE)
                                    297 	.area GSINIT4 (CODE)
                                    298 	.area GSINIT5 (CODE)
                                    299 	.area GSINIT  (CODE)
                                    300 	.area GSFINAL (CODE)
                                    301 	.area CSEG    (CODE)
                                    302 ;--------------------------------------------------------
                                    303 ; interrupt vector 
                                    304 ;--------------------------------------------------------
                                    305 	.area HOME    (CODE)
      000000                        306 __interrupt_vect:
      000000 02r00r00         [24]  307 	ljmp	__sdcc_gsinit_startup
                                    308 ;--------------------------------------------------------
                                    309 ; global & static initialisations
                                    310 ;--------------------------------------------------------
                                    311 	.area HOME    (CODE)
                                    312 	.area GSINIT  (CODE)
                                    313 	.area GSFINAL (CODE)
                                    314 	.area GSINIT  (CODE)
                                    315 	.globl __sdcc_gsinit_startup
                                    316 	.globl __sdcc_program_startup
                                    317 	.globl __start__stack
                                    318 	.globl __mcs51_genXINIT
                                    319 	.globl __mcs51_genXRAMCLEAR
                                    320 	.globl __mcs51_genRAMCLEAR
                                    321 	.area GSFINAL (CODE)
      000000 02r00r03         [24]  322 	ljmp	__sdcc_program_startup
                                    323 ;--------------------------------------------------------
                                    324 ; Home
                                    325 ;--------------------------------------------------------
                                    326 	.area HOME    (CODE)
                                    327 	.area HOME    (CODE)
      000003                        328 __sdcc_program_startup:
      000003 02r00r32         [24]  329 	ljmp	_main
                                    330 ;	return from main will return to caller
                                    331 ;--------------------------------------------------------
                                    332 ; code
                                    333 ;--------------------------------------------------------
                                    334 	.area CSEG    (CODE)
                                    335 ;------------------------------------------------------------
                                    336 ;Allocation info for local variables in function 'putchar'
                                    337 ;------------------------------------------------------------
                                    338 ;c                         Allocated to registers r7 
                                    339 ;------------------------------------------------------------
                                    340 ;	SDCC_trial.c:9: void putchar(char c)
                                    341 ;	-----------------------------------------
                                    342 ;	 function putchar
                                    343 ;	-----------------------------------------
      000000                        344 _putchar:
                           000007   345 	ar7 = 0x07
                           000006   346 	ar6 = 0x06
                           000005   347 	ar5 = 0x05
                           000004   348 	ar4 = 0x04
                           000003   349 	ar3 = 0x03
                           000002   350 	ar2 = 0x02
                           000001   351 	ar1 = 0x01
                           000000   352 	ar0 = 0x00
      000000 AF 82            [24]  353 	mov	r7,dpl
                                    354 ;	SDCC_trial.c:11: while(!TI);
      000002                        355 00101$:
      000002 30 99 FD         [24]  356 	jnb	_TI,00101$
                                    357 ;	SDCC_trial.c:12: while(TI==0);
      000005                        358 00104$:
      000005 30 99 FD         [24]  359 	jnb	_TI,00104$
                                    360 ;	SDCC_trial.c:13: while((SCON & 0x02) == 0);
      000008                        361 00107$:
      000008 E5 98            [12]  362 	mov	a,_SCON
      00000A 30 E1 FB         [24]  363 	jnb	acc.1,00107$
                                    364 ;	SDCC_trial.c:14: TI = 0;
                                    365 ;	assignBit
      00000D C2 99            [12]  366 	clr	_TI
                                    367 ;	SDCC_trial.c:15: SBUF = c;
      00000F 8F 99            [24]  368 	mov	_SBUF,r7
                                    369 ;	SDCC_trial.c:16: }
      000011 22               [24]  370 	ret
                                    371 ;------------------------------------------------------------
                                    372 ;Allocation info for local variables in function 'uart'
                                    373 ;------------------------------------------------------------
                                    374 ;	SDCC_trial.c:17: void uart(void)
                                    375 ;	-----------------------------------------
                                    376 ;	 function uart
                                    377 ;	-----------------------------------------
      000012                        378 _uart:
                                    379 ;	SDCC_trial.c:19: SCON = 0x50;
      000012 75 98 50         [24]  380 	mov	_SCON,#0x50
                                    381 ;	SDCC_trial.c:20: TMOD = 0x20;
      000015 75 89 20         [24]  382 	mov	_TMOD,#0x20
                                    383 ;	SDCC_trial.c:21: TH1 = 0xFA;
      000018 75 8D FA         [24]  384 	mov	_TH1,#0xfa
                                    385 ;	SDCC_trial.c:22: TL1 = 0xFA;
      00001B 75 8B FA         [24]  386 	mov	_TL1,#0xfa
                                    387 ;	SDCC_trial.c:23: TR1 = 1;
                                    388 ;	assignBit
      00001E D2 8E            [12]  389 	setb	_TR1
                                    390 ;	SDCC_trial.c:24: }
      000020 22               [24]  391 	ret
                                    392 ;------------------------------------------------------------
                                    393 ;Allocation info for local variables in function 'getchar'
                                    394 ;------------------------------------------------------------
                                    395 ;	SDCC_trial.c:25: char getchar(void)
                                    396 ;	-----------------------------------------
                                    397 ;	 function getchar
                                    398 ;	-----------------------------------------
      000021                        399 _getchar:
                                    400 ;	SDCC_trial.c:27: while(!RI);
      000021                        401 00101$:
      000021 30 98 FD         [24]  402 	jnb	_RI,00101$
                                    403 ;	SDCC_trial.c:28: while((SCON & 0x01) == 0);
      000024                        404 00104$:
      000024 E5 98            [12]  405 	mov	a,_SCON
      000026 30 E0 FB         [24]  406 	jnb	acc.0,00104$
                                    407 ;	SDCC_trial.c:29: while(RI == 0);
      000029                        408 00107$:
                                    409 ;	SDCC_trial.c:30: RI = 0;
                                    410 ;	assignBit
      000029 10 98 02         [24]  411 	jbc	_RI,00130$
      00002C 80 FB            [24]  412 	sjmp	00107$
      00002E                        413 00130$:
                                    414 ;	SDCC_trial.c:31: return SBUF;
      00002E 85 99 82         [24]  415 	mov	dpl,_SBUF
                                    416 ;	SDCC_trial.c:32: }
      000031 22               [24]  417 	ret
                                    418 ;------------------------------------------------------------
                                    419 ;Allocation info for local variables in function 'main'
                                    420 ;------------------------------------------------------------
                                    421 ;recieved                  Allocated to registers 
                                    422 ;------------------------------------------------------------
                                    423 ;	SDCC_trial.c:34: void main(void)
                                    424 ;	-----------------------------------------
                                    425 ;	 function main
                                    426 ;	-----------------------------------------
      000032                        427 _main:
                                    428 ;	SDCC_trial.c:37: uart();
      000032 12r00r12         [24]  429 	lcall	_uart
                                    430 ;	SDCC_trial.c:38: while(1)
      000035                        431 00102$:
                                    432 ;	SDCC_trial.c:40: recieved = getchar();
      000035 12r00r21         [24]  433 	lcall	_getchar
                                    434 ;	SDCC_trial.c:41: putchar(recieved);
      000038 12r00r00         [24]  435 	lcall	_putchar
                                    436 ;	SDCC_trial.c:43: }
      00003B 80 F8            [24]  437 	sjmp	00102$
                                    438 	.area CSEG    (CODE)
                                    439 	.area CONST   (CODE)
                                    440 	.area XINIT   (CODE)
                                    441 	.area CABS    (ABS,CODE)
