Archive member included to satisfy reference by file (symbol)

/opt/st/stm32cubeide_1.15.1/plugins/com.st.stm32cube.ide.mcu.externaltools.gnu-tools-for-stm32.12.3.rel1.linux64_1.0.100.202403111256/tools/bin/../lib/gcc/arm-none-eabi/12.3.1/../../../../arm-none-eabi/lib/thumb/v7e-m+fp/hard/libc_nano.a(libc_a-exit.o)
                              /opt/st/stm32cubeide_1.15.1/plugins/com.st.stm32cube.ide.mcu.externaltools.gnu-tools-for-stm32.12.3.rel1.linux64_1.0.100.202403111256/tools/bin/../lib/gcc/arm-none-eabi/12.3.1/../../../../arm-none-eabi/lib/thumb/v7e-m+fp/hard/crt0.o (exit)
/opt/st/stm32cubeide_1.15.1/plugins/com.st.stm32cube.ide.mcu.externaltools.gnu-tools-for-stm32.12.3.rel1.linux64_1.0.100.202403111256/tools/bin/../lib/gcc/arm-none-eabi/12.3.1/../../../../arm-none-eabi/lib/thumb/v7e-m+fp/hard/libc_nano.a(libc_a-findfp.o)
                              /opt/st/stm32cubeide_1.15.1/plugins/com.st.stm32cube.ide.mcu.externaltools.gnu-tools-for-stm32.12.3.rel1.linux64_1.0.100.202403111256/tools/bin/../lib/gcc/arm-none-eabi/12.3.1/../../../../arm-none-eabi/lib/thumb/v7e-m+fp/hard/libc_nano.a(libc_a-exit.o) (__stdio_exit_handler)
/opt/st/stm32cubeide_1.15.1/plugins/com.st.stm32cube.ide.mcu.externaltools.gnu-tools-for-stm32.12.3.rel1.linux64_1.0.100.202403111256/tools/bin/../lib/gcc/arm-none-eabi/12.3.1/../../../../arm-none-eabi/lib/thumb/v7e-m+fp/hard/libc_nano.a(libc_a-fwalk.o)
                              /opt/st/stm32cubeide_1.15.1/plugins/com.st.stm32cube.ide.mcu.externaltools.gnu-tools-for-stm32.12.3.rel1.linux64_1.0.100.202403111256/tools/bin/../lib/gcc/arm-none-eabi/12.3.1/../../../../arm-none-eabi/lib/thumb/v7e-m+fp/hard/libc_nano.a(libc_a-findfp.o) (_fwalk_sglue)
/opt/st/stm32cubeide_1.15.1/plugins/com.st.stm32cube.ide.mcu.externaltools.gnu-tools-for-stm32.12.3.rel1.linux64_1.0.100.202403111256/tools/bin/../lib/gcc/arm-none-eabi/12.3.1/../../../../arm-none-eabi/lib/thumb/v7e-m+fp/hard/libc_nano.a(libc_a-stdio.o)
                              /opt/st/stm32cubeide_1.15.1/plugins/com.st.stm32cube.ide.mcu.externaltools.gnu-tools-for-stm32.12.3.rel1.linux64_1.0.100.202403111256/tools/bin/../lib/gcc/arm-none-eabi/12.3.1/../../../../arm-none-eabi/lib/thumb/v7e-m+fp/hard/libc_nano.a(libc_a-findfp.o) (__sread)
/opt/st/stm32cubeide_1.15.1/plugins/com.st.stm32cube.ide.mcu.externaltools.gnu-tools-for-stm32.12.3.rel1.linux64_1.0.100.202403111256/tools/bin/../lib/gcc/arm-none-eabi/12.3.1/../../../../arm-none-eabi/lib/thumb/v7e-m+fp/hard/libc_nano.a(libc_a-memset.o)
                              /opt/st/stm32cubeide_1.15.1/plugins/com.st.stm32cube.ide.mcu.externaltools.gnu-tools-for-stm32.12.3.rel1.linux64_1.0.100.202403111256/tools/bin/../lib/gcc/arm-none-eabi/12.3.1/../../../../arm-none-eabi/lib/thumb/v7e-m+fp/hard/crt0.o (memset)
/opt/st/stm32cubeide_1.15.1/plugins/com.st.stm32cube.ide.mcu.externaltools.gnu-tools-for-stm32.12.3.rel1.linux64_1.0.100.202403111256/tools/bin/../lib/gcc/arm-none-eabi/12.3.1/../../../../arm-none-eabi/lib/thumb/v7e-m+fp/hard/libc_nano.a(libc_a-closer.o)
                              /opt/st/stm32cubeide_1.15.1/plugins/com.st.stm32cube.ide.mcu.externaltools.gnu-tools-for-stm32.12.3.rel1.linux64_1.0.100.202403111256/tools/bin/../lib/gcc/arm-none-eabi/12.3.1/../../../../arm-none-eabi/lib/thumb/v7e-m+fp/hard/libc_nano.a(libc_a-stdio.o) (_close_r)
/opt/st/stm32cubeide_1.15.1/plugins/com.st.stm32cube.ide.mcu.externaltools.gnu-tools-for-stm32.12.3.rel1.linux64_1.0.100.202403111256/tools/bin/../lib/gcc/arm-none-eabi/12.3.1/../../../../arm-none-eabi/lib/thumb/v7e-m+fp/hard/libc_nano.a(libc_a-reent.o)
                              /opt/st/stm32cubeide_1.15.1/plugins/com.st.stm32cube.ide.mcu.externaltools.gnu-tools-for-stm32.12.3.rel1.linux64_1.0.100.202403111256/tools/bin/../lib/gcc/arm-none-eabi/12.3.1/../../../../arm-none-eabi/lib/thumb/v7e-m+fp/hard/libc_nano.a(libc_a-closer.o) (errno)
/opt/st/stm32cubeide_1.15.1/plugins/com.st.stm32cube.ide.mcu.externaltools.gnu-tools-for-stm32.12.3.rel1.linux64_1.0.100.202403111256/tools/bin/../lib/gcc/arm-none-eabi/12.3.1/../../../../arm-none-eabi/lib/thumb/v7e-m+fp/hard/libc_nano.a(libc_a-impure.o)
                              /opt/st/stm32cubeide_1.15.1/plugins/com.st.stm32cube.ide.mcu.externaltools.gnu-tools-for-stm32.12.3.rel1.linux64_1.0.100.202403111256/tools/bin/../lib/gcc/arm-none-eabi/12.3.1/../../../../arm-none-eabi/lib/thumb/v7e-m+fp/hard/libc_nano.a(libc_a-reent.o) (_impure_ptr)
/opt/st/stm32cubeide_1.15.1/plugins/com.st.stm32cube.ide.mcu.externaltools.gnu-tools-for-stm32.12.3.rel1.linux64_1.0.100.202403111256/tools/bin/../lib/gcc/arm-none-eabi/12.3.1/../../../../arm-none-eabi/lib/thumb/v7e-m+fp/hard/libc_nano.a(libc_a-lseekr.o)
                              /opt/st/stm32cubeide_1.15.1/plugins/com.st.stm32cube.ide.mcu.externaltools.gnu-tools-for-stm32.12.3.rel1.linux64_1.0.100.202403111256/tools/bin/../lib/gcc/arm-none-eabi/12.3.1/../../../../arm-none-eabi/lib/thumb/v7e-m+fp/hard/libc_nano.a(libc_a-stdio.o) (_lseek_r)
[...]
Memory Configuration

Name             Origin             Length             Attributes
RAM              0x20000000         0x00020000         xrw
FLASH            0x08000000         0x00080000         xr
*default*        0x00000000         0xffffffff

Linker script and memory map

LOAD /opt/st/stm32cubeide_1.15.1/plugins/com.st.stm32cube.ide.mcu.externaltools.gnu-tools-for-stm32.12.3.rel1.linux64_1.0.100.202403111256/tools/bin/../lib/gcc/arm-none-eabi/12.3.1/thumb/v7e-m+fp/hard/crti.o
LOAD /opt/st/stm32cubeide_1.15.1/plugins/com.st.stm32cube.ide.mcu.externaltools.gnu-tools-for-stm32.12.3.rel1.linux64_1.0.100.202403111256/tools/bin/../lib/gcc/arm-none-eabi/12.3.1/thumb/v7e-m+fp/hard/crtbegin.o
LOAD /opt/st/stm32cubeide_1.15.1/plugins/com.st.stm32cube.ide.mcu.externaltools.gnu-tools-for-stm32.12.3.rel1.linux64_1.0.100.202403111256/tools/bin/../lib/gcc/arm-none-eabi/12.3.1/../../../../arm-none-eabi/lib/thumb/v7e-m+fp/hard/crt0.o
LOAD ./Core/Src/clock_config.o
LOAD ./Core/Src/delay.o
LOAD ./Core/Src/interrupt.o
LOAD ./Core/Src/led.o
LOAD ./Core/Src/main.o
LOAD ./Core/Src/pwm.o
LOAD ./Core/Src/syscalls.o
LOAD ./Core/Src/sysmem.o
LOAD ./Core/Src/uart.o
LOAD ./Core/Startup/startup_stm32f411vetx.o
START GROUP
LOAD /opt/st/stm32cubeide_1.15.1/plugins/com.st.stm32cube.ide.mcu.externaltools.gnu-tools-for-stm32.12.3.rel1.linux64_1.0.100.202403111256/tools/bin/../lib/gcc/arm-none-eabi/12.3.1/../../../../arm-none-eabi/lib/thumb/v7e-m+fp/hard/libc_nano.a
LOAD /opt/st/stm32cubeide_1.15.1/plugins/com.st.stm32cube.ide.mcu.externaltools.gnu-tools-for-stm32.12.3.rel1.linux64_1.0.100.202403111256/tools/bin/../lib/gcc/arm-none-eabi/12.3.1/../../../../arm-none-eabi/lib/thumb/v7e-m+fp/hard/libm.a
END GROUP
START GROUP
LOAD /opt/st/stm32cubeide_1.15.1/plugins/com.st.stm32cube.ide.mcu.externaltools.gnu-tools-for-stm32.12.3.rel1.linux64_1.0.100.202403111256/tools/bin/../lib/gcc/arm-none-eabi/12.3.1/thumb/v7e-m+fp/hard/libgcc.a
LOAD /opt/st/stm32cubeide_1.15.1/plugins/com.st.stm32cube.ide.mcu.externaltools.gnu-tools-for-stm32.12.3.rel1.linux64_1.0.100.202403111256/tools/bin/../lib/gcc/arm-none-eabi/12.3.1/../../../../arm-none-eabi/lib/thumb/v7e-m+fp/hard/libc_nano.a
END GROUP
START GROUP
LOAD /opt/st/stm32cubeide_1.15.1/plugins/com.st.stm32cube.ide.mcu.externaltools.gnu-tools-for-stm32.12.3.rel1.linux64_1.0.100.202403111256/tools/bin/../lib/gcc/arm-none-eabi/12.3.1/thumb/v7e-m+fp/hard/libgcc.a
LOAD /opt/st/stm32cubeide_1.15.1/plugins/com.st.stm32cube.ide.mcu.externaltools.gnu-tools-for-stm32.12.3.rel1.linux64_1.0.100.202403111256/tools/bin/../lib/gcc/arm-none-eabi/12.3.1/../../../../arm-none-eabi/lib/thumb/v7e-m+fp/hard/libc_nano.a
LOAD /opt/st/stm32cubeide_1.15.1/plugins/com.st.stm32cube.ide.mcu.externaltools.gnu-tools-for-stm32.12.3.rel1.linux64_1.0.100.202403111256/tools/bin/../lib/gcc/arm-none-eabi/12.3.1/../../../../arm-none-eabi/lib/thumb/v7e-m+fp/hard/libnosys.a
END GROUP
START GROUP
LOAD /opt/st/stm32cubeide_1.15.1/plugins/com.st.stm32cube.ide.mcu.externaltools.gnu-tools-for-stm32.12.3.rel1.linux64_1.0.100.202403111256/tools/bin/../lib/gcc/arm-none-eabi/12.3.1/thumb/v7e-m+fp/hard/libgcc.a
LOAD /opt/st/stm32cubeide_1.15.1/plugins/com.st.stm32cube.ide.mcu.externaltools.gnu-tools-for-stm32.12.3.rel1.linux64_1.0.100.202403111256/tools/bin/../lib/gcc/arm-none-eabi/12.3.1/../../../../arm-none-eabi/lib/thumb/v7e-m+fp/hard/libc_nano.a
LOAD /opt/st/stm32cubeide_1.15.1/plugins/com.st.stm32cube.ide.mcu.externaltools.gnu-tools-for-stm32.12.3.rel1.linux64_1.0.100.202403111256/tools/bin/../lib/gcc/arm-none-eabi/12.3.1/../../../../arm-none-eabi/lib/thumb/v7e-m+fp/hard/libnosys.a
END GROUP
LOAD /opt/st/stm32cubeide_1.15.1/plugins/com.st.stm32cube.ide.mcu.externaltools.gnu-tools-for-stm32.12.3.rel1.linux64_1.0.100.202403111256/tools/bin/../lib/gcc/arm-none-eabi/12.3.1/thumb/v7e-m+fp/hard/crtend.o
LOAD /opt/st/stm32cubeide_1.15.1/plugins/com.st.stm32cube.ide.mcu.externaltools.gnu-tools-for-stm32.12.3.rel1.linux64_1.0.100.202403111256/tools/bin/../lib/gcc/arm-none-eabi/12.3.1/thumb/v7e-m+fp/hard/crtn.o
                0x20020000                        _estack = (ORIGIN (RAM) + LENGTH (RAM))
                0x00000200                        _Min_Heap_Size = 0x200
                0x00000400                        _Min_Stack_Size = 0x400

.isr_vector     0x08000000      0x198
                0x08000000                        . = ALIGN (0x4)
 *(.isr_vector)
 .isr_vector    0x08000000      0x198 ./Core/Startup/startup_stm32f411vetx.o
                0x08000000                g_pfnVectors
                0x08000198                        . = ALIGN (0x4)

.text           0x08000198     0x1100
                0x08000198                        . = ALIGN (0x4)
 *(.text)
 .text          0x08000198       0x40 /opt/st/stm32cubeide_1.15.1/plugins/com.st.stm32cube.ide.mcu.externaltools.gnu-tools-for-stm32.12.3.rel1.linux64_1.0.100.202403111256/tools/bin/../lib/gcc/arm-none-eabi/12.3.1/thumb/v7e-m+fp/hard/crtbegin.o
 .text          0x080001d8      0x254 /opt/st/stm32cubeide_1.15.1/plugins/com.st.stm32cube.ide.mcu.externaltools.gnu-tools-for-stm32.12.3.rel1.linux64_1.0.100.202403111256/tools/bin/../lib/gcc/arm-none-eabi/12.3.1/thumb/v7e-m+fp/hard/libgcc.a(_arm_muldf3.o)
                0x080001d8                __aeabi_dmul
                0x080001d8                __muldf3
 .text          0x0800042c      0x378 /opt/st/stm32cubeide_1.15.1/plugins/com.st.stm32cube.ide.mcu.externaltools.gnu-tools-for-stm32.12.3.rel1.linux64_1.0.100.202403111256/tools/bin/../lib/gcc/arm-none-eabi/12.3.1/thumb/v7e-m+fp/hard/libgcc.a(_arm_addsubdf3.o)
                0x0800042c                __aeabi_drsub
                0x08000434                __aeabi_dsub
                0x08000434                __subdf3
                0x08000438                __adddf3
                0x08000438                __aeabi_dadd
                0x080006b0                __aeabi_ui2d
                0x080006b0                __floatunsidf
                0x080006d0                __floatsidf
                0x080006d0                __aeabi_i2d
                0x080006f4                __extendsfdf2
                0x080006f4                __aeabi_f2d
                0x08000738                __aeabi_ul2d
                0x08000738                __floatundidf
                0x08000748                __floatdidf
                0x08000748                __aeabi_l2d
 .text          0x080007a4       0x50 /opt/st/stm32cubeide_1.15.1/plugins/com.st.stm32cube.ide.mcu.externaltools.gnu-tools-for-stm32.12.3.rel1.linux64_1.0.100.202403111256/tools/bin/../lib/gcc/arm-none-eabi/12.3.1/thumb/v7e-m+fp/hard/libgcc.a(_arm_fixdfsi.o)
                0x080007a4                __fixdfsi
                0x080007a4                __aeabi_d2iz
 *(.text*)
 .text.clock_config
                0x080007f4       0xd4 ./Core/Src/clock_config.o
                0x080007f4                clock_config
 .text.__NVIC_EnableIRQ
                0x080008c8       0x3c ./Core/Src/interrupt.o
 .text.__NVIC_ClearPendingIRQ
                0x08000904       0x3c ./Core/Src/interrupt.o
 .text.__NVIC_SetPriority
                0x08000940       0x54 ./Core/Src/interrupt.o
 .text.PushButoon_ISR_Config
                0x08000994       0x58 ./Core/Src/interrupt.o
                0x08000994                PushButoon_ISR_Config
 .text.led_init
                0x080009ec       0x7c ./Core/Src/led.o
                0x080009ec                led_init
 .text.bled_on  0x08000a68       0x20 ./Core/Src/led.o
                0x08000a68                bled_on
 .text.bled_off
                0x08000a88       0x20 ./Core/Src/led.o
                0x08000a88                bled_off
 .text.gled_on  0x08000aa8       0x20 ./Core/Src/led.o
                0x08000aa8                gled_on
 .text.gled_off
                0x08000ac8       0x20 ./Core/Src/led.o
                0x08000ac8                gled_off
 .text.EXTI0_IRQHandler
                0x08000ae8       0x34 ./Core/Src/main.o
                0x08000ae8                EXTI0_IRQHandler
 .text.USART2_IRQHandler
                0x08000b1c       0x48 ./Core/Src/main.o
                0x08000b1c                USART2_IRQHandler
 *fill*         0x08000b64        0x4 
 .text.main     0x08000b68      0x244 ./Core/Src/main.o
                0x08000b68                main
 .text.PWM_init
                0x08000dac       0xdc ./Core/Src/pwm.o
                0x08000dac                PWM_init
 .text.pwm_timer_start
                0x08000e88       0x2c ./Core/Src/pwm.o
                0x08000e88                pwm_timer_start
 .text.pwm_timer_stop
                0x08000eb4       0x2c ./Core/Src/pwm.o
                0x08000eb4                pwm_timer_stop
 .text.pwm_timer_execution
                0x08000ee0       0x5c ./Core/Src/pwm.o
                0x08000ee0                pwm_timer_execution
 .text.__NVIC_EnableIRQ
                0x08000f3c       0x3c ./Core/Src/uart.o
 .text.__NVIC_ClearPendingIRQ
                0x08000f78       0x3c ./Core/Src/uart.o
 .text.__NVIC_SetPriority
                0x08000fb4       0x54 ./Core/Src/uart.o
 .text.putchar  0x08001008       0x18 ./Core/Src/uart.o
                0x08001008                putchar
 .text.getchar  0x08001020       0x16 ./Core/Src/uart.o
                0x08001020                getchar
 *fill*         0x08001036        0x2 
 .text._uart_tx_init
                0x08001038      0x108 ./Core/Src/uart.o
                0x08001038                _uart_tx_init
 .text.uart_write
                0x08001140       0x30 ./Core/Src/uart.o
 .text.uart_read
                0x08001170       0x28 ./Core/Src/uart.o
                0x08001170                uart_read
 .text._compute_uart_bd
                0x08001198       0x26 ./Core/Src/uart.o
 *fill*         0x080011be        0x2 
 .text.uart_set_baudrate
                0x080011c0       0x28 ./Core/Src/uart.o
 .text.Reset_Handler
                0x080011e8       0x4c ./Core/Startup/startup_stm32f411vetx.o
                0x080011e8                Reset_Handler
 .text.Default_Handler
                0x08001234        0x2 ./Core/Startup/startup_stm32f411vetx.o
                0x08001234                RTC_Alarm_IRQHandler
                0x08001234                EXTI2_IRQHandler
                0x08001234                DebugMon_Handler
                0x08001234                SPI4_IRQHandler
                0x08001234                TIM1_CC_IRQHandler
                0x08001234                DMA2_Stream5_IRQHandler
                0x08001234                HardFault_Handler
                0x08001234                DMA1_Stream5_IRQHandler
                0x08001234                SysTick_Handler
                0x08001234                PVD_IRQHandler
                0x08001234                SDIO_IRQHandler
                0x08001234                TAMP_STAMP_IRQHandler
                0x08001234                PendSV_Handler
                0x08001234                NMI_Handler
                0x08001234                EXTI3_IRQHandler
                0x08001234                TIM1_UP_TIM10_IRQHandler
                0x08001234                I2C3_ER_IRQHandler
                0x08001234                I2C2_EV_IRQHandler
                0x08001234                DMA1_Stream2_IRQHandler
                0x08001234                FPU_IRQHandler
                0x08001234                UsageFault_Handler
                0x08001234                DMA2_Stream2_IRQHandler
                0x08001234                SPI1_IRQHandler
                0x08001234                TIM1_BRK_TIM9_IRQHandler
                0x08001234                DMA2_Stream3_IRQHandler
                0x08001234                USART6_IRQHandler
                0x08001234                DMA2_Stream0_IRQHandler
                0x08001234                TIM4_IRQHandler
                0x08001234                I2C1_EV_IRQHandler
                0x08001234                DMA1_Stream6_IRQHandler
                0x08001234                DMA1_Stream1_IRQHandler
                0x08001234                TIM3_IRQHandler
                0x08001234                RCC_IRQHandler
                0x08001234                Default_Handler
                0x08001234                EXTI15_10_IRQHandler
                0x08001234                ADC_IRQHandler
                0x08001234                DMA1_Stream7_IRQHandler
                0x08001234                SPI5_IRQHandler
                0x08001234                TIM5_IRQHandler
                0x08001234                DMA2_Stream7_IRQHandler
                0x08001234                I2C3_EV_IRQHandler
                0x08001234                EXTI9_5_IRQHandler
                0x08001234                RTC_WKUP_IRQHandler
                0x08001234                SPI2_IRQHandler
                0x08001234                MemManage_Handler
                0x08001234                DMA1_Stream0_IRQHandler
                0x08001234                SVC_Handler
                0x08001234                EXTI4_IRQHandler
                0x08001234                WWDG_IRQHandler
                0x08001234                TIM2_IRQHandler
                0x08001234                OTG_FS_WKUP_IRQHandler
                0x08001234                TIM1_TRG_COM_TIM11_IRQHandler
                0x08001234                EXTI1_IRQHandler
                0x08001234                I2C2_ER_IRQHandler
                0x08001234                DMA2_Stream1_IRQHandler
                0x08001234                FLASH_IRQHandler
                0x08001234                DMA2_Stream4_IRQHandler
                0x08001234                BusFault_Handler
                0x08001234                USART1_IRQHandler
                0x08001234                OTG_FS_IRQHandler
                0x08001234                SPI3_IRQHandler
                0x08001234                DMA1_Stream4_IRQHandler
                0x08001234                I2C1_ER_IRQHandler
                0x08001234                DMA2_Stream6_IRQHandler
                0x08001234                DMA1_Stream3_IRQHandler
 *fill*         0x08001236        0x2 
 .text.__libc_init_array
                0x08001238       0x48 /opt/st/stm32cubeide_1.15.1/plugins/com.st.stm32cube.ide.mcu.externaltools.gnu-tools-for-stm32.12.3.rel1.linux64_1.0.100.202403111256/tools/bin/../lib/gcc/arm-none-eabi/12.3.1/../../../../arm-none-eabi/lib/thumb/v7e-m+fp/hard/libc_nano.a(libc_a-init.o)
                0x08001238                __libc_init_array
 *(.glue_7)
 .glue_7        0x08001280        0x0 linker stubs
 *(.glue_7t)
 .glue_7t       0x08001280        0x0 linker stubs
 *(.eh_frame)
 .eh_frame      0x08001280        0x0 /opt/st/stm32cubeide_1.15.1/plugins/com.st.stm32cube.ide.mcu.externaltools.gnu-tools-for-stm32.12.3.rel1.linux64_1.0.100.202403111256/tools/bin/../lib/gcc/arm-none-eabi/12.3.1/thumb/v7e-m+fp/hard/crtbegin.o
 *(.init)
 .init          0x08001280        0x4 /opt/st/stm32cubeide_1.15.1/plugins/com.st.stm32cube.ide.mcu.externaltools.gnu-tools-for-stm32.12.3.rel1.linux64_1.0.100.202403111256/tools/bin/../lib/gcc/arm-none-eabi/12.3.1/thumb/v7e-m+fp/hard/crti.o
                0x08001280                _init
 .init          0x08001284        0x8 /opt/st/stm32cubeide_1.15.1/plugins/com.st.stm32cube.ide.mcu.externaltools.gnu-tools-for-stm32.12.3.rel1.linux64_1.0.100.202403111256/tools/bin/../lib/gcc/arm-none-eabi/12.3.1/thumb/v7e-m+fp/hard/crtn.o
 *(.fini)
 .fini          0x0800128c        0x4 /opt/st/stm32cubeide_1.15.1/plugins/com.st.stm32cube.ide.mcu.externaltools.gnu-tools-for-stm32.12.3.rel1.linux64_1.0.100.202403111256/tools/bin/../lib/gcc/arm-none-eabi/12.3.1/thumb/v7e-m+fp/hard/crti.o
                0x0800128c                _fini
 .fini          0x08001290        0x8 /opt/st/stm32cubeide_1.15.1/plugins/com.st.stm32cube.ide.mcu.externaltools.gnu-tools-for-stm32.12.3.rel1.linux64_1.0.100.202403111256/tools/bin/../lib/gcc/arm-none-eabi/12.3.1/thumb/v7e-m+fp/hard/crtn.o
                0x08001298                        . = ALIGN (0x4)
                0x08001298                        _etext = .

.vfp11_veneer   0x08001298        0x0
 .vfp11_veneer  0x08001298        0x0 linker stubs

.v4_bx          0x08001298        0x0
 .v4_bx         0x08001298        0x0 linker stubs

.iplt           0x08001298        0x0
 .iplt          0x08001298        0x0 /opt/st/stm32cubeide_1.15.1/plugins/com.st.stm32cube.ide.mcu.externaltools.gnu-tools-for-stm32.12.3.rel1.linux64_1.0.100.202403111256/tools/bin/../lib/gcc/arm-none-eabi/12.3.1/thumb/v7e-m+fp/hard/crtbegin.o

.rodata         0x08001298        0x0
                0x08001298                        . = ALIGN (0x4)
 *(.rodata)
 *(.rodata*)
                0x08001298                        . = ALIGN (0x4)

.ARM.extab      0x08001298        0x0
                0x08001298                        . = ALIGN (0x4)
 *(.ARM.extab* .gnu.linkonce.armextab.*)
                0x08001298                        . = ALIGN (0x4)

.ARM            0x08001298        0x0
                0x08001298                        . = ALIGN (0x4)
                0x08001298                        __exidx_start = .
 *(.ARM.exidx*)
                0x08001298                        __exidx_end = .
                0x08001298                        . = ALIGN (0x4)

.preinit_array  0x08001298        0x0
                0x08001298                        . = ALIGN (0x4)
                0x08001298                        PROVIDE (__preinit_array_start = .)
 *(.preinit_array*)
                0x08001298                        PROVIDE (__preinit_array_end = .)
                0x08001298                        . = ALIGN (0x4)

.init_array     0x08001298        0x4
                0x08001298                        . = ALIGN (0x4)
                0x08001298                        PROVIDE (__init_array_start = .)
 *(SORT_BY_NAME(.init_array.*))
 *(.init_array*)
 .init_array    0x08001298        0x4 /opt/st/stm32cubeide_1.15.1/plugins/com.st.stm32cube.ide.mcu.externaltools.gnu-tools-for-stm32.12.3.rel1.linux64_1.0.100.202403111256/tools/bin/../lib/gcc/arm-none-eabi/12.3.1/thumb/v7e-m+fp/hard/crtbegin.o
                0x0800129c                        PROVIDE (__init_array_end = .)
                0x0800129c                        . = ALIGN (0x4)

.fini_array     0x0800129c        0x4
                0x0800129c                        . = ALIGN (0x4)
                [!provide]                        PROVIDE (__fini_array_start = .)
 *(SORT_BY_NAME(.fini_array.*))
 *(.fini_array*)
 .fini_array    0x0800129c        0x4 /opt/st/stm32cubeide_1.15.1/plugins/com.st.stm32cube.ide.mcu.externaltools.gnu-tools-for-stm32.12.3.rel1.linux64_1.0.100.202403111256/tools/bin/../lib/gcc/arm-none-eabi/12.3.1/thumb/v7e-m+fp/hard/crtbegin.o
                [!provide]                        PROVIDE (__fini_array_end = .)
                0x080012a0                        . = ALIGN (0x4)
                0x080012a0                        _sidata = LOADADDR (.data)

.rel.dyn        0x080012a0        0x0
 .rel.iplt      0x080012a0        0x0 /opt/st/stm32cubeide_1.15.1/plugins/com.st.stm32cube.ide.mcu.externaltools.gnu-tools-for-stm32.12.3.rel1.linux64_1.0.100.202403111256/tools/bin/../lib/gcc/arm-none-eabi/12.3.1/thumb/v7e-m+fp/hard/crtbegin.o

.data           0x20000000        0x4 load address 0x080012a0
                0x20000000                        . = ALIGN (0x4)
                0x20000000                        _sdata = .
 *(.data)
 *(.data*)
 .data.DUTY_CYCLE
                0x20000000        0x4 ./Core/Src/pwm.o
                0x20000000                DUTY_CYCLE
 *(.RamFunc)
 *(.RamFunc*)
                0x20000004                        . = ALIGN (0x4)
                0x20000004                        _edata = .

.igot.plt       0x20000004        0x0 load address 0x080012a4
 .igot.plt      0x20000004        0x0 /opt/st/stm32cubeide_1.15.1/plugins/com.st.stm32cube.ide.mcu.externaltools.gnu-tools-for-stm32.12.3.rel1.linux64_1.0.100.202403111256/tools/bin/../lib/gcc/arm-none-eabi/12.3.1/thumb/v7e-m+fp/hard/crtbegin.o
                0x20000004                        . = ALIGN (0x4)

.bss            0x20000004       0x28 load address 0x080012a4
                0x20000004                        _sbss = .
                0x20000004                        __bss_start__ = _sbss
 *(.bss)
 .bss           0x20000004       0x1c /opt/st/stm32cubeide_1.15.1/plugins/com.st.stm32cube.ide.mcu.externaltools.gnu-tools-for-stm32.12.3.rel1.linux64_1.0.100.202403111256/tools/bin/../lib/gcc/arm-none-eabi/12.3.1/thumb/v7e-m+fp/hard/crtbegin.o
 *(.bss*)
 .bss.recieved_command
                0x20000020        0x1 ./Core/Src/main.o
                0x20000020                recieved_command
 *fill*         0x20000021        0x3 
 .bss.button_interrupt_flag
                0x20000024        0x4 ./Core/Src/main.o
                0x20000024                button_interrupt_flag
 .bss.usart2_interrupt_flag
                0x20000028        0x4 ./Core/Src/main.o
                0x20000028                usart2_interrupt_flag
 *(COMMON)
                0x2000002c                        . = ALIGN (0x4)
                0x2000002c                        _ebss = .
                0x2000002c                        __bss_end__ = _ebss

._user_heap_stack
                0x2000002c      0x604 load address 0x080012a4
                0x20000030                        . = ALIGN (0x8)
 *fill*         0x2000002c        0x4 
                [!provide]                        PROVIDE (end = .)
                0x20000030                        PROVIDE (_end = .)
                0x20000230                        . = (. + _Min_Heap_Size)
 *fill*         0x20000030      0x200 
                0x20000630                        . = (. + _Min_Stack_Size)
 *fill*         0x20000230      0x400 
                0x20000630                        . = ALIGN (0x8)

/DISCARD/
 libc.a(*)
 libm.a(*)
 libgcc.a(*)

.ARM.attributes
                0x00000000       0x30
 *(.ARM.attributes)
 .ARM.attributes
                0x00000000       0x22 /opt/st/stm32cubeide_1.15.1/plugins/com.st.stm32cube.ide.mcu.externaltools.gnu-tools-for-stm32.12.3.rel1.linux64_1.0.100.202403111256/tools/bin/../lib/gcc/arm-none-eabi/12.3.1/thumb/v7e-m+fp/hard/crti.o
 .ARM.attributes
                0x00000022       0x34 /opt/st/stm32cubeide_1.15.1/plugins/com.st.stm32cube.ide.mcu.externaltools.gnu-tools-for-stm32.12.3.rel1.linux64_1.0.100.202403111256/tools/bin/../lib/gcc/arm-none-eabi/12.3.1/thumb/v7e-m+fp/hard/crtbegin.o
 .ARM.attributes
                0x00000056       0x34 ./Core/Src/clock_config.o
 .ARM.attributes
                0x0000008a       0x34 ./Core/Src/interrupt.o
 .ARM.attributes
                0x000000be       0x34 ./Core/Src/led.o
 .ARM.attributes
                0x000000f2       0x34 ./Core/Src/main.o
 .ARM.attributes
                0x00000126       0x34 ./Core/Src/pwm.o
 .ARM.attributes
                0x0000015a       0x34 ./Core/Src/uart.o
 .ARM.attributes
                0x0000018e       0x21 ./Core/Startup/startup_stm32f411vetx.o
 .ARM.attributes
                0x000001af       0x34 /opt/st/stm32cubeide_1.15.1/plugins/com.st.stm32cube.ide.mcu.externaltools.gnu-tools-for-stm32.12.3.rel1.linux64_1.0.100.202403111256/tools/bin/../lib/gcc/arm-none-eabi/12.3.1/../../../../arm-none-eabi/lib/thumb/v7e-m+fp/hard/libc_nano.a(libc_a-init.o)
 .ARM.attributes
                0x000001e3       0x22 /opt/st/stm32cubeide_1.15.1/plugins/com.st.stm32cube.ide.mcu.externaltools.gnu-tools-for-stm32.12.3.rel1.linux64_1.0.100.202403111256/tools/bin/../lib/gcc/arm-none-eabi/12.3.1/thumb/v7e-m+fp/hard/libgcc.a(_arm_muldf3.o)
 .ARM.attributes
                0x00000205       0x22 /opt/st/stm32cubeide_1.15.1/plugins/com.st.stm32cube.ide.mcu.externaltools.gnu-tools-for-stm32.12.3.rel1.linux64_1.0.100.202403111256/tools/bin/../lib/gcc/arm-none-eabi/12.3.1/thumb/v7e-m+fp/hard/libgcc.a(_arm_addsubdf3.o)
 .ARM.attributes
                0x00000227       0x22 /opt/st/stm32cubeide_1.15.1/plugins/com.st.stm32cube.ide.mcu.externaltools.gnu-tools-for-stm32.12.3.rel1.linux64_1.0.100.202403111256/tools/bin/../lib/gcc/arm-none-eabi/12.3.1/thumb/v7e-m+fp/hard/libgcc.a(_arm_fixdfsi.o)
 .ARM.attributes
                0x00000249       0x22 /opt/st/stm32cubeide_1.15.1/plugins/com.st.stm32cube.ide.mcu.externaltools.gnu-tools-for-stm32.12.3.rel1.linux64_1.0.100.202403111256/tools/bin/../lib/gcc/arm-none-eabi/12.3.1/thumb/v7e-m+fp/hard/crtn.o
OUTPUT(LAB3_PART3.elf elf32-littlearm)
LOAD linker stubs
LOAD /opt/st/stm32cubeide_1.15.1/plugins/com.st.stm32cube.ide.mcu.externaltools.gnu-tools-for-stm32.12.3.rel1.linux64_1.0.100.202403111256/tools/bin/../lib/gcc/arm-none-eabi/12.3.1/../../../../arm-none-eabi/lib/thumb/v7e-m+fp/hard/libc.a
LOAD /opt/st/stm32cubeide_1.15.1/plugins/com.st.stm32cube.ide.mcu.externaltools.gnu-tools-for-stm32.12.3.rel1.linux64_1.0.100.202403111256/tools/bin/../lib/gcc/arm-none-eabi/12.3.1/../../../../arm-none-eabi/lib/thumb/v7e-m+fp/hard/libm.a
LOAD /opt/st/stm32cubeide_1.15.1/plugins/com.st.stm32cube.ide.mcu.externaltools.gnu-tools-for-stm32.12.3.rel1.linux64_1.0.100.202403111256/tools/bin/../lib/gcc/arm-none-eabi/12.3.1/thumb/v7e-m+fp/hard/libgcc.a

.debug_info     0x00000000     0x2242
 .debug_info    0x00000000      0x2e1 ./Core/Src/clock_config.o
 .debug_info    0x000002e1      0x888 ./Core/Src/interrupt.o
 .debug_info    0x00000b69      0x360 ./Core/Src/led.o
 .debug_info    0x00000ec9      0x4fa ./Core/Src/main.o
 .debug_info    0x000013c3      0x461 ./Core/Src/pwm.o
 .debug_info    0x00001824      0x9ee ./Core/Src/uart.o
 .debug_info    0x00002212       0x30 ./Core/Startup/startup_stm32f411vetx.o

.debug_abbrev   0x00000000      0x8c6
 .debug_abbrev  0x00000000       0xea ./Core/Src/clock_config.o
 .debug_abbrev  0x000000ea      0x18f ./Core/Src/interrupt.o
 .debug_abbrev  0x00000279       0xd9 ./Core/Src/led.o
 .debug_abbrev  0x00000352      0x215 ./Core/Src/main.o
 .debug_abbrev  0x00000567      0x10c ./Core/Src/pwm.o
 .debug_abbrev  0x00000673      0x22f ./Core/Src/uart.o
 .debug_abbrev  0x000008a2       0x24 ./Core/Startup/startup_stm32f411vetx.o

.debug_aranges  0x00000000      0x1c0
 .debug_aranges
                0x00000000       0x20 ./Core/Src/clock_config.o
 .debug_aranges
                0x00000020       0x38 ./Core/Src/interrupt.o
 .debug_aranges
                0x00000058       0x50 ./Core/Src/led.o
 .debug_aranges
                0x000000a8       0x50 ./Core/Src/main.o
 .debug_aranges
                0x000000f8       0x38 ./Core/Src/pwm.o
 .debug_aranges
                0x00000130       0x68 ./Core/Src/uart.o
 .debug_aranges
                0x00000198       0x28 ./Core/Startup/startup_stm32f411vetx.o

.debug_rnglists
                0x00000000      0x131
 .debug_rnglists
                0x00000000       0x14 ./Core/Src/clock_config.o
 .debug_rnglists
                0x00000014       0x25 ./Core/Src/interrupt.o
 .debug_rnglists
                0x00000039       0x37 ./Core/Src/led.o
 .debug_rnglists
                0x00000070       0x38 ./Core/Src/main.o
 .debug_rnglists
                0x000000a8       0x26 ./Core/Src/pwm.o
 .debug_rnglists
                0x000000ce       0x4a ./Core/Src/uart.o
 .debug_rnglists
                0x00000118       0x19 ./Core/Startup/startup_stm32f411vetx.o

.debug_macro    0x00000000     0xed48
 .debug_macro   0x00000000       0xea ./Core/Src/clock_config.o
 .debug_macro   0x000000ea      0xab4 ./Core/Src/clock_config.o
 .debug_macro   0x00000b9e       0x2e ./Core/Src/clock_config.o
 .debug_macro   0x00000bcc       0x28 ./Core/Src/clock_config.o
 .debug_macro   0x00000bf4       0x22 ./Core/Src/clock_config.o
 .debug_macro   0x00000c16       0x8e ./Core/Src/clock_config.o
 .debug_macro   0x00000ca4       0x51 ./Core/Src/clock_config.o
 .debug_macro   0x00000cf5      0x103 ./Core/Src/clock_config.o
 .debug_macro   0x00000df8       0x6a ./Core/Src/clock_config.o
 .debug_macro   0x00000e62      0x1df ./Core/Src/clock_config.o
 .debug_macro   0x00001041       0x1c ./Core/Src/clock_config.o
 .debug_macro   0x0000105d       0x22 ./Core/Src/clock_config.o
 .debug_macro   0x0000107f       0xfb ./Core/Src/clock_config.o
 .debug_macro   0x0000117a     0x1011 ./Core/Src/clock_config.o
 .debug_macro   0x0000218b      0x11f ./Core/Src/clock_config.o
 .debug_macro   0x000022aa     0xb953 ./Core/Src/clock_config.o
 .debug_macro   0x0000dbfd       0x6d ./Core/Src/clock_config.o
 .debug_macro   0x0000dc6a      0x101 ./Core/Src/interrupt.o
 .debug_macro   0x0000dd6b      0x119 ./Core/Src/led.o
 .debug_macro   0x0000de84      0x1fd ./Core/Src/main.o
 .debug_macro   0x0000e081       0x16 ./Core/Src/main.o
 .debug_macro   0x0000e097       0x61 ./Core/Src/main.o
 .debug_macro   0x0000e0f8       0x2a ./Core/Src/main.o
 .debug_macro   0x0000e122       0x43 ./Core/Src/main.o
 .debug_macro   0x0000e165       0x34 ./Core/Src/main.o
 .debug_macro   0x0000e199       0x16 ./Core/Src/main.o
 .debug_macro   0x0000e1af       0x9e ./Core/Src/main.o
 .debug_macro   0x0000e24d      0x369 ./Core/Src/main.o
 .debug_macro   0x0000e5b6      0x10b ./Core/Src/main.o
 .debug_macro   0x0000e6c1       0x10 ./Core/Src/main.o
 .debug_macro   0x0000e6d1       0x16 ./Core/Src/main.o
 .debug_macro   0x0000e6e7       0x43 ./Core/Src/main.o
 .debug_macro   0x0000e72a       0x34 ./Core/Src/main.o
 .debug_macro   0x0000e75e       0x10 ./Core/Src/main.o
 .debug_macro   0x0000e76e       0x58 ./Core/Src/main.o
 .debug_macro   0x0000e7c6       0x8e ./Core/Src/main.o
 .debug_macro   0x0000e854       0x1c ./Core/Src/main.o
 .debug_macro   0x0000e870      0x177 ./Core/Src/main.o
 .debug_macro   0x0000e9e7       0x16 ./Core/Src/main.o
 .debug_macro   0x0000e9fd       0x16 ./Core/Src/main.o
 .debug_macro   0x0000ea13      0x146 ./Core/Src/main.o
 .debug_macro   0x0000eb59       0xdd ./Core/Src/pwm.o
 .debug_macro   0x0000ec36       0x10 ./Core/Src/pwm.o
 .debug_macro   0x0000ec46      0x102 ./Core/Src/uart.o

.debug_line     0x00000000     0x22e4
 .debug_line    0x00000000      0x4de ./Core/Src/clock_config.o
 .debug_line    0x000004de      0x515 ./Core/Src/interrupt.o
 .debug_line    0x000009f3      0x520 ./Core/Src/led.o
 .debug_line    0x00000f13      0x7b6 ./Core/Src/main.o
 .debug_line    0x000016c9      0x54a ./Core/Src/pwm.o
 .debug_line    0x00001c13      0x658 ./Core/Src/uart.o
 .debug_line    0x0000226b       0x79 ./Core/Startup/startup_stm32f411vetx.o

.debug_str      0x00000000    0x54036
 .debug_str     0x00000000    0x4fd5a ./Core/Src/clock_config.o
                              0x4fecd (size before relaxing)
 .debug_str     0x0004fd5a      0x52a ./Core/Src/interrupt.o
                              0x503be (size before relaxing)
 .debug_str     0x00050284       0x9c ./Core/Src/led.o
                              0x4ff69 (size before relaxing)
 .debug_str     0x00050320     0x3b86 ./Core/Src/main.o
                              0x53b43 (size before relaxing)
 .debug_str     0x00053ea6       0x76 ./Core/Src/pwm.o
                              0x4ff3b (size before relaxing)
 .debug_str     0x00053f1c       0xd6 ./Core/Src/uart.o
                              0x5042b (size before relaxing)
 .debug_str     0x00053ff2       0x44 ./Core/Startup/startup_stm32f411vetx.o
                                 0x8b (size before relaxing)

.comment        0x00000000       0x43
 .comment       0x00000000       0x43 ./Core/Src/clock_config.o
                                 0x44 (size before relaxing)
 .comment       0x00000043       0x44 ./Core/Src/interrupt.o
 .comment       0x00000043       0x44 ./Core/Src/led.o
 .comment       0x00000043       0x44 ./Core/Src/main.o
 .comment       0x00000043       0x44 ./Core/Src/pwm.o
 .comment       0x00000043       0x44 ./Core/Src/uart.o

.debug_frame    0x00000000      0x5f8
 .debug_frame   0x00000000       0x30 ./Core/Src/clock_config.o
 .debug_frame   0x00000030       0xa4 ./Core/Src/interrupt.o
 .debug_frame   0x000000d4       0xf0 ./Core/Src/led.o
 .debug_frame   0x000001c4       0xf4 ./Core/Src/main.o
 .debug_frame   0x000002b8       0x94 ./Core/Src/pwm.o
 .debug_frame   0x0000034c      0x180 ./Core/Src/uart.o
 .debug_frame   0x000004cc       0x2c /opt/st/stm32cubeide_1.15.1/plugins/com.st.stm32cube.ide.mcu.externaltools.gnu-tools-for-stm32.12.3.rel1.linux64_1.0.100.202403111256/tools/bin/../lib/gcc/arm-none-eabi/12.3.1/../../../../arm-none-eabi/lib/thumb/v7e-m+fp/hard/libc_nano.a(libc_a-init.o)
 .debug_frame   0x000004f8       0x30 /opt/st/stm32cubeide_1.15.1/plugins/com.st.stm32cube.ide.mcu.externaltools.gnu-tools-for-stm32.12.3.rel1.linux64_1.0.100.202403111256/tools/bin/../lib/gcc/arm-none-eabi/12.3.1/thumb/v7e-m+fp/hard/libgcc.a(_arm_muldf3.o)
 .debug_frame   0x00000528       0xac /opt/st/stm32cubeide_1.15.1/plugins/com.st.stm32cube.ide.mcu.externaltools.gnu-tools-for-stm32.12.3.rel1.linux64_1.0.100.202403111256/tools/bin/../lib/gcc/arm-none-eabi/12.3.1/thumb/v7e-m+fp/hard/libgcc.a(_arm_addsubdf3.o)
 .debug_frame   0x000005d4       0x24 /opt/st/stm32cubeide_1.15.1/plugins/com.st.stm32cube.ide.mcu.externaltools.gnu-tools-for-stm32.12.3.rel1.linux64_1.0.100.202403111256/tools/bin/../lib/gcc/arm-none-eabi/12.3.1/thumb/v7e-m+fp/hard/libgcc.a(_arm_fixdfsi.o)

.debug_line_str
                0x00000000       0x6f
 .debug_line_str
                0x00000000       0x6f ./Core/Startup/startup_stm32f411vetx.o
