ASxxxx Linker V03.00 + NoICE + sdld,  page 1.
Hexadecimal  [32-Bits]

Area                                    Addr        Size        Decimal Bytes (Attributes)
--------------------------------        ----        ----        ------- ----- ------------
CABS                                00000000    00000000 =           0. bytes (ABS,CON,CODE)

      Value  Global                              Global Defined In Module
      -----  --------------------------------   ------------------------
C:   00000000  l_BIT_BANK                      
C:   00000000  l_BSEG                          
C:   00000000  l_BSEG_BYTES                    
C:   00000000  l_CABS                          
C:   00000000  l_GSINIT1                       
C:   00000000  l_GSINIT5                       
C:   00000000  l_IABS                          
C:   00000000  l_PSEG                          
C:   00000000  l_REG_BANK_1                    
C:   00000000  l_REG_BANK_2                    
C:   00000000  l_REG_BANK_3                    
C:   00000000  l_RSEG                          
C:   00000000  l_RSEG0                         
C:   00000000  l_RSEG1                         
C:   00000000  l_XABS                          
C:   00000000  l__CODE                         
C:   00000000  s_BSEG                          
C:   00000000  s_CABS                          
C:   00000000  s_DSEG                          
C:   00000000  s_IABS                          
C:   00000000  s_REG_BANK_0                    
C:   00000000  s_RSEG                          
C:   00000000  s_RSEG0                         
C:   00000000  s_RSEG1                         
C:   00000000  s_XABS                          
C:   00000002  l_ISEG                          
C:   00000003  l_GSFINAL                       
C:   00000003  l_GSINIT0                       
C:   00000005  l_OSEG                          
C:   00000006  l_GSINIT                        
C:   00000006  l_HOME                          
C:   00000008  l_REG_BANK_0                    
C:   00000008  s_REG_BANK_1                    
C:   0000000A  l_GSINIT2                       
C:   0000000D  l_XINIT                         
C:   0000000D  l_XISEG                         
C:   00000010  s_REG_BANK_2                    
C:   00000018  s_BIT_BANK                      
C:   00000018  s_REG_BANK_3                    
C:   00000020  s_BSEG_BYTES                    
C:   00000020  s__CODE                         
C:   00000022  l_GSINIT3                       
C:   00000029  s_OSEG                          
C:   0000002A  l_GSINIT4                       
C:   0000002E  s_ISEG                          
C:   00000030  s_SSEG                          
C:   00000080  l_DSEG                          
C:   000000D0  l_SSEG                          
C:   00000100  l_IRAM                          
C:   00000400  s_PSEG                          
ASxxxx Linker V03.00 + NoICE + sdld,  page 2.
Hexadecimal  [32-Bits]

Area                                    Addr        Size        Decimal Bytes (Attributes)
--------------------------------        ----        ----        ------- ----- ------------
CABS                                00000000    00000000 =           0. bytes (ABS,CON,CODE)

      Value  Global                              Global Defined In Module
      -----  --------------------------------   ------------------------
C:   00000400  s_XSEG                          
C:   00000D62  l_CONST                         
C:   000018D7  l_XSEG                          
C:   00001CD7  s_XISEG                         
C:   00002587  l_CSEG                          
C:   00003000  s_HOME                          
C:   00003006  s_GSINIT0                       
C:   00003009  s_GSINIT1                       
C:   00003009  s_GSINIT2                       
C:   00003013  s_GSINIT3                       
C:   00003035  s_GSINIT4                       
C:   0000305F  s_GSINIT                        
C:   0000305F  s_GSINIT5                       
C:   00003065  s_GSFINAL                       
C:   00003068  s_CSEG                          
C:   000055EF  s_CONST                         
C:   00006351  s_XINIT                         

ASxxxx Linker V03.00 + NoICE + sdld,  page 3.
Hexadecimal  [32-Bits]

Area                                    Addr        Size        Decimal Bytes (Attributes)
--------------------------------        ----        ----        ------- ----- ------------
.  .ABS.                            00000000    00000000 =           0. bytes (ABS,CON)

      Value  Global                              Global Defined In Module
      -----  --------------------------------   ------------------------
     00000000  .__.ABS.                           _bp
     00000080  _P0                                syntax
     00000080  _P0_0                              syntax
     00000081  _P0_1                              syntax
     00000081  _SP                                syntax
     00000082  _DPL                               syntax
     00000082  _P0_2                              syntax
     00000083  _DPH                               syntax
     00000083  _P0_3                              syntax
     00000084  _P0_4                              syntax
     00000085  _P0_5                              syntax
     00000086  _P0_6                              syntax
     00000087  _P0_7                              syntax
     00000087  _PCON                              syntax
     00000088  _IT0                               syntax
     00000088  _TCON                              syntax
     00000089  _IE0                               syntax
     00000089  _TMOD                              syntax
     0000008A  _IT1                               syntax
     0000008A  _TL0                               syntax
     0000008B  _IE1                               syntax
     0000008B  _TL1                               syntax
     0000008C  _TH0                               syntax
     0000008C  _TR0                               syntax
     0000008D  _TF0                               syntax
     0000008D  _TH1                               syntax
     0000008E  _AUXR                              syntax
     0000008E  _TR1                               syntax
     0000008F  _CKCON0                            syntax
     0000008F  _TF1                               syntax
     00000090  _P1                                syntax
     00000090  _P1_0                              syntax
     00000091  _P1_1                              syntax
     00000092  _P1_2                              syntax
     00000093  _P1_3                              syntax
     00000094  _P1_4                              syntax
     00000095  _P1_5                              syntax
     00000096  _P1_6                              syntax
     00000097  _CKRL                              syntax
     00000097  _P1_7                              syntax
     00000098  _RI                                syntax
     00000098  _SCON                              syntax
     00000099  _SBUF                              syntax
     00000099  _TI                                syntax
     0000009A  _BRL                               syntax
     0000009A  _RB8                               syntax
     0000009B  _BDRCON                            syntax
     0000009B  _TB8                               syntax
     0000009C  _KBLS                              syntax
     0000009C  _REN                               syntax
ASxxxx Linker V03.00 + NoICE + sdld,  page 4.
Hexadecimal  [32-Bits]

Area                                    Addr        Size        Decimal Bytes (Attributes)
--------------------------------        ----        ----        ------- ----- ------------
.  .ABS.                            00000000    00000000 =           0. bytes (ABS,CON)

      Value  Global                              Global Defined In Module
      -----  --------------------------------   ------------------------
     0000009D  _KBE                               syntax
     0000009D  _SM2                               syntax
     0000009E  _KBF                               syntax
     0000009E  _SM1                               syntax
     0000009F  _SM0                               syntax
     000000A0  _P2                                syntax
     000000A0  _P2_0                              syntax
     000000A0  __XPAGE                            
     000000A1  _P2_1                              syntax
     000000A2  _AUXR1                             syntax
     000000A2  _P2_2                              syntax
     000000A3  _P2_3                              syntax
     000000A4  _P2_4                              syntax
     000000A5  _P2_5                              syntax
     000000A6  _P2_6                              syntax
     000000A6  _WDTRST                            syntax
     000000A7  _P2_7                              syntax
     000000A7  _WDTPRG                            syntax
     000000A8  _EX0                               syntax
     000000A8  _IE                                syntax
     000000A8  _IEN0                              syntax
     000000A9  _ET0                               syntax
     000000A9  _SADDR                             syntax
     000000AA  _EX1                               syntax
     000000AB  _ET1                               syntax
     000000AC  _ES                                syntax
     000000AD  _ET2                               syntax
     000000AE  _EC                                syntax
     000000AF  _CKCON1                            syntax
     000000AF  _EA                                syntax
     000000B0  _P3                                syntax
     000000B0  _P3_0                              syntax
     000000B0  _RXD                               syntax
     000000B1  _IEN1                              syntax
     000000B1  _P3_1                              syntax
     000000B1  _TXD                               syntax
     000000B2  _INT0                              syntax
     000000B2  _IPL1                              syntax
     000000B2  _P3_2                              syntax
     000000B3  _INT1                              syntax
     000000B3  _IPH1                              syntax
     000000B3  _P3_3                              syntax
     000000B4  _P3_4                              syntax
     000000B4  _T0                                syntax
     000000B5  _P3_5                              syntax
     000000B5  _T1                                syntax
     000000B6  _P3_6                              syntax
     000000B6  _WR                                syntax
     000000B7  _IPH0                              syntax
     000000B7  _P3_7                              syntax
     000000B7  _RD                                syntax
ASxxxx Linker V03.00 + NoICE + sdld,  page 5.
Hexadecimal  [32-Bits]

Area                                    Addr        Size        Decimal Bytes (Attributes)
--------------------------------        ----        ----        ------- ----- ------------
.  .ABS.                            00000000    00000000 =           0. bytes (ABS,CON)

      Value  Global                              Global Defined In Module
      -----  --------------------------------   ------------------------
     000000B8  _IP                                syntax
     000000B8  _IPL0                              syntax
     000000B8  _PX0                               syntax
     000000B8  _PX0L                              syntax
     000000B9  _PT0                               syntax
     000000B9  _PT0L                              syntax
     000000B9  _SADEN                             syntax
     000000BA  _PX1                               syntax
     000000BA  _PX1L                              syntax
     000000BB  _PT1                               syntax
     000000BB  _PT1L                              syntax
     000000BC  _PS                                syntax
     000000BC  _PSL                               syntax
     000000BD  _PT2                               syntax
     000000BD  _PT2L                              syntax
     000000BE  _PPCL                              syntax
     000000C0  _P4                                syntax
     000000C0  _P4_0                              syntax
     000000C1  _P4_1                              syntax
     000000C2  _P4_2                              syntax
     000000C3  _P4_3                              syntax
     000000C3  _SPCON                             syntax
     000000C4  _P4_4                              syntax
     000000C4  _SPSTA                             syntax
     000000C5  _P4_5                              syntax
     000000C5  _SPDAT                             syntax
     000000C6  _P4_6                              syntax
     000000C7  _P4_7                              syntax
     000000C8  _CP_RL2                            syntax
     000000C8  _T2CON                             syntax
     000000C8  _T2CON_0                           syntax
     000000C9  _C_T2                              syntax
     000000C9  _T2CON_1                           syntax
     000000C9  _T2MOD                             syntax
     000000CA  _RCAP2L                            syntax
     000000CA  _T2CON_2                           syntax
     000000CA  _TR2                               syntax
     000000CB  _EXEN2                             syntax
     000000CB  _RCAP2H                            syntax
     000000CB  _T2CON_3                           syntax
     000000CC  _T2CON_4                           syntax
     000000CC  _TCLK                              syntax
     000000CC  _TL2                               syntax
     000000CD  _RCLK                              syntax
     000000CD  _T2CON_5                           syntax
     000000CD  _TH2                               syntax
     000000CE  _EXF2                              syntax
     000000CE  _T2CON_6                           syntax
     000000CF  _T2CON_7                           syntax
     000000CF  _TF2                               syntax
     000000D0  _P                                 syntax
ASxxxx Linker V03.00 + NoICE + sdld,  page 6.
Hexadecimal  [32-Bits]

Area                                    Addr        Size        Decimal Bytes (Attributes)
--------------------------------        ----        ----        ------- ----- ------------
.  .ABS.                            00000000    00000000 =           0. bytes (ABS,CON)

      Value  Global                              Global Defined In Module
      -----  --------------------------------   ------------------------
     000000D0  _PSW                               syntax
     000000D1  _F1                                syntax
     000000D2  _EECON                             syntax
     000000D2  _OV                                syntax
     000000D3  _RS0                               syntax
     000000D4  _RS1                               syntax
     000000D5  _F0                                syntax
     000000D6  _AC                                syntax
     000000D7  _CY                                syntax
     000000D8  _CCF0                              syntax
     000000D8  _CCON                              syntax
     000000D9  _CCF1                              syntax
     000000D9  _CMOD                              syntax
     000000DA  _CCAPM0                            syntax
     000000DA  _CCF2                              syntax
     000000DB  _CCAPM1                            syntax
     000000DB  _CCF3                              syntax
     000000DC  _CCAPM2                            syntax
     000000DC  _CCF4                              syntax
     000000DD  _CCAPM3                            syntax
     000000DE  _CCAPM4                            syntax
     000000DE  _CR                                syntax
     000000DF  _CF                                syntax
     000000E0  _ACC                               syntax
     000000E8  _P5                                syntax
     000000E8  _P5_0                              syntax
     000000E9  _CL                                syntax
     000000E9  _P5_1                              syntax
     000000EA  _CCAP0L                            syntax
     000000EA  _P5_2                              syntax
     000000EB  _CCAP1L                            syntax
     000000EB  _P5_3                              syntax
     000000EC  _CCAP2L                            syntax
     000000EC  _P5_4                              syntax
     000000ED  _CCAP3L                            syntax
     000000ED  _P5_5                              syntax
     000000EE  _CCAP4L                            syntax
     000000EE  _P5_6                              syntax
     000000EF  _P5_7                              syntax
     000000F0  _B                                 syntax
     000000F5  _B_5                               _gptrget
     000000F6  _B_6                               _gptrget
     000000F7  _B_7                               _gptrget
     000000F9  _CH                                syntax
     000000FA  _CCAP0H                            syntax
     000000FB  _CCAP1H                            syntax
     000000FC  _CCAP2H                            syntax
     000000FD  _CCAP3H                            syntax
     000000FE  _CCAP4H                            syntax
ASxxxx Linker V03.00 + NoICE + sdld,  page 7.
Hexadecimal  [32-Bits]

Area                                    Addr        Size        Decimal Bytes (Attributes)
--------------------------------        ----        ----        ------- ----- ------------
REG_BANK_0                          00000000    00000008 =           8. bytes (REL,OVR)

      Value  Global                              Global Defined In Module
      -----  --------------------------------   ------------------------
ASxxxx Linker V03.00 + NoICE + sdld,  page 8.
Hexadecimal  [32-Bits]

Area                                    Addr        Size        Decimal Bytes (Attributes)
--------------------------------        ----        ----        ------- ----- ------------
DSEG                                00000000    00000080 =         128. bytes (REL,CON)

      Value  Global                              Global Defined In Module
      -----  --------------------------------   ------------------------
     00000028  _bp                                _bp

ASxxxx Linker V03.00 + NoICE + sdld,  page 9.
Hexadecimal  [32-Bits]

Area                                    Addr        Size        Decimal Bytes (Attributes)
--------------------------------        ----        ----        ------- ----- ------------
OSEG                                00000029    00000005 =           5. bytes (REL,OVR)

      Value  Global                              Global Defined In Module
      -----  --------------------------------   ------------------------
ASxxxx Linker V03.00 + NoICE + sdld,  page 10.
Hexadecimal  [32-Bits]

Area                                    Addr        Size        Decimal Bytes (Attributes)
--------------------------------        ----        ----        ------- ----- ------------
ISEG                                0000002E    00000002 =           2. bytes (REL,CON)

      Value  Global                              Global Defined In Module
      -----  --------------------------------   ------------------------
     0000002E  _temp_buffer_size                  syntax

ASxxxx Linker V03.00 + NoICE + sdld,  page 11.
Hexadecimal  [32-Bits]

Area                                    Addr        Size        Decimal Bytes (Attributes)
--------------------------------        ----        ----        ------- ----- ------------
SSEG                                00000030    000000D0 =         208. bytes (REL,OVR)

      Value  Global                              Global Defined In Module
      -----  --------------------------------   ------------------------
     00000030  __start__stack                     syntax

ASxxxx Linker V03.00 + NoICE + sdld,  page 12.
Hexadecimal  [32-Bits]

Area                                    Addr        Size        Decimal Bytes (Attributes)
--------------------------------        ----        ----        ------- ----- ------------
XSEG                                00000400    000018D7 =        6359. bytes (REL,CON,XDATA)

      Value  Global                              Global Defined In Module
      -----  --------------------------------   ------------------------
D:   00000400  _dataout_PARM_2                    syntax
D:   00000403  _array_for_nodes                   syntax
D:   0000065D  _get_buf_value_PARM_2              syntax
D:   0000065F  _get_buf_value_PARM_3              syntax
D:   0000068D  ___sdcc_heap                       _heap
D:   00001C76  ___memcpy_PARM_2                   __memcpy
D:   00001C79  ___memcpy_PARM_3                   __memcpy
D:   00001C7E  _memset_PARM_2                     _memset
D:   00001C7F  _memset_PARM_3                     _memset
D:   00001C81  __gptrput_PARM_2                   _gptrput
D:   00001C82  ___sdcc_heap_free                  malloc
D:   00001C8A  __mulint_PARM_2                    _mulint
D:   00001C8C  __modsint_PARM_2                   _modsint
D:   00001C90  __moduint_PARM_2                   _moduint
D:   00001C95  __divsint_PARM_2                   _divsint
D:   00001C99  __divuint_PARM_2                   _divuint
D:   00001CA0  _vprintf_PARM_2                    vprintf
D:   00001CB5  __print_format_PARM_2              printf_large
D:   00001CB8  __print_format_PARM_3              printf_large
D:   00001CBB  __print_format_PARM_4              printf_large

ASxxxx Linker V03.00 + NoICE + sdld,  page 13.
Hexadecimal  [32-Bits]

Area                                    Addr        Size        Decimal Bytes (Attributes)
--------------------------------        ----        ----        ------- ----- ------------
XISEG                               00001CD7    0000000D =          13. bytes (REL,CON,XDATA)

      Value  Global                              Global Defined In Module
      -----  --------------------------------   ------------------------
D:   00001CD8  _total_number_of_commands          syntax
D:   00001CD9  _total_number_of_storage           syntax
D:   00001CDA  _recent_commands                   syntax
D:   00001CDB  _recent_storage                    syntax
D:   00001CDC  _recived_bytes                     syntax
D:   00001CDD  _wr                                syntax
D:   00001CE0  _pointer1                          syntax
D:   00001CE2  _pointer2                          syntax

ASxxxx Linker V03.00 + NoICE + sdld,  page 14.
Hexadecimal  [32-Bits]

Area                                    Addr        Size        Decimal Bytes (Attributes)
--------------------------------        ----        ----        ------- ----- ------------
HOME                                00003000    00000006 =           6. bytes (REL,CON,CODE)

      Value  Global                              Global Defined In Module
      -----  --------------------------------   ------------------------
C:   00003003  __sdcc_program_startup             syntax

ASxxxx Linker V03.00 + NoICE + sdld,  page 15.
Hexadecimal  [32-Bits]

Area                                    Addr        Size        Decimal Bytes (Attributes)
--------------------------------        ----        ----        ------- ----- ------------
GSINIT0                             00003006    00000003 =           3. bytes (REL,CON,CODE)

      Value  Global                              Global Defined In Module
      -----  --------------------------------   ------------------------
C:   00003006  __sdcc_gsinit_startup              

ASxxxx Linker V03.00 + NoICE + sdld,  page 16.
Hexadecimal  [32-Bits]

Area                                    Addr        Size        Decimal Bytes (Attributes)
--------------------------------        ----        ----        ------- ----- ------------
GSINIT2                             00003009    0000000A =          10. bytes (REL,CON,CODE)

      Value  Global                              Global Defined In Module
      -----  --------------------------------   ------------------------
ASxxxx Linker V03.00 + NoICE + sdld,  page 17.
Hexadecimal  [32-Bits]

Area                                    Addr        Size        Decimal Bytes (Attributes)
--------------------------------        ----        ----        ------- ----- ------------
GSINIT3                             00003013    00000022 =          34. bytes (REL,CON,CODE)

      Value  Global                              Global Defined In Module
      -----  --------------------------------   ------------------------
C:   00003013  __mcs51_genXINIT                   

ASxxxx Linker V03.00 + NoICE + sdld,  page 18.
Hexadecimal  [32-Bits]

Area                                    Addr        Size        Decimal Bytes (Attributes)
--------------------------------        ----        ----        ------- ----- ------------
GSINIT4                             00003035    0000002A =          42. bytes (REL,CON,CODE)

      Value  Global                              Global Defined In Module
      -----  --------------------------------   ------------------------
C:   00003035  __mcs51_genRAMCLEAR                
C:   0000303B  __mcs51_genXRAMCLEAR               

ASxxxx Linker V03.00 + NoICE + sdld,  page 19.
Hexadecimal  [32-Bits]

Area                                    Addr        Size        Decimal Bytes (Attributes)
--------------------------------        ----        ----        ------- ----- ------------
GSINIT                              0000305F    00000006 =           6. bytes (REL,CON,CODE)

      Value  Global                              Global Defined In Module
      -----  --------------------------------   ------------------------
ASxxxx Linker V03.00 + NoICE + sdld,  page 20.
Hexadecimal  [32-Bits]

Area                                    Addr        Size        Decimal Bytes (Attributes)
--------------------------------        ----        ----        ------- ----- ------------
GSFINAL                             00003065    00000003 =           3. bytes (REL,CON,CODE)

      Value  Global                              Global Defined In Module
      -----  --------------------------------   ------------------------
ASxxxx Linker V03.00 + NoICE + sdld,  page 21.
Hexadecimal  [32-Bits]

Area                                    Addr        Size        Decimal Bytes (Attributes)
--------------------------------        ----        ----        ------- ----- ------------
CSEG                                00003068    00002587 =        9607. bytes (REL,CON,CODE)

      Value  Global                              Global Defined In Module
      -----  --------------------------------   ------------------------
C:   00003068  _dataout                           syntax
C:   00003085  _init_uart                         syntax
C:   00003091  _putchar                           syntax
C:   000030AE  _getchar                           syntax
C:   000030C3  _get_buf_value                     syntax
C:   00003373  _print_prompt                      syntax
C:   000033CD  _get_number                        syntax
C:   0000351E  _get_command                       syntax
C:   00003D94  _buffer0_dump                      syntax
C:   00003FC2  _main                              syntax
C:   00004579  _free                              free
C:   000046D0  ___memcpy                          __memcpy
C:   00004744  _memset                            _memset
C:   0000476C  __gptrput                          _gptrput
C:   00004787  ___sdcc_heap_init                  malloc
C:   000047C3  _malloc                            malloc
C:   0000492C  __mulint                           _mulint
C:   0000494C  __modsint                          _modsint
C:   000049B4  __moduint                          _moduint
C:   00004A60  __divsint                          _divsint
C:   00004AD2  __divuint                          _divuint
C:   00004B6E  _vprintf                           vprintf
C:   00004BAD  _printf                            vprintf
C:   00004CB6  __print_format                     printf_large
C:   000055B7  _strlen                            _strlen
C:   000055CF  __gptrget                          _gptrget
C:   000055EB  __sdcc_external_startup            _startup
ASxxxx Linker V03.00 + NoICE + sdld,  page 22.
Hexadecimal  [32-Bits]

Area                                    Addr        Size        Decimal Bytes (Attributes)
--------------------------------        ----        ----        ------- ----- ------------
CONST                               000055EF    00000D62 =        3426. bytes (REL,CON,CODE)

      Value  Global                              Global Defined In Module
      -----  --------------------------------   ------------------------
C:   00006344  ___sdcc_heap_size                  _heap

ASxxxx Linker V03.00 + NoICE + sdld,  page 23.
Hexadecimal  [32-Bits]

Area                                    Addr        Size        Decimal Bytes (Attributes)
--------------------------------        ----        ----        ------- ----- ------------
XINIT                               00006351    0000000D =          13. bytes (REL,CON,CODE)

      Value  Global                              Global Defined In Module
      -----  --------------------------------   ------------------------
ASxxxx Linker V03.00 + NoICE + sdld,  page 24.

Files Linked                              [ module(s) ]

syntax.rel                                [  ]
_heap.rel                                 [  ]


Libraries Linked                          [ object file ]

/usr/bin/../share/sdcc/lib/large/libsdcc.lib
                                          [ free.rel ]
/usr/bin/../share/sdcc/lib/large/mcs51.lib
                                          [ crtclear.rel ]
/usr/bin/../share/sdcc/lib/large/libsdcc.lib
                                          [ __memcpy.rel ]
/usr/bin/../share/sdcc/lib/large/libsdcc.lib
                                          [ _memset.rel ]
/usr/bin/../share/sdcc/lib/large/mcs51.lib
                                          [ crtxinit.rel ]
/usr/bin/../share/sdcc/lib/large/libsdcc.lib
                                          [ _gptrput.rel ]
/usr/bin/../share/sdcc/lib/large/libsdcc.lib
                                          [ malloc.rel ]
/usr/bin/../share/sdcc/lib/large/libint.lib
                                          [ _mulint.rel ]
/usr/bin/../share/sdcc/lib/large/libint.lib
                                          [ _modsint.rel ]
/usr/bin/../share/sdcc/lib/large/libint.lib
                                          [ _moduint.rel ]
/usr/bin/../share/sdcc/lib/large/mcs51.lib
                                          [ crtxclear.rel ]
/usr/bin/../share/sdcc/lib/large/libint.lib
                                          [ _divsint.rel ]
/usr/bin/../share/sdcc/lib/large/libint.lib
                                          [ _divuint.rel ]
/usr/bin/../share/sdcc/lib/large/libsdcc.lib
                                          [ vprintf.rel ]
/usr/bin/../share/sdcc/lib/large/libsdcc.lib
                                          [ printf_large.rel ]
/usr/bin/../share/sdcc/lib/large/mcs51.lib
                                          [ crtpagesfr.rel ]
/usr/bin/../share/sdcc/lib/large/libsdcc.lib
                                          [ _strlen.rel ]
/usr/bin/../share/sdcc/lib/large/mcs51.lib
                                          [ crtstart.rel ]
/usr/bin/../share/sdcc/lib/large/libsdcc.lib
                                          [ _gptrget.rel ]
/usr/bin/../share/sdcc/lib/large/libsdcc.lib
                                          [ _startup.rel ]
/usr/bin/../share/sdcc/lib/large/libsdcc.lib
                                          [ _bp.rel ]

ASxxxx Linker V03.00 + NoICE + sdld,  page 25.

User Base Address Definitions

HOME = 0x3000
XSEG = 0x0400
PSEG = 0x0400
ISEG = 0x0000
BSEG = 0x0000

